MPLINK 4.46, Linker
Linker Map File - Created Fri Jun 26 19:50:04 2015

                                 Section Info
                  Section       Type    Address   Location Size(Bytes)
                ---------  ---------  ---------  ---------  ---------
               _entry_scn       code   0x000000    program   0x000006
       .code__user_putc.o       code   0x000006    program   0x000002
    HIGH_INTERRUPT_VECTOR       code   0x000008    program   0x000006
           .code___init.o       code   0x00000e    program   0x000002
         .idata_uopen.o_i    romdata   0x000010    program   0x000000
         .romdata_uopen.o    romdata   0x000010    program   0x000000
        .idata_uwrite.o_i    romdata   0x000010    program   0x000000
        .romdata_uwrite.o    romdata   0x000010    program   0x000000
         .idata_udefs.o_i    romdata   0x000010    program   0x000000
         .romdata_udefs.o    romdata   0x000010    program   0x000000
            .code_udefs.o       code   0x000010    program   0x000000
        .idata___init.o_i    romdata   0x000010    program   0x000000
        .romdata___init.o    romdata   0x000010    program   0x000000
       .idata_sprintf.o_i    romdata   0x000010    program   0x000000
       .romdata_sprintf.o    romdata   0x000010    program   0x000000
      .idata_vfprintf.o_i    romdata   0x000010    program   0x000000
      .idata_fxd3232u.o_i    romdata   0x000010    program   0x000000
      .romdata_fxd3232u.o    romdata   0x000010    program   0x000000
       .idata_fxm3232.o_i    romdata   0x000010    program   0x000000
       .romdata_fxm3232.o    romdata   0x000010    program   0x000000
          .idata_putc.o_i    romdata   0x000010    program   0x000000
          .romdata_putc.o    romdata   0x000010    program   0x000000
    .idata__user_putc.o_i    romdata   0x000010    program   0x000000
    .romdata__user_putc.o    romdata   0x000010    program   0x000000
         .idata_c018i.o_i    romdata   0x000010    program   0x000000
         .romdata_c018i.o    romdata   0x000010    program   0x000000
            .code_c018i.o       code   0x000010    program   0x000000
          .romdata_main.o    romdata   0x000010    program   0x000000
     LOW_INTERRUPT_VECTOR       code   0x000018    program   0x000006
                   .cinit    romdata   0x00001e    program   0x00000e
         .code_vfprintf.o       code   0x00002c    program   0x000c22
             .code_main.o       code   0x000c4e    program   0x00071c
                     PROG       code   0x00136a    program   0x00037a
          .code_sprintf.o       code   0x0016e4    program   0x0000ac
               _cinit_scn       code   0x001790    program   0x00009e
            .code_uopen.o       code   0x00182e    program   0x00008a
             .code_putc.o       code   0x0018b8    program   0x000084
          .code_fxm3232.o       code   0x00193c    program   0x000070
                   STRING       code   0x0019ac    program   0x000066
         .code_fxd3232u.o       code   0x001a12    program   0x000048
             D10KTCYXCODE       code   0x001a5a    program   0x00002e
           .code_uwrite.o       code   0x001a88    program   0x00002e
                    CTYPE       code   0x001ab6    program   0x000024
                    .code       code   0x001ada    program   0x000020
             _startup_scn       code   0x001afa    program   0x00001c
                    STDIO       code   0x001b16    program   0x00001c
             .stringtable    romdata   0x001b32    program   0x00001a
      .romdata_vfprintf.o    romdata   0x001b4c    program   0x000011
          .idata_main.o_i    romdata   0x001b5d    program   0x00000b
    .config_300000_main.o    romdata   0x300000    program   0x000001
    .config_300001_main.o    romdata   0x300001    program   0x000001
    .config_300002_main.o    romdata   0x300002    program   0x000001
    .config_300003_main.o    romdata   0x300003    program   0x000001
    .config_300005_main.o    romdata   0x300005    program   0x000001
    .config_300006_main.o    romdata   0x300006    program   0x000001
    .config_300008_main.o    romdata   0x300008    program   0x000001
    .config_300009_main.o    romdata   0x300009    program   0x000001
    .config_30000a_main.o    romdata   0x30000a    program   0x000001
    .config_30000b_main.o    romdata   0x30000b    program   0x000001
    .config_30000c_main.o    romdata   0x30000c    program   0x000001
    .config_30000d_main.o    romdata   0x30000d    program   0x000001
                MATH_DATA      udata   0x000000       data   0x000014
                 .tmpdata      udata   0x000014       data   0x000007
   lowPriorityISRCode_tmp      udata   0x00001b       data   0x000004
  highPriorityISRCode_tmp      udata   0x00001f       data   0x000001
                DELAYDAT2      udata   0x000020       data   0x000001
                DELAYDAT1      udata   0x000021       data   0x000001
            .udata_main.o      udata   0x000100       data   0x0000c8
            .idata_main.o      idata   0x0001c8       data   0x00000b
           .udata_c018i.o      udata   0x0001d3       data   0x00000a
           .udata_udefs.o      udata   0x0001dd       data   0x000001
      .idata__user_putc.o      idata   0x0001de       data   0x000000
      .udata__user_putc.o      udata   0x0001de       data   0x000000
            .idata_putc.o      idata   0x0001de       data   0x000000
            .udata_putc.o      udata   0x0001de       data   0x000000
         .idata_fxm3232.o      idata   0x0001de       data   0x000000
         .udata_fxm3232.o      udata   0x0001de       data   0x000000
        .idata_fxd3232u.o      idata   0x0001de       data   0x000000
        .udata_fxd3232u.o      udata   0x0001de       data   0x000000
        .idata_vfprintf.o      idata   0x0001de       data   0x000000
        .udata_vfprintf.o      udata   0x0001de       data   0x000000
         .idata_sprintf.o      idata   0x0001de       data   0x000000
         .udata_sprintf.o      udata   0x0001de       data   0x000000
          .idata___init.o      idata   0x0001de       data   0x000000
          .udata___init.o      udata   0x0001de       data   0x000000
           .idata_udefs.o      idata   0x0001de       data   0x000000
          .idata_uwrite.o      idata   0x0001de       data   0x000000
          .udata_uwrite.o      udata   0x0001de       data   0x000000
           .idata_uopen.o      idata   0x0001de       data   0x000000
           .udata_uopen.o      udata   0x0001de       data   0x000000
           .idata_c018i.o      idata   0x0001de       data   0x000000
                   .stack      udata   0x000300       data   0x000100
            SFR_UNBANKED0      udata   0x000f66       data   0x00009a



                              Program Memory Usage 
                               Start         End      
                           ---------   ---------      
                            0x000000    0x00000f      
                            0x000018    0x001b67      
                            0x300000    0x300003      
                            0x300005    0x300006      
                            0x300008    0x30000d      
            7020 out of 24856 program addresses used, program memory utilization is 28%



                              Symbols - Sorted by Name
                     Name    Address   Location    Storage File                     
                ---------  ---------  ---------  --------- ---------                
                   D10K_1   0x001a66    program     static E:\3.45\pic18-lt\cxx-framework\src\traditional\delays\d10ktcyx.asm
                    D10Kl   0x001a72    program     static E:\3.45\pic18-lt\cxx-framework\src\traditional\delays\d10ktcyx.asm
                    D10Kx   0x001a64    program     static E:\3.45\pic18-lt\cxx-framework\src\traditional\delays\d10ktcyx.asm
             Delay10KTCYx   0x001a5a    program     extern E:\3.45\pic18-lt\cxx-framework\src\traditional\delays\d10ktcyx.asm
                 FLO1632S   0x00136e    program     extern E:\3.45\pic18-lt\cxx-framework\src\traditional\math\cast16FP.asm
                 FLO1632U   0x00136a    program     extern E:\3.45\pic18-lt\cxx-framework\src\traditional\math\cast16FP.asm
                    FPA32   0x001396    program     extern E:\3.45\pic18-lt\cxx-framework\src\traditional\math\addFP.asm
                    FPS32   0x001394    program     extern E:\3.45\pic18-lt\cxx-framework\src\traditional\math\addFP.asm
                 FXD3232U   0x001a12    program     extern E:\3.45\pic18-lt\cxx-framework\src\traditional\math\fxd3232u.c
                 FXM1616S   0x00168a    program     extern E:\3.45\pic18-lt\cxx-framework\src\traditional\math\fxm1616s.asm
                  FXM3232   0x00193c    program     extern E:\3.45\pic18-lt\cxx-framework\src\traditional\math\fxm3232.c
                 High_ISR   0x000008    program     extern C:\Users\otagar119780\Dropbox\Oded\Smart Home\SmartHome-18f2455 Shutters\main.c
                  Low_ISR   0x000018    program     extern C:\Users\otagar119780\Dropbox\Oded\Smart Home\SmartHome-18f2455 Shutters\main.c
                OpenUSART   0x00182e    program     extern E:\3.45\pic18-lt\cxx-framework\src\pmc_common\USART\uopen.c
             ReceiveUsart   0x001146    program     extern C:\Users\otagar119780\Dropbox\Oded\Smart Home\SmartHome-18f2455 Shutters\main.c
                  TALTB32   0x0014c2    program     extern E:\3.45\pic18-lt\cxx-framework\src\traditional\math\ltFP.asm
               TSIGN1616A   0x0016d6    program     static E:\3.45\pic18-lt\cxx-framework\src\traditional\math\fxm1616s.asm
          TransmitUsartAT   0x0012d8    program     extern C:\Users\otagar119780\Dropbox\Oded\Smart Home\SmartHome-18f2455 Shutters\main.c
 TransmitUsartDeviceState   0x0011ee    program     extern C:\Users\otagar119780\Dropbox\Oded\Smart Home\SmartHome-18f2455 Shutters\main.c
               WriteUSART   0x001a88    program     extern E:\3.45\pic18-lt\cxx-framework\src\pmc_common\USART\uwrite.c
                   _2jEnd   0x0019fc    program     static E:\3.45\pic18-lt\cxx-framework\src\traditional\stdclib\slenpgm.asm
       _D10KTCYXCODE_0010   0x001a6a    program     static E:\3.45\pic18-lt\cxx-framework\src\traditional\delays\d10ktcyx.asm
       _D10KTCYXCODE_001C   0x001a76    program     static E:\3.45\pic18-lt\cxx-framework\src\traditional\delays\d10ktcyx.asm
              __FpCompare   0x0014d4    program     extern E:\3.45\pic18-lt\cxx-framework\src\traditional\math\compFP.asm
                 __FpExit   0x00158a    program     extern E:\3.45\pic18-lt\cxx-framework\src\traditional\math\packFP.asm
                 __FpPack   0x0015b6    program     extern E:\3.45\pic18-lt\cxx-framework\src\traditional\math\packFP.asm
            __FpReturnNaN   0x00157e    program     extern E:\3.45\pic18-lt\cxx-framework\src\traditional\math\packFP.asm
         __FpReturnNegInf   0x001590    program     extern E:\3.45\pic18-lt\cxx-framework\src\traditional\math\packFP.asm
        __FpReturnNegZero   0x0015a8    program     extern E:\3.45\pic18-lt\cxx-framework\src\traditional\math\packFP.asm
         __FpReturnPosInf   0x001596    program     extern E:\3.45\pic18-lt\cxx-framework\src\traditional\math\packFP.asm
        __FpReturnPosZero   0x0015b0    program     extern E:\3.45\pic18-lt\cxx-framework\src\traditional\math\packFP.asm
        __FpReturnSignInf   0x00158c    program     extern E:\3.45\pic18-lt\cxx-framework\src\traditional\math\packFP.asm
       __FpReturnSignZero   0x0015a4    program     extern E:\3.45\pic18-lt\cxx-framework\src\traditional\math\packFP.asm
              __FpReturnW   0x00160e    program     extern E:\3.45\pic18-lt\cxx-framework\src\traditional\math\packFP.asm
              __FpUnPackA   0x00162e    program     extern E:\3.45\pic18-lt\cxx-framework\src\traditional\math\UnpackFP.asm
              __FpUnPackB   0x00165e    program     extern E:\3.45\pic18-lt\cxx-framework\src\traditional\math\UnpackFP.asm
       ___return_lbl00000   0x000004    program     static                          
       ___return_lbl00000   0x001a58    program     static                          
       ___return_lbl00000   0x0019aa    program     static                          
       ___return_lbl00000   0x00000c    program     static                          
       ___return_lbl00001   0x001b14    program     static                          
       ___return_lbl00001   0x00001c    program     static                          
       ___return_lbl00002   0x00182c    program     static                          
       ___return_lbl00020   0x000f22    program     static                          
        ___while_lbl00021   0x000f1e    program     static                          
        ___while_lbl00022   0x000f22    program     static                          
               __config_0   0x300000    program     static C:\Users\otagar119780\Dropbox\Oded\Smart Home\SmartHome-18f2455 Shutters\main.c
               __config_1   0x300001    program     static C:\Users\otagar119780\Dropbox\Oded\Smart Home\SmartHome-18f2455 Shutters\main.c
              __config_10   0x30000c    program     static C:\Users\otagar119780\Dropbox\Oded\Smart Home\SmartHome-18f2455 Shutters\main.c
              __config_11   0x30000d    program     static C:\Users\otagar119780\Dropbox\Oded\Smart Home\SmartHome-18f2455 Shutters\main.c
               __config_2   0x300002    program     static C:\Users\otagar119780\Dropbox\Oded\Smart Home\SmartHome-18f2455 Shutters\main.c
               __config_3   0x300003    program     static C:\Users\otagar119780\Dropbox\Oded\Smart Home\SmartHome-18f2455 Shutters\main.c
               __config_4   0x300005    program     static C:\Users\otagar119780\Dropbox\Oded\Smart Home\SmartHome-18f2455 Shutters\main.c
               __config_5   0x300006    program     static C:\Users\otagar119780\Dropbox\Oded\Smart Home\SmartHome-18f2455 Shutters\main.c
               __config_6   0x300008    program     static C:\Users\otagar119780\Dropbox\Oded\Smart Home\SmartHome-18f2455 Shutters\main.c
               __config_7   0x300009    program     static C:\Users\otagar119780\Dropbox\Oded\Smart Home\SmartHome-18f2455 Shutters\main.c
               __config_8   0x30000a    program     static C:\Users\otagar119780\Dropbox\Oded\Smart Home\SmartHome-18f2455 Shutters\main.c
               __config_9   0x30000b    program     static C:\Users\otagar119780\Dropbox\Oded\Smart Home\SmartHome-18f2455 Shutters\main.c
                   __init   0x00000e    program     extern E:\3.45\pic18-lt\cxx-framework\src\traditional\stdclib\__init.c
                   __pa_0   0x00096c    program     static E:\3.45\pic18-lt\cxx-framework\src\traditional\stdclib\vfprintf.c
                   __pa_1   0x000974    program     static E:\3.45\pic18-lt\cxx-framework\src\traditional\stdclib\vfprintf.c
                  __pa_10   0x000a28    program     static E:\3.45\pic18-lt\cxx-framework\src\traditional\stdclib\vfprintf.c
                  __pa_11   0x000a36    program     static E:\3.45\pic18-lt\cxx-framework\src\traditional\stdclib\vfprintf.c
                  __pa_12   0x000a4c    program     static E:\3.45\pic18-lt\cxx-framework\src\traditional\stdclib\vfprintf.c
                  __pa_13   0x000a66    program     static E:\3.45\pic18-lt\cxx-framework\src\traditional\stdclib\vfprintf.c
                  __pa_14   0x000a7e    program     static E:\3.45\pic18-lt\cxx-framework\src\traditional\stdclib\vfprintf.c
                  __pa_15   0x000a8e    program     static E:\3.45\pic18-lt\cxx-framework\src\traditional\stdclib\vfprintf.c
                  __pa_16   0x000aa4    program     static E:\3.45\pic18-lt\cxx-framework\src\traditional\stdclib\vfprintf.c
                  __pa_17   0x000ab6    program     static E:\3.45\pic18-lt\cxx-framework\src\traditional\stdclib\vfprintf.c
                  __pa_18   0x000ac8    program     static E:\3.45\pic18-lt\cxx-framework\src\traditional\stdclib\vfprintf.c
                  __pa_19   0x000ad2    program     static E:\3.45\pic18-lt\cxx-framework\src\traditional\stdclib\vfprintf.c
                   __pa_2   0x00097e    program     static E:\3.45\pic18-lt\cxx-framework\src\traditional\stdclib\vfprintf.c
                  __pa_20   0x000ae2    program     static E:\3.45\pic18-lt\cxx-framework\src\traditional\stdclib\vfprintf.c
                  __pa_21   0x000af2    program     static E:\3.45\pic18-lt\cxx-framework\src\traditional\stdclib\vfprintf.c
                  __pa_22   0x000b02    program     static E:\3.45\pic18-lt\cxx-framework\src\traditional\stdclib\vfprintf.c
                  __pa_23   0x000b0e    program     static E:\3.45\pic18-lt\cxx-framework\src\traditional\stdclib\vfprintf.c
                  __pa_24   0x000b1c    program     static E:\3.45\pic18-lt\cxx-framework\src\traditional\stdclib\vfprintf.c
                  __pa_25   0x000b24    program     static E:\3.45\pic18-lt\cxx-framework\src\traditional\stdclib\vfprintf.c
                  __pa_26   0x000b2e    program     static E:\3.45\pic18-lt\cxx-framework\src\traditional\stdclib\vfprintf.c
                  __pa_27   0x000b38    program     static E:\3.45\pic18-lt\cxx-framework\src\traditional\stdclib\vfprintf.c
                  __pa_28   0x000b40    program     static E:\3.45\pic18-lt\cxx-framework\src\traditional\stdclib\vfprintf.c
                  __pa_29   0x000b4e    program     static E:\3.45\pic18-lt\cxx-framework\src\traditional\stdclib\vfprintf.c
                   __pa_3   0x000988    program     static E:\3.45\pic18-lt\cxx-framework\src\traditional\stdclib\vfprintf.c
                  __pa_30   0x000b6a    program     static E:\3.45\pic18-lt\cxx-framework\src\traditional\stdclib\vfprintf.c
                  __pa_31   0x000b84    program     static E:\3.45\pic18-lt\cxx-framework\src\traditional\stdclib\vfprintf.c
                  __pa_32   0x000b9e    program     static E:\3.45\pic18-lt\cxx-framework\src\traditional\stdclib\vfprintf.c
                  __pa_33   0x000bb6    program     static E:\3.45\pic18-lt\cxx-framework\src\traditional\stdclib\vfprintf.c
                  __pa_34   0x000bc0    program     static E:\3.45\pic18-lt\cxx-framework\src\traditional\stdclib\vfprintf.c
                  __pa_35   0x000bce    program     static E:\3.45\pic18-lt\cxx-framework\src\traditional\stdclib\vfprintf.c
                  __pa_36   0x000bd6    program     static E:\3.45\pic18-lt\cxx-framework\src\traditional\stdclib\vfprintf.c
                  __pa_37   0x000be0    program     static E:\3.45\pic18-lt\cxx-framework\src\traditional\stdclib\vfprintf.c
                  __pa_38   0x000bf0    program     static E:\3.45\pic18-lt\cxx-framework\src\traditional\stdclib\vfprintf.c
                  __pa_39   0x000bfe    program     static E:\3.45\pic18-lt\cxx-framework\src\traditional\stdclib\vfprintf.c
                   __pa_4   0x0009a0    program     static E:\3.45\pic18-lt\cxx-framework\src\traditional\stdclib\vfprintf.c
                  __pa_40   0x000c0a    program     static E:\3.45\pic18-lt\cxx-framework\src\traditional\stdclib\vfprintf.c
                  __pa_41   0x000c16    program     static E:\3.45\pic18-lt\cxx-framework\src\traditional\stdclib\vfprintf.c
                  __pa_42   0x000c1e    program     static E:\3.45\pic18-lt\cxx-framework\src\traditional\stdclib\vfprintf.c
                  __pa_43   0x000c28    program     static E:\3.45\pic18-lt\cxx-framework\src\traditional\stdclib\vfprintf.c
                  __pa_44   0x000c2e    program     static E:\3.45\pic18-lt\cxx-framework\src\traditional\stdclib\vfprintf.c
                  __pa_45   0x000c38    program     static E:\3.45\pic18-lt\cxx-framework\src\traditional\stdclib\vfprintf.c
                  __pa_46   0x000c44    program     static E:\3.45\pic18-lt\cxx-framework\src\traditional\stdclib\vfprintf.c
                   __pa_5   0x0009b4    program     static E:\3.45\pic18-lt\cxx-framework\src\traditional\stdclib\vfprintf.c
                   __pa_6   0x0009d0    program     static E:\3.45\pic18-lt\cxx-framework\src\traditional\stdclib\vfprintf.c
                   __pa_7   0x0009da    program     static E:\3.45\pic18-lt\cxx-framework\src\traditional\stdclib\vfprintf.c
                   __pa_8   0x0009e6    program     static E:\3.45\pic18-lt\cxx-framework\src\traditional\stdclib\vfprintf.c
                   __pa_9   0x000a08    program     static E:\3.45\pic18-lt\cxx-framework\src\traditional\stdclib\vfprintf.c
               __string_0   0x001b4a    program     static C:\Users\otagar119780\Dropbox\Oded\Smart Home\SmartHome-18f2455 Shutters\main.c
               __string_1   0x001b46    program     static C:\Users\otagar119780\Dropbox\Oded\Smart Home\SmartHome-18f2455 Shutters\main.c
               __string_2   0x001b3f    program     static C:\Users\otagar119780\Dropbox\Oded\Smart Home\SmartHome-18f2455 Shutters\main.c
               __string_3   0x001b32    program     static C:\Users\otagar119780\Dropbox\Oded\Smart Home\SmartHome-18f2455 Shutters\main.c
              __tmplbl_42   0x000b02    program     static                          
              __tmplbl_43   0x00094a    program     static                          
              __tmplbl_44   0x000930    program     static                          
              __tmplbl_85   0x000082    program     static                          
            __zero_memory   0x001ada    program     extern E:\3.45\pic18-lt\cxx-framework\src\traditional\proc\p18f2455.asm
                _do_cinit   0x001790    program     extern E:\3.45\pic18-lt\cxx-framework\src\traditional\startup\c018i.c
                   _entry   0x000000    program     extern E:\3.45\pic18-lt\cxx-framework\src\traditional\startup\c018i.c
                   _false   0x001a54    program     static                          
                 _startup   0x001afa    program     extern E:\3.45\pic18-lt\cxx-framework\src\traditional\startup\c018i.c
              _usart_putc   0x001b16    program     extern E:\3.45\pic18-lt\cxx-framework\src\pmc_common\USART\_usartpc.asm
               _user_putc   0x000006    program     extern E:\3.45\pic18-lt\cxx-framework\src\traditional\stdclib\_user_putc.c
                compare_l   0x001af0    program     static E:\3.45\pic18-lt\cxx-framework\src\traditional\proc\p18f2455.asm
                copy_loop   0x001802    program     static                          
            copy_one_byte   0x001808    program     static                          
                delay1sec   0x00113a    program     extern C:\Users\otagar119780\Dropbox\Oded\Smart Home\SmartHome-18f2455 Shutters\main.c
                     done   0x00182c    program     static                          
             done_copying   0x001816    program     static                          
            handleMessage   0x000f24    program     extern C:\Users\otagar119780\Dropbox\Oded\Smart Home\SmartHome-18f2455 Shutters\main.c
      highPriorityISRCode   0x000c4e    program     extern C:\Users\otagar119780\Dropbox\Oded\Smart Home\SmartHome-18f2455 Shutters\main.c
                initUsart   0x00106c    program     extern C:\Users\otagar119780\Dropbox\Oded\Smart Home\SmartHome-18f2455 Shutters\main.c
                 initXbee   0x00108a    program     extern C:\Users\otagar119780\Dropbox\Oded\Smart Home\SmartHome-18f2455 Shutters\main.c
            initialisePic   0x00102a    program     static C:\Users\otagar119780\Dropbox\Oded\Smart Home\SmartHome-18f2455 Shutters\main.c
                  isdigit   0x001ab6    program     extern E:\3.45\pic18-lt\cxx-framework\src\traditional\stdclib\isdigit.asm
                 jANotInf   0x0013be    program     static E:\3.45\pic18-lt\cxx-framework\src\traditional\math\addFP.asm
                 jANotNeg   0x001452    program     static E:\3.45\pic18-lt\cxx-framework\src\traditional\math\addFP.asm
              jAandWsetup   0x001422    program     static E:\3.45\pic18-lt\cxx-framework\src\traditional\math\addFP.asm
                  jAisNeg   0x001550    program     static E:\3.45\pic18-lt\cxx-framework\src\traditional\math\compFP.asm
                 jAltBexp   0x001410    program     static E:\3.45\pic18-lt\cxx-framework\src\traditional\math\addFP.asm
                jBANotInf   0x0013b4    program     static E:\3.45\pic18-lt\cxx-framework\src\traditional\math\addFP.asm
                 jBNotInf   0x0013cc    program     static E:\3.45\pic18-lt\cxx-framework\src\traditional\math\addFP.asm
             jBothNotZero   0x0014f2    program     static E:\3.45\pic18-lt\cxx-framework\src\traditional\math\compFP.asm
            jDifOrPosSign   0x0013e0    program     static E:\3.45\pic18-lt\cxx-framework\src\traditional\math\addFP.asm
                      jEQ   0x00150e    program     static E:\3.45\pic18-lt\cxx-framework\src\traditional\math\compFP.asm
                     jEnd   0x0019fe    program     static E:\3.45\pic18-lt\cxx-framework\src\traditional\stdclib\slenpgm.asm
                     jEnd   0x0019c6    program     static E:\3.45\pic18-lt\cxx-framework\src\traditional\stdclib\strlen.asm
                    jExch   0x00151a    program     static E:\3.45\pic18-lt\cxx-framework\src\traditional\math\compFP.asm
                   jExpEQ   0x001560    program     static E:\3.45\pic18-lt\cxx-framework\src\traditional\math\compFP.asm
                   jFinal   0x001544    program     static E:\3.45\pic18-lt\cxx-framework\src\traditional\math\compFP.asm
               jFinalSign   0x0014ba    program     static E:\3.45\pic18-lt\cxx-framework\src\traditional\math\addFP.asm
                jI2F16Beg   0x00137e    program     static E:\3.45\pic18-lt\cxx-framework\src\traditional\math\cast16FP.asm
                    jLoop   0x0019e6    program     static E:\3.45\pic18-lt\cxx-framework\src\traditional\stdclib\slenpgm.asm
                    jLoop   0x0019bc    program     static E:\3.45\pic18-lt\cxx-framework\src\traditional\stdclib\strlen.asm
                   jMatch   0x001ad6    program     static E:\3.45\pic18-lt\cxx-framework\src\traditional\stdclib\isdigit.asm
                      jNE   0x001512    program     static E:\3.45\pic18-lt\cxx-framework\src\traditional\math\compFP.asm
                  jNoExch   0x00153a    program     static E:\3.45\pic18-lt\cxx-framework\src\traditional\math\compFP.asm
                 jNoMatch   0x001ad8    program     static E:\3.45\pic18-lt\cxx-framework\src\traditional\stdclib\isdigit.asm
             jNotBothZero   0x0013e4    program     static E:\3.45\pic18-lt\cxx-framework\src\traditional\math\addFP.asm
                  jPkLoop   0x0015c4    program     static E:\3.45\pic18-lt\cxx-framework\src\traditional\math\packFP.asm
             jPkRoundDone   0x00160e    program     static E:\3.45\pic18-lt\cxx-framework\src\traditional\math\packFP.asm
               jPkRoundIt   0x0015f6    program     static E:\3.45\pic18-lt\cxx-framework\src\traditional\math\packFP.asm
             jPkShiftDone   0x0015e0    program     static E:\3.45\pic18-lt\cxx-framework\src\traditional\math\packFP.asm
           jReturnPosInf0   0x00159a    program     static E:\3.45\pic18-lt\cxx-framework\src\traditional\math\packFP.asm
                  jRotate   0x00156c    program     static E:\3.45\pic18-lt\cxx-framework\src\traditional\math\compFP.asm
                   jShift   0x001556    program     static E:\3.45\pic18-lt\cxx-framework\src\traditional\math\compFP.asm
               jShiftDone   0x00147a    program     static E:\3.45\pic18-lt\cxx-framework\src\traditional\math\addFP.asm
               jShiftLoop   0x00146c    program     static E:\3.45\pic18-lt\cxx-framework\src\traditional\math\addFP.asm
                jSignDone   0x0014aa    program     static E:\3.45\pic18-lt\cxx-framework\src\traditional\math\addFP.asm
                 jSignsEQ   0x0014f6    program     static E:\3.45\pic18-lt\cxx-framework\src\traditional\math\compFP.asm
                  jUnpkA1   0x001638    program     static E:\3.45\pic18-lt\cxx-framework\src\traditional\math\UnpackFP.asm
                  jUnpkA2   0x001650    program     static E:\3.45\pic18-lt\cxx-framework\src\traditional\math\UnpackFP.asm
                 jUnpkANZ   0x001646    program     static E:\3.45\pic18-lt\cxx-framework\src\traditional\math\UnpackFP.asm
                  jUnpkB1   0x001668    program     static E:\3.45\pic18-lt\cxx-framework\src\traditional\math\UnpackFP.asm
                  jUnpkB2   0x001680    program     static E:\3.45\pic18-lt\cxx-framework\src\traditional\math\UnpackFP.asm
                 jUnpkBNZ   0x001676    program     static E:\3.45\pic18-lt\cxx-framework\src\traditional\math\UnpackFP.asm
                 jUnpkNaN   0x00165a    program     static E:\3.45\pic18-lt\cxx-framework\src\traditional\math\UnpackFP.asm
                 jWNotNeg   0x001466    program     static E:\3.45\pic18-lt\cxx-framework\src\traditional\math\addFP.asm
               jZero1and2   0x00159e    program     static E:\3.45\pic18-lt\cxx-framework\src\traditional\math\packFP.asm
                     loop   0x001b26    program     static E:\3.45\pic18-lt\cxx-framework\src\pmc_common\USART\_usartpc.asm
                     loop   0x001b0a    program     static                          
                     loop   0x001a20    program     static                          
                   loop_h   0x001ae8    program     static E:\3.45\pic18-lt\cxx-framework\src\traditional\proc\p18f2455.asm
                   loop_l   0x001af2    program     static E:\3.45\pic18-lt\cxx-framework\src\traditional\proc\p18f2455.asm
       lowPriorityISRCode   0x000c86    program     extern C:\Users\otagar119780\Dropbox\Oded\Smart Home\SmartHome-18f2455 Shutters\main.c
                     main   0x000f16    program     extern C:\Users\otagar119780\Dropbox\Oded\Smart Home\SmartHome-18f2455 Shutters\main.c
                     putc   0x0018b8    program     extern E:\3.45\pic18-lt\cxx-framework\src\traditional\stdclib\putc.c
                 s_digits   0x001b4c    program     static E:\3.45\pic18-lt\cxx-framework\src\traditional\stdclib\vfprintf.c
            s_put_n_chars   0x00002c    program     static E:\3.45\pic18-lt\cxx-framework\src\traditional\stdclib\vfprintf.c
          shutterCommands   0x000f40    program     extern C:\Users\otagar119780\Dropbox\Oded\Smart Home\SmartHome-18f2455 Shutters\main.c
                  sprintf   0x0016e4    program     extern E:\3.45\pic18-lt\cxx-framework\src\traditional\stdclib\sprintf.c
                   strlen   0x0019ac    program     extern E:\3.45\pic18-lt\cxx-framework\src\traditional\stdclib\strlen.asm
                strlenpgm   0x0019c8    program     extern E:\3.45\pic18-lt\cxx-framework\src\traditional\stdclib\slenpgm.asm
                     test   0x0017aa    program     static                          
                 vfprintf   0x000058    program     extern E:\3.45\pic18-lt\cxx-framework\src\traditional\stdclib\vfprintf.c
               zero_block   0x001ae8    program     static E:\3.45\pic18-lt\cxx-framework\src\traditional\proc\p18f2455.asm
                   ADCON0   0x000fc2       data     extern E:\3.45\pic18-lt\cxx-framework\src\traditional\proc\p18f2455.asm
               ADCON0bits   0x000fc2       data     extern E:\3.45\pic18-lt\cxx-framework\src\traditional\proc\p18f2455.asm
                   ADCON1   0x000fc1       data     extern E:\3.45\pic18-lt\cxx-framework\src\traditional\proc\p18f2455.asm
               ADCON1bits   0x000fc1       data     extern E:\3.45\pic18-lt\cxx-framework\src\traditional\proc\p18f2455.asm
                   ADCON2   0x000fc0       data     extern E:\3.45\pic18-lt\cxx-framework\src\traditional\proc\p18f2455.asm
               ADCON2bits   0x000fc0       data     extern E:\3.45\pic18-lt\cxx-framework\src\traditional\proc\p18f2455.asm
                    ADRES   0x000fc3       data     extern E:\3.45\pic18-lt\cxx-framework\src\traditional\proc\p18f2455.asm
                   ADRESH   0x000fc4       data     extern E:\3.45\pic18-lt\cxx-framework\src\traditional\proc\p18f2455.asm
                   ADRESL   0x000fc3       data     extern E:\3.45\pic18-lt\cxx-framework\src\traditional\proc\p18f2455.asm
                  BAUDCON   0x000fb8       data     extern E:\3.45\pic18-lt\cxx-framework\src\traditional\proc\p18f2455.asm
              BAUDCONbits   0x000fb8       data     extern E:\3.45\pic18-lt\cxx-framework\src\traditional\proc\p18f2455.asm
                  BAUDCTL   0x000fb8       data     extern E:\3.45\pic18-lt\cxx-framework\src\traditional\proc\p18f2455.asm
              BAUDCTLbits   0x000fb8       data     extern E:\3.45\pic18-lt\cxx-framework\src\traditional\proc\p18f2455.asm
                      BSR   0x000fe0       data     extern E:\3.45\pic18-lt\cxx-framework\src\traditional\proc\p18f2455.asm
                   CCP1AS   0x000fb6       data     extern E:\3.45\pic18-lt\cxx-framework\src\traditional\proc\p18f2455.asm
               CCP1ASbits   0x000fb6       data     extern E:\3.45\pic18-lt\cxx-framework\src\traditional\proc\p18f2455.asm
                  CCP1CON   0x000fbd       data     extern E:\3.45\pic18-lt\cxx-framework\src\traditional\proc\p18f2455.asm
              CCP1CONbits   0x000fbd       data     extern E:\3.45\pic18-lt\cxx-framework\src\traditional\proc\p18f2455.asm
                  CCP1DEL   0x000fb7       data     extern E:\3.45\pic18-lt\cxx-framework\src\traditional\proc\p18f2455.asm
              CCP1DELbits   0x000fb7       data     extern E:\3.45\pic18-lt\cxx-framework\src\traditional\proc\p18f2455.asm
                  CCP2CON   0x000fba       data     extern E:\3.45\pic18-lt\cxx-framework\src\traditional\proc\p18f2455.asm
              CCP2CONbits   0x000fba       data     extern E:\3.45\pic18-lt\cxx-framework\src\traditional\proc\p18f2455.asm
                    CCPR1   0x000fbe       data     extern E:\3.45\pic18-lt\cxx-framework\src\traditional\proc\p18f2455.asm
                   CCPR1H   0x000fbf       data     extern E:\3.45\pic18-lt\cxx-framework\src\traditional\proc\p18f2455.asm
                   CCPR1L   0x000fbe       data     extern E:\3.45\pic18-lt\cxx-framework\src\traditional\proc\p18f2455.asm
                    CCPR2   0x000fbb       data     extern E:\3.45\pic18-lt\cxx-framework\src\traditional\proc\p18f2455.asm
                   CCPR2H   0x000fbc       data     extern E:\3.45\pic18-lt\cxx-framework\src\traditional\proc\p18f2455.asm
                   CCPR2L   0x000fbb       data     extern E:\3.45\pic18-lt\cxx-framework\src\traditional\proc\p18f2455.asm
                    CMCON   0x000fb4       data     extern E:\3.45\pic18-lt\cxx-framework\src\traditional\proc\p18f2455.asm
                CMCONbits   0x000fb4       data     extern E:\3.45\pic18-lt\cxx-framework\src\traditional\proc\p18f2455.asm
                   CVRCON   0x000fb5       data     extern E:\3.45\pic18-lt\cxx-framework\src\traditional\proc\p18f2455.asm
               CVRCONbits   0x000fb5       data     extern E:\3.45\pic18-lt\cxx-framework\src\traditional\proc\p18f2455.asm
                     DDRA   0x000f92       data     extern E:\3.45\pic18-lt\cxx-framework\src\traditional\proc\p18f2455.asm
                 DDRAbits   0x000f92       data     extern E:\3.45\pic18-lt\cxx-framework\src\traditional\proc\p18f2455.asm
                     DDRB   0x000f93       data     extern E:\3.45\pic18-lt\cxx-framework\src\traditional\proc\p18f2455.asm
                 DDRBbits   0x000f93       data     extern E:\3.45\pic18-lt\cxx-framework\src\traditional\proc\p18f2455.asm
                     DDRC   0x000f94       data     extern E:\3.45\pic18-lt\cxx-framework\src\traditional\proc\p18f2455.asm
                 DDRCbits   0x000f94       data     extern E:\3.45\pic18-lt\cxx-framework\src\traditional\proc\p18f2455.asm
            DelayCounter1   0x000021       data     extern E:\3.45\pic18-lt\cxx-framework\src\traditional\delays\delayd1.asm
            DelayCounter2   0x000020       data     extern E:\3.45\pic18-lt\cxx-framework\src\traditional\delays\delayd2.asm
                  ECCP1AS   0x000fb6       data     extern E:\3.45\pic18-lt\cxx-framework\src\traditional\proc\p18f2455.asm
              ECCP1ASbits   0x000fb6       data     extern E:\3.45\pic18-lt\cxx-framework\src\traditional\proc\p18f2455.asm
                 ECCP1DEL   0x000fb7       data     extern E:\3.45\pic18-lt\cxx-framework\src\traditional\proc\p18f2455.asm
             ECCP1DELbits   0x000fb7       data     extern E:\3.45\pic18-lt\cxx-framework\src\traditional\proc\p18f2455.asm
                    EEADR   0x000fa9       data     extern E:\3.45\pic18-lt\cxx-framework\src\traditional\proc\p18f2455.asm
                   EECON1   0x000fa6       data     extern E:\3.45\pic18-lt\cxx-framework\src\traditional\proc\p18f2455.asm
               EECON1bits   0x000fa6       data     extern E:\3.45\pic18-lt\cxx-framework\src\traditional\proc\p18f2455.asm
                   EECON2   0x000fa7       data     extern E:\3.45\pic18-lt\cxx-framework\src\traditional\proc\p18f2455.asm
                   EEDATA   0x000fa8       data     extern E:\3.45\pic18-lt\cxx-framework\src\traditional\proc\p18f2455.asm
                     FSR0   0x000fe9       data     extern E:\3.45\pic18-lt\cxx-framework\src\traditional\proc\p18f2455.asm
                    FSR0H   0x000fea       data     extern E:\3.45\pic18-lt\cxx-framework\src\traditional\proc\p18f2455.asm
                    FSR0L   0x000fe9       data     extern E:\3.45\pic18-lt\cxx-framework\src\traditional\proc\p18f2455.asm
                     FSR1   0x000fe1       data     extern E:\3.45\pic18-lt\cxx-framework\src\traditional\proc\p18f2455.asm
                    FSR1H   0x000fe2       data     extern E:\3.45\pic18-lt\cxx-framework\src\traditional\proc\p18f2455.asm
                    FSR1L   0x000fe1       data     extern E:\3.45\pic18-lt\cxx-framework\src\traditional\proc\p18f2455.asm
                     FSR2   0x000fd9       data     extern E:\3.45\pic18-lt\cxx-framework\src\traditional\proc\p18f2455.asm
                    FSR2H   0x000fda       data     extern E:\3.45\pic18-lt\cxx-framework\src\traditional\proc\p18f2455.asm
                    FSR2L   0x000fd9       data     extern E:\3.45\pic18-lt\cxx-framework\src\traditional\proc\p18f2455.asm
                  HLVDCON   0x000fd2       data     extern E:\3.45\pic18-lt\cxx-framework\src\traditional\proc\p18f2455.asm
              HLVDCONbits   0x000fd2       data     extern E:\3.45\pic18-lt\cxx-framework\src\traditional\proc\p18f2455.asm
                    INDF0   0x000fef       data     extern E:\3.45\pic18-lt\cxx-framework\src\traditional\proc\p18f2455.asm
                    INDF1   0x000fe7       data     extern E:\3.45\pic18-lt\cxx-framework\src\traditional\proc\p18f2455.asm
                    INDF2   0x000fdf       data     extern E:\3.45\pic18-lt\cxx-framework\src\traditional\proc\p18f2455.asm
                   INTCON   0x000ff2       data     extern E:\3.45\pic18-lt\cxx-framework\src\traditional\proc\p18f2455.asm
                  INTCON2   0x000ff1       data     extern E:\3.45\pic18-lt\cxx-framework\src\traditional\proc\p18f2455.asm
              INTCON2bits   0x000ff1       data     extern E:\3.45\pic18-lt\cxx-framework\src\traditional\proc\p18f2455.asm
                  INTCON3   0x000ff0       data     extern E:\3.45\pic18-lt\cxx-framework\src\traditional\proc\p18f2455.asm
              INTCON3bits   0x000ff0       data     extern E:\3.45\pic18-lt\cxx-framework\src\traditional\proc\p18f2455.asm
               INTCONbits   0x000ff2       data     extern E:\3.45\pic18-lt\cxx-framework\src\traditional\proc\p18f2455.asm
                     IPR1   0x000f9f       data     extern E:\3.45\pic18-lt\cxx-framework\src\traditional\proc\p18f2455.asm
                 IPR1bits   0x000f9f       data     extern E:\3.45\pic18-lt\cxx-framework\src\traditional\proc\p18f2455.asm
                     IPR2   0x000fa2       data     extern E:\3.45\pic18-lt\cxx-framework\src\traditional\proc\p18f2455.asm
                 IPR2bits   0x000fa2       data     extern E:\3.45\pic18-lt\cxx-framework\src\traditional\proc\p18f2455.asm
                     LATA   0x000f89       data     extern E:\3.45\pic18-lt\cxx-framework\src\traditional\proc\p18f2455.asm
                 LATAbits   0x000f89       data     extern E:\3.45\pic18-lt\cxx-framework\src\traditional\proc\p18f2455.asm
                     LATB   0x000f8a       data     extern E:\3.45\pic18-lt\cxx-framework\src\traditional\proc\p18f2455.asm
                 LATBbits   0x000f8a       data     extern E:\3.45\pic18-lt\cxx-framework\src\traditional\proc\p18f2455.asm
                     LATC   0x000f8b       data     extern E:\3.45\pic18-lt\cxx-framework\src\traditional\proc\p18f2455.asm
                 LATCbits   0x000f8b       data     extern E:\3.45\pic18-lt\cxx-framework\src\traditional\proc\p18f2455.asm
                   LVDCON   0x000fd2       data     extern E:\3.45\pic18-lt\cxx-framework\src\traditional\proc\p18f2455.asm
               LVDCONbits   0x000fd2       data     extern E:\3.45\pic18-lt\cxx-framework\src\traditional\proc\p18f2455.asm
                   OSCCON   0x000fd3       data     extern E:\3.45\pic18-lt\cxx-framework\src\traditional\proc\p18f2455.asm
               OSCCONbits   0x000fd3       data     extern E:\3.45\pic18-lt\cxx-framework\src\traditional\proc\p18f2455.asm
                  OSCTUNE   0x000f9b       data     extern E:\3.45\pic18-lt\cxx-framework\src\traditional\proc\p18f2455.asm
              OSCTUNEbits   0x000f9b       data     extern E:\3.45\pic18-lt\cxx-framework\src\traditional\proc\p18f2455.asm
                       PC   0x000ff9       data     extern E:\3.45\pic18-lt\cxx-framework\src\traditional\proc\p18f2455.asm
                      PCL   0x000ff9       data     extern E:\3.45\pic18-lt\cxx-framework\src\traditional\proc\p18f2455.asm
                   PCLATH   0x000ffa       data     extern E:\3.45\pic18-lt\cxx-framework\src\traditional\proc\p18f2455.asm
                   PCLATU   0x000ffb       data     extern E:\3.45\pic18-lt\cxx-framework\src\traditional\proc\p18f2455.asm
                     PIE1   0x000f9d       data     extern E:\3.45\pic18-lt\cxx-framework\src\traditional\proc\p18f2455.asm
                 PIE1bits   0x000f9d       data     extern E:\3.45\pic18-lt\cxx-framework\src\traditional\proc\p18f2455.asm
                     PIE2   0x000fa0       data     extern E:\3.45\pic18-lt\cxx-framework\src\traditional\proc\p18f2455.asm
                 PIE2bits   0x000fa0       data     extern E:\3.45\pic18-lt\cxx-framework\src\traditional\proc\p18f2455.asm
                     PIR1   0x000f9e       data     extern E:\3.45\pic18-lt\cxx-framework\src\traditional\proc\p18f2455.asm
                 PIR1bits   0x000f9e       data     extern E:\3.45\pic18-lt\cxx-framework\src\traditional\proc\p18f2455.asm
                     PIR2   0x000fa1       data     extern E:\3.45\pic18-lt\cxx-framework\src\traditional\proc\p18f2455.asm
                 PIR2bits   0x000fa1       data     extern E:\3.45\pic18-lt\cxx-framework\src\traditional\proc\p18f2455.asm
                   PLUSW0   0x000feb       data     extern E:\3.45\pic18-lt\cxx-framework\src\traditional\proc\p18f2455.asm
                   PLUSW1   0x000fe3       data     extern E:\3.45\pic18-lt\cxx-framework\src\traditional\proc\p18f2455.asm
                   PLUSW2   0x000fdb       data     extern E:\3.45\pic18-lt\cxx-framework\src\traditional\proc\p18f2455.asm
                    PORTA   0x000f80       data     extern E:\3.45\pic18-lt\cxx-framework\src\traditional\proc\p18f2455.asm
                PORTAbits   0x000f80       data     extern E:\3.45\pic18-lt\cxx-framework\src\traditional\proc\p18f2455.asm
                    PORTB   0x000f81       data     extern E:\3.45\pic18-lt\cxx-framework\src\traditional\proc\p18f2455.asm
                PORTBbits   0x000f81       data     extern E:\3.45\pic18-lt\cxx-framework\src\traditional\proc\p18f2455.asm
                    PORTC   0x000f82       data     extern E:\3.45\pic18-lt\cxx-framework\src\traditional\proc\p18f2455.asm
                PORTCbits   0x000f82       data     extern E:\3.45\pic18-lt\cxx-framework\src\traditional\proc\p18f2455.asm
                    PORTE   0x000f84       data     extern E:\3.45\pic18-lt\cxx-framework\src\traditional\proc\p18f2455.asm
                PORTEbits   0x000f84       data     extern E:\3.45\pic18-lt\cxx-framework\src\traditional\proc\p18f2455.asm
                 POSTDEC0   0x000fed       data     extern E:\3.45\pic18-lt\cxx-framework\src\traditional\proc\p18f2455.asm
                 POSTDEC1   0x000fe5       data     extern E:\3.45\pic18-lt\cxx-framework\src\traditional\proc\p18f2455.asm
                 POSTDEC2   0x000fdd       data     extern E:\3.45\pic18-lt\cxx-framework\src\traditional\proc\p18f2455.asm
                 POSTINC0   0x000fee       data     extern E:\3.45\pic18-lt\cxx-framework\src\traditional\proc\p18f2455.asm
                 POSTINC1   0x000fe6       data     extern E:\3.45\pic18-lt\cxx-framework\src\traditional\proc\p18f2455.asm
                 POSTINC2   0x000fde       data     extern E:\3.45\pic18-lt\cxx-framework\src\traditional\proc\p18f2455.asm
                      PR2   0x000fcb       data     extern E:\3.45\pic18-lt\cxx-framework\src\traditional\proc\p18f2455.asm
                  PREINC0   0x000fec       data     extern E:\3.45\pic18-lt\cxx-framework\src\traditional\proc\p18f2455.asm
                  PREINC1   0x000fe4       data     extern E:\3.45\pic18-lt\cxx-framework\src\traditional\proc\p18f2455.asm
                  PREINC2   0x000fdc       data     extern E:\3.45\pic18-lt\cxx-framework\src\traditional\proc\p18f2455.asm
                     PROD   0x000ff3       data     extern E:\3.45\pic18-lt\cxx-framework\src\traditional\proc\p18f2455.asm
                    PRODH   0x000ff4       data     extern E:\3.45\pic18-lt\cxx-framework\src\traditional\proc\p18f2455.asm
                    PRODL   0x000ff3       data     extern E:\3.45\pic18-lt\cxx-framework\src\traditional\proc\p18f2455.asm
                     RCON   0x000fd0       data     extern E:\3.45\pic18-lt\cxx-framework\src\traditional\proc\p18f2455.asm
                 RCONbits   0x000fd0       data     extern E:\3.45\pic18-lt\cxx-framework\src\traditional\proc\p18f2455.asm
                    RCREG   0x000fae       data     extern E:\3.45\pic18-lt\cxx-framework\src\traditional\proc\p18f2455.asm
                    RCSTA   0x000fab       data     extern E:\3.45\pic18-lt\cxx-framework\src\traditional\proc\p18f2455.asm
                RCSTAbits   0x000fab       data     extern E:\3.45\pic18-lt\cxx-framework\src\traditional\proc\p18f2455.asm
                 RxBuffer   0x000100       data     extern C:\Users\otagar119780\Dropbox\Oded\Smart Home\SmartHome-18f2455 Shutters\main.c
                     SIGN   0x00000e       data     extern E:\3.45\pic18-lt\cxx-framework\src\traditional\math\cmath18.asm
                    SPBRG   0x000faf       data     extern E:\3.45\pic18-lt\cxx-framework\src\traditional\proc\p18f2455.asm
                   SPBRGH   0x000fb0       data     extern E:\3.45\pic18-lt\cxx-framework\src\traditional\proc\p18f2455.asm
                   SSPADD   0x000fc8       data     extern E:\3.45\pic18-lt\cxx-framework\src\traditional\proc\p18f2455.asm
                   SSPBUF   0x000fc9       data     extern E:\3.45\pic18-lt\cxx-framework\src\traditional\proc\p18f2455.asm
                  SSPCON1   0x000fc6       data     extern E:\3.45\pic18-lt\cxx-framework\src\traditional\proc\p18f2455.asm
              SSPCON1bits   0x000fc6       data     extern E:\3.45\pic18-lt\cxx-framework\src\traditional\proc\p18f2455.asm
                  SSPCON2   0x000fc5       data     extern E:\3.45\pic18-lt\cxx-framework\src\traditional\proc\p18f2455.asm
              SSPCON2bits   0x000fc5       data     extern E:\3.45\pic18-lt\cxx-framework\src\traditional\proc\p18f2455.asm
                  SSPSTAT   0x000fc7       data     extern E:\3.45\pic18-lt\cxx-framework\src\traditional\proc\p18f2455.asm
              SSPSTATbits   0x000fc7       data     extern E:\3.45\pic18-lt\cxx-framework\src\traditional\proc\p18f2455.asm
                   STATUS   0x000fd8       data     extern E:\3.45\pic18-lt\cxx-framework\src\traditional\proc\p18f2455.asm
               STATUSbits   0x000fd8       data     extern E:\3.45\pic18-lt\cxx-framework\src\traditional\proc\p18f2455.asm
                   STKPTR   0x000ffc       data     extern E:\3.45\pic18-lt\cxx-framework\src\traditional\proc\p18f2455.asm
               STKPTRbits   0x000ffc       data     extern E:\3.45\pic18-lt\cxx-framework\src\traditional\proc\p18f2455.asm
                  SWcount   0x0001ca       data     extern C:\Users\otagar119780\Dropbox\Oded\Smart Home\SmartHome-18f2455 Shutters\main.c
                    T0CON   0x000fd5       data     extern E:\3.45\pic18-lt\cxx-framework\src\traditional\proc\p18f2455.asm
                T0CONbits   0x000fd5       data     extern E:\3.45\pic18-lt\cxx-framework\src\traditional\proc\p18f2455.asm
                    T1CON   0x000fcd       data     extern E:\3.45\pic18-lt\cxx-framework\src\traditional\proc\p18f2455.asm
                T1CONbits   0x000fcd       data     extern E:\3.45\pic18-lt\cxx-framework\src\traditional\proc\p18f2455.asm
                    T2CON   0x000fca       data     extern E:\3.45\pic18-lt\cxx-framework\src\traditional\proc\p18f2455.asm
                T2CONbits   0x000fca       data     extern E:\3.45\pic18-lt\cxx-framework\src\traditional\proc\p18f2455.asm
                    T3CON   0x000fb1       data     extern E:\3.45\pic18-lt\cxx-framework\src\traditional\proc\p18f2455.asm
                T3CONbits   0x000fb1       data     extern E:\3.45\pic18-lt\cxx-framework\src\traditional\proc\p18f2455.asm
                   TABLAT   0x000ff5       data     extern E:\3.45\pic18-lt\cxx-framework\src\traditional\proc\p18f2455.asm
                   TBLPTR   0x000ff6       data     extern E:\3.45\pic18-lt\cxx-framework\src\traditional\proc\p18f2455.asm
                  TBLPTRH   0x000ff7       data     extern E:\3.45\pic18-lt\cxx-framework\src\traditional\proc\p18f2455.asm
                  TBLPTRL   0x000ff6       data     extern E:\3.45\pic18-lt\cxx-framework\src\traditional\proc\p18f2455.asm
                  TBLPTRU   0x000ff8       data     extern E:\3.45\pic18-lt\cxx-framework\src\traditional\proc\p18f2455.asm
                    TMR0H   0x000fd7       data     extern E:\3.45\pic18-lt\cxx-framework\src\traditional\proc\p18f2455.asm
                    TMR0L   0x000fd6       data     extern E:\3.45\pic18-lt\cxx-framework\src\traditional\proc\p18f2455.asm
                    TMR1H   0x000fcf       data     extern E:\3.45\pic18-lt\cxx-framework\src\traditional\proc\p18f2455.asm
                    TMR1L   0x000fce       data     extern E:\3.45\pic18-lt\cxx-framework\src\traditional\proc\p18f2455.asm
                     TMR2   0x000fcc       data     extern E:\3.45\pic18-lt\cxx-framework\src\traditional\proc\p18f2455.asm
                    TMR3H   0x000fb3       data     extern E:\3.45\pic18-lt\cxx-framework\src\traditional\proc\p18f2455.asm
                    TMR3L   0x000fb2       data     extern E:\3.45\pic18-lt\cxx-framework\src\traditional\proc\p18f2455.asm
                      TOS   0x000ffd       data     extern E:\3.45\pic18-lt\cxx-framework\src\traditional\proc\p18f2455.asm
                     TOSH   0x000ffe       data     extern E:\3.45\pic18-lt\cxx-framework\src\traditional\proc\p18f2455.asm
                     TOSL   0x000ffd       data     extern E:\3.45\pic18-lt\cxx-framework\src\traditional\proc\p18f2455.asm
                     TOSU   0x000fff       data     extern E:\3.45\pic18-lt\cxx-framework\src\traditional\proc\p18f2455.asm
                    TRISA   0x000f92       data     extern E:\3.45\pic18-lt\cxx-framework\src\traditional\proc\p18f2455.asm
                TRISAbits   0x000f92       data     extern E:\3.45\pic18-lt\cxx-framework\src\traditional\proc\p18f2455.asm
                    TRISB   0x000f93       data     extern E:\3.45\pic18-lt\cxx-framework\src\traditional\proc\p18f2455.asm
                TRISBbits   0x000f93       data     extern E:\3.45\pic18-lt\cxx-framework\src\traditional\proc\p18f2455.asm
                    TRISC   0x000f94       data     extern E:\3.45\pic18-lt\cxx-framework\src\traditional\proc\p18f2455.asm
                TRISCbits   0x000f94       data     extern E:\3.45\pic18-lt\cxx-framework\src\traditional\proc\p18f2455.asm
                    TXREG   0x000fad       data     extern E:\3.45\pic18-lt\cxx-framework\src\traditional\proc\p18f2455.asm
                    TXSTA   0x000fac       data     extern E:\3.45\pic18-lt\cxx-framework\src\traditional\proc\p18f2455.asm
                TXSTAbits   0x000fac       data     extern E:\3.45\pic18-lt\cxx-framework\src\traditional\proc\p18f2455.asm
                 TxBuffer   0x000164       data     extern C:\Users\otagar119780\Dropbox\Oded\Smart Home\SmartHome-18f2455 Shutters\main.c
                    UADDR   0x000f6e       data     extern E:\3.45\pic18-lt\cxx-framework\src\traditional\proc\p18f2455.asm
                UADDRbits   0x000f6e       data     extern E:\3.45\pic18-lt\cxx-framework\src\traditional\proc\p18f2455.asm
                     UCFG   0x000f6f       data     extern E:\3.45\pic18-lt\cxx-framework\src\traditional\proc\p18f2455.asm
                 UCFGbits   0x000f6f       data     extern E:\3.45\pic18-lt\cxx-framework\src\traditional\proc\p18f2455.asm
                     UCON   0x000f6d       data     extern E:\3.45\pic18-lt\cxx-framework\src\traditional\proc\p18f2455.asm
                 UCONbits   0x000f6d       data     extern E:\3.45\pic18-lt\cxx-framework\src\traditional\proc\p18f2455.asm
                     UEIE   0x000f6b       data     extern E:\3.45\pic18-lt\cxx-framework\src\traditional\proc\p18f2455.asm
                 UEIEbits   0x000f6b       data     extern E:\3.45\pic18-lt\cxx-framework\src\traditional\proc\p18f2455.asm
                     UEIR   0x000f6a       data     extern E:\3.45\pic18-lt\cxx-framework\src\traditional\proc\p18f2455.asm
                 UEIRbits   0x000f6a       data     extern E:\3.45\pic18-lt\cxx-framework\src\traditional\proc\p18f2455.asm
                     UEP0   0x000f70       data     extern E:\3.45\pic18-lt\cxx-framework\src\traditional\proc\p18f2455.asm
                 UEP0bits   0x000f70       data     extern E:\3.45\pic18-lt\cxx-framework\src\traditional\proc\p18f2455.asm
                     UEP1   0x000f71       data     extern E:\3.45\pic18-lt\cxx-framework\src\traditional\proc\p18f2455.asm
                    UEP10   0x000f7a       data     extern E:\3.45\pic18-lt\cxx-framework\src\traditional\proc\p18f2455.asm
                UEP10bits   0x000f7a       data     extern E:\3.45\pic18-lt\cxx-framework\src\traditional\proc\p18f2455.asm
                    UEP11   0x000f7b       data     extern E:\3.45\pic18-lt\cxx-framework\src\traditional\proc\p18f2455.asm
                UEP11bits   0x000f7b       data     extern E:\3.45\pic18-lt\cxx-framework\src\traditional\proc\p18f2455.asm
                    UEP12   0x000f7c       data     extern E:\3.45\pic18-lt\cxx-framework\src\traditional\proc\p18f2455.asm
                UEP12bits   0x000f7c       data     extern E:\3.45\pic18-lt\cxx-framework\src\traditional\proc\p18f2455.asm
                    UEP13   0x000f7d       data     extern E:\3.45\pic18-lt\cxx-framework\src\traditional\proc\p18f2455.asm
                UEP13bits   0x000f7d       data     extern E:\3.45\pic18-lt\cxx-framework\src\traditional\proc\p18f2455.asm
                    UEP14   0x000f7e       data     extern E:\3.45\pic18-lt\cxx-framework\src\traditional\proc\p18f2455.asm
                UEP14bits   0x000f7e       data     extern E:\3.45\pic18-lt\cxx-framework\src\traditional\proc\p18f2455.asm
                    UEP15   0x000f7f       data     extern E:\3.45\pic18-lt\cxx-framework\src\traditional\proc\p18f2455.asm
                UEP15bits   0x000f7f       data     extern E:\3.45\pic18-lt\cxx-framework\src\traditional\proc\p18f2455.asm
                 UEP1bits   0x000f71       data     extern E:\3.45\pic18-lt\cxx-framework\src\traditional\proc\p18f2455.asm
                     UEP2   0x000f72       data     extern E:\3.45\pic18-lt\cxx-framework\src\traditional\proc\p18f2455.asm
                 UEP2bits   0x000f72       data     extern E:\3.45\pic18-lt\cxx-framework\src\traditional\proc\p18f2455.asm
                     UEP3   0x000f73       data     extern E:\3.45\pic18-lt\cxx-framework\src\traditional\proc\p18f2455.asm
                 UEP3bits   0x000f73       data     extern E:\3.45\pic18-lt\cxx-framework\src\traditional\proc\p18f2455.asm
                     UEP4   0x000f74       data     extern E:\3.45\pic18-lt\cxx-framework\src\traditional\proc\p18f2455.asm
                 UEP4bits   0x000f74       data     extern E:\3.45\pic18-lt\cxx-framework\src\traditional\proc\p18f2455.asm
                     UEP5   0x000f75       data     extern E:\3.45\pic18-lt\cxx-framework\src\traditional\proc\p18f2455.asm
                 UEP5bits   0x000f75       data     extern E:\3.45\pic18-lt\cxx-framework\src\traditional\proc\p18f2455.asm
                     UEP6   0x000f76       data     extern E:\3.45\pic18-lt\cxx-framework\src\traditional\proc\p18f2455.asm
                 UEP6bits   0x000f76       data     extern E:\3.45\pic18-lt\cxx-framework\src\traditional\proc\p18f2455.asm
                     UEP7   0x000f77       data     extern E:\3.45\pic18-lt\cxx-framework\src\traditional\proc\p18f2455.asm
                 UEP7bits   0x000f77       data     extern E:\3.45\pic18-lt\cxx-framework\src\traditional\proc\p18f2455.asm
                     UEP8   0x000f78       data     extern E:\3.45\pic18-lt\cxx-framework\src\traditional\proc\p18f2455.asm
                 UEP8bits   0x000f78       data     extern E:\3.45\pic18-lt\cxx-framework\src\traditional\proc\p18f2455.asm
                     UEP9   0x000f79       data     extern E:\3.45\pic18-lt\cxx-framework\src\traditional\proc\p18f2455.asm
                 UEP9bits   0x000f79       data     extern E:\3.45\pic18-lt\cxx-framework\src\traditional\proc\p18f2455.asm
                     UFRM   0x000f66       data     extern E:\3.45\pic18-lt\cxx-framework\src\traditional\proc\p18f2455.asm
                    UFRMH   0x000f67       data     extern E:\3.45\pic18-lt\cxx-framework\src\traditional\proc\p18f2455.asm
                UFRMHbits   0x000f67       data     extern E:\3.45\pic18-lt\cxx-framework\src\traditional\proc\p18f2455.asm
                    UFRML   0x000f66       data     extern E:\3.45\pic18-lt\cxx-framework\src\traditional\proc\p18f2455.asm
                UFRMLbits   0x000f66       data     extern E:\3.45\pic18-lt\cxx-framework\src\traditional\proc\p18f2455.asm
                      UIE   0x000f69       data     extern E:\3.45\pic18-lt\cxx-framework\src\traditional\proc\p18f2455.asm
                  UIEbits   0x000f69       data     extern E:\3.45\pic18-lt\cxx-framework\src\traditional\proc\p18f2455.asm
                      UIR   0x000f68       data     extern E:\3.45\pic18-lt\cxx-framework\src\traditional\proc\p18f2455.asm
                  UIRbits   0x000f68       data     extern E:\3.45\pic18-lt\cxx-framework\src\traditional\proc\p18f2455.asm
             USART_Status   0x0001dd       data     extern E:\3.45\pic18-lt\cxx-framework\src\pmc_common\USART\udefs.c
                    USTAT   0x000f6c       data     extern E:\3.45\pic18-lt\cxx-framework\src\traditional\proc\p18f2455.asm
                USTATbits   0x000f6c       data     extern E:\3.45\pic18-lt\cxx-framework\src\traditional\proc\p18f2455.asm
                   WDTCON   0x000fd1       data     extern E:\3.45\pic18-lt\cxx-framework\src\traditional\proc\p18f2455.asm
               WDTCONbits   0x000fd1       data     extern E:\3.45\pic18-lt\cxx-framework\src\traditional\proc\p18f2455.asm
                     WREG   0x000fe8       data     extern E:\3.45\pic18-lt\cxx-framework\src\traditional\proc\p18f2455.asm
                 __AARGB0   0x000007       data     extern E:\3.45\pic18-lt\cxx-framework\src\traditional\math\aarg.asm
                 __AARGB1   0x000006       data     extern E:\3.45\pic18-lt\cxx-framework\src\traditional\math\aarg.asm
                 __AARGB2   0x000005       data     extern E:\3.45\pic18-lt\cxx-framework\src\traditional\math\aarg.asm
                 __AARGB3   0x000004       data     extern E:\3.45\pic18-lt\cxx-framework\src\traditional\math\aarg.asm
                 __AARGB4   0x000003       data     extern E:\3.45\pic18-lt\cxx-framework\src\traditional\math\aarg.asm
                 __AARGB5   0x000002       data     extern E:\3.45\pic18-lt\cxx-framework\src\traditional\math\aarg.asm
                 __AARGB6   0x000001       data     extern E:\3.45\pic18-lt\cxx-framework\src\traditional\math\aarg.asm
                 __AARGB7   0x000000       data     extern E:\3.45\pic18-lt\cxx-framework\src\traditional\math\aarg.asm
                   __AEXP   0x000008       data     extern E:\3.45\pic18-lt\cxx-framework\src\traditional\math\aarg.asm
                 __BARGB0   0x00000c       data     extern E:\3.45\pic18-lt\cxx-framework\src\traditional\math\barg.asm
                 __BARGB1   0x00000b       data     extern E:\3.45\pic18-lt\cxx-framework\src\traditional\math\barg.asm
                 __BARGB2   0x00000a       data     extern E:\3.45\pic18-lt\cxx-framework\src\traditional\math\barg.asm
                 __BARGB3   0x000009       data     extern E:\3.45\pic18-lt\cxx-framework\src\traditional\math\barg.asm
                   __BEXP   0x00000d       data     extern E:\3.45\pic18-lt\cxx-framework\src\traditional\math\barg.asm
                __FPFLAGS   0x00000f       data     extern E:\3.45\pic18-lt\cxx-framework\src\traditional\math\cmath18.asm
            __FPFLAGSbits   0x00000f       data     extern E:\3.45\pic18-lt\cxx-framework\src\traditional\math\cmath18.asm
                  __REMB0   0x000003       data     extern E:\3.45\pic18-lt\cxx-framework\src\traditional\math\aarg.asm
                  __REMB1   0x000002       data     extern E:\3.45\pic18-lt\cxx-framework\src\traditional\math\aarg.asm
                  __REMB2   0x000001       data     extern E:\3.45\pic18-lt\cxx-framework\src\traditional\math\aarg.asm
                  __REMB3   0x000000       data     extern E:\3.45\pic18-lt\cxx-framework\src\traditional\math\aarg.asm
                   __TEMP   0x000013       data     extern E:\3.45\pic18-lt\cxx-framework\src\traditional\math\temparg.asm
                 __TEMPB0   0x000013       data     extern E:\3.45\pic18-lt\cxx-framework\src\traditional\math\temparg.asm
                 __TEMPB1   0x000012       data     extern E:\3.45\pic18-lt\cxx-framework\src\traditional\math\temparg.asm
                 __TEMPB2   0x000011       data     extern E:\3.45\pic18-lt\cxx-framework\src\traditional\math\temparg.asm
                 __TEMPB3   0x000010       data     extern E:\3.45\pic18-lt\cxx-framework\src\traditional\math\temparg.asm
                  __tmp_0   0x000014       data     static E:\3.45\pic18-lt\cxx-framework\src\traditional\stdclib\sprintf.c
                  __tmp_0   0x000014       data     static E:\3.45\pic18-lt\cxx-framework\src\traditional\stdclib\vfprintf.c
                  __tmp_0   0x000014       data     static E:\3.45\pic18-lt\cxx-framework\src\traditional\stdclib\putc.c
                  __tmp_0   0x000014       data     static E:\3.45\pic18-lt\cxx-framework\src\pmc_common\USART\uopen.c
                  __tmp_0   0x000014       data     static C:\Users\otagar119780\Dropbox\Oded\Smart Home\SmartHome-18f2455 Shutters\main.c
                  __tmp_1   0x00001f       data     static C:\Users\otagar119780\Dropbox\Oded\Smart Home\SmartHome-18f2455 Shutters\main.c
                  __tmp_2   0x00001b       data     static C:\Users\otagar119780\Dropbox\Oded\Smart Home\SmartHome-18f2455 Shutters\main.c
                curr_byte   0x0001d6       data     static E:\3.45\pic18-lt\cxx-framework\src\traditional\startup\c018i.c
               curr_entry   0x0001d8       data     static E:\3.45\pic18-lt\cxx-framework\src\traditional\startup\c018i.c
                 data_ptr   0x0001da       data     static E:\3.45\pic18-lt\cxx-framework\src\traditional\startup\c018i.c
              deviceState   0x0001d2       data     extern C:\Users\otagar119780\Dropbox\Oded\Smart Home\SmartHome-18f2455 Shutters\main.c
               downBuffer   0x0001cf       data     extern C:\Users\otagar119780\Dropbox\Oded\Smart Home\SmartHome-18f2455 Shutters\main.c
               motionTime   0x0001d0       data     extern C:\Users\otagar119780\Dropbox\Oded\Smart Home\SmartHome-18f2455 Shutters\main.c
                     prom   0x0001d3       data     static E:\3.45\pic18-lt\cxx-framework\src\traditional\startup\c018i.c
               receivePos   0x0001c8       data     extern C:\Users\otagar119780\Dropbox\Oded\Smart Home\SmartHome-18f2455 Shutters\main.c
                 upBuffer   0x0001ce       data     extern C:\Users\otagar119780\Dropbox\Oded\Smart Home\SmartHome-18f2455 Shutters\main.c



                              Symbols - Sorted by Address
                     Name    Address   Location    Storage File                     
                ---------  ---------  ---------  --------- ---------                
                   _entry   0x000000    program     extern E:\3.45\pic18-lt\cxx-framework\src\traditional\startup\c018i.c
       ___return_lbl00000   0x000004    program     static                          
               _user_putc   0x000006    program     extern E:\3.45\pic18-lt\cxx-framework\src\traditional\stdclib\_user_putc.c
                 High_ISR   0x000008    program     extern C:\Users\otagar119780\Dropbox\Oded\Smart Home\SmartHome-18f2455 Shutters\main.c
       ___return_lbl00000   0x00000c    program     static                          
                   __init   0x00000e    program     extern E:\3.45\pic18-lt\cxx-framework\src\traditional\stdclib\__init.c
                  Low_ISR   0x000018    program     extern C:\Users\otagar119780\Dropbox\Oded\Smart Home\SmartHome-18f2455 Shutters\main.c
       ___return_lbl00001   0x00001c    program     static                          
            s_put_n_chars   0x00002c    program     static E:\3.45\pic18-lt\cxx-framework\src\traditional\stdclib\vfprintf.c
                 vfprintf   0x000058    program     extern E:\3.45\pic18-lt\cxx-framework\src\traditional\stdclib\vfprintf.c
              __tmplbl_85   0x000082    program     static                          
              __tmplbl_44   0x000930    program     static                          
              __tmplbl_43   0x00094a    program     static                          
                   __pa_0   0x00096c    program     static E:\3.45\pic18-lt\cxx-framework\src\traditional\stdclib\vfprintf.c
                   __pa_1   0x000974    program     static E:\3.45\pic18-lt\cxx-framework\src\traditional\stdclib\vfprintf.c
                   __pa_2   0x00097e    program     static E:\3.45\pic18-lt\cxx-framework\src\traditional\stdclib\vfprintf.c
                   __pa_3   0x000988    program     static E:\3.45\pic18-lt\cxx-framework\src\traditional\stdclib\vfprintf.c
                   __pa_4   0x0009a0    program     static E:\3.45\pic18-lt\cxx-framework\src\traditional\stdclib\vfprintf.c
                   __pa_5   0x0009b4    program     static E:\3.45\pic18-lt\cxx-framework\src\traditional\stdclib\vfprintf.c
                   __pa_6   0x0009d0    program     static E:\3.45\pic18-lt\cxx-framework\src\traditional\stdclib\vfprintf.c
                   __pa_7   0x0009da    program     static E:\3.45\pic18-lt\cxx-framework\src\traditional\stdclib\vfprintf.c
                   __pa_8   0x0009e6    program     static E:\3.45\pic18-lt\cxx-framework\src\traditional\stdclib\vfprintf.c
                   __pa_9   0x000a08    program     static E:\3.45\pic18-lt\cxx-framework\src\traditional\stdclib\vfprintf.c
                  __pa_10   0x000a28    program     static E:\3.45\pic18-lt\cxx-framework\src\traditional\stdclib\vfprintf.c
                  __pa_11   0x000a36    program     static E:\3.45\pic18-lt\cxx-framework\src\traditional\stdclib\vfprintf.c
                  __pa_12   0x000a4c    program     static E:\3.45\pic18-lt\cxx-framework\src\traditional\stdclib\vfprintf.c
                  __pa_13   0x000a66    program     static E:\3.45\pic18-lt\cxx-framework\src\traditional\stdclib\vfprintf.c
                  __pa_14   0x000a7e    program     static E:\3.45\pic18-lt\cxx-framework\src\traditional\stdclib\vfprintf.c
                  __pa_15   0x000a8e    program     static E:\3.45\pic18-lt\cxx-framework\src\traditional\stdclib\vfprintf.c
                  __pa_16   0x000aa4    program     static E:\3.45\pic18-lt\cxx-framework\src\traditional\stdclib\vfprintf.c
                  __pa_17   0x000ab6    program     static E:\3.45\pic18-lt\cxx-framework\src\traditional\stdclib\vfprintf.c
                  __pa_18   0x000ac8    program     static E:\3.45\pic18-lt\cxx-framework\src\traditional\stdclib\vfprintf.c
                  __pa_19   0x000ad2    program     static E:\3.45\pic18-lt\cxx-framework\src\traditional\stdclib\vfprintf.c
                  __pa_20   0x000ae2    program     static E:\3.45\pic18-lt\cxx-framework\src\traditional\stdclib\vfprintf.c
                  __pa_21   0x000af2    program     static E:\3.45\pic18-lt\cxx-framework\src\traditional\stdclib\vfprintf.c
              __tmplbl_42   0x000b02    program     static                          
                  __pa_22   0x000b02    program     static E:\3.45\pic18-lt\cxx-framework\src\traditional\stdclib\vfprintf.c
                  __pa_23   0x000b0e    program     static E:\3.45\pic18-lt\cxx-framework\src\traditional\stdclib\vfprintf.c
                  __pa_24   0x000b1c    program     static E:\3.45\pic18-lt\cxx-framework\src\traditional\stdclib\vfprintf.c
                  __pa_25   0x000b24    program     static E:\3.45\pic18-lt\cxx-framework\src\traditional\stdclib\vfprintf.c
                  __pa_26   0x000b2e    program     static E:\3.45\pic18-lt\cxx-framework\src\traditional\stdclib\vfprintf.c
                  __pa_27   0x000b38    program     static E:\3.45\pic18-lt\cxx-framework\src\traditional\stdclib\vfprintf.c
                  __pa_28   0x000b40    program     static E:\3.45\pic18-lt\cxx-framework\src\traditional\stdclib\vfprintf.c
                  __pa_29   0x000b4e    program     static E:\3.45\pic18-lt\cxx-framework\src\traditional\stdclib\vfprintf.c
                  __pa_30   0x000b6a    program     static E:\3.45\pic18-lt\cxx-framework\src\traditional\stdclib\vfprintf.c
                  __pa_31   0x000b84    program     static E:\3.45\pic18-lt\cxx-framework\src\traditional\stdclib\vfprintf.c
                  __pa_32   0x000b9e    program     static E:\3.45\pic18-lt\cxx-framework\src\traditional\stdclib\vfprintf.c
                  __pa_33   0x000bb6    program     static E:\3.45\pic18-lt\cxx-framework\src\traditional\stdclib\vfprintf.c
                  __pa_34   0x000bc0    program     static E:\3.45\pic18-lt\cxx-framework\src\traditional\stdclib\vfprintf.c
                  __pa_35   0x000bce    program     static E:\3.45\pic18-lt\cxx-framework\src\traditional\stdclib\vfprintf.c
                  __pa_36   0x000bd6    program     static E:\3.45\pic18-lt\cxx-framework\src\traditional\stdclib\vfprintf.c
                  __pa_37   0x000be0    program     static E:\3.45\pic18-lt\cxx-framework\src\traditional\stdclib\vfprintf.c
                  __pa_38   0x000bf0    program     static E:\3.45\pic18-lt\cxx-framework\src\traditional\stdclib\vfprintf.c
                  __pa_39   0x000bfe    program     static E:\3.45\pic18-lt\cxx-framework\src\traditional\stdclib\vfprintf.c
                  __pa_40   0x000c0a    program     static E:\3.45\pic18-lt\cxx-framework\src\traditional\stdclib\vfprintf.c
                  __pa_41   0x000c16    program     static E:\3.45\pic18-lt\cxx-framework\src\traditional\stdclib\vfprintf.c
                  __pa_42   0x000c1e    program     static E:\3.45\pic18-lt\cxx-framework\src\traditional\stdclib\vfprintf.c
                  __pa_43   0x000c28    program     static E:\3.45\pic18-lt\cxx-framework\src\traditional\stdclib\vfprintf.c
                  __pa_44   0x000c2e    program     static E:\3.45\pic18-lt\cxx-framework\src\traditional\stdclib\vfprintf.c
                  __pa_45   0x000c38    program     static E:\3.45\pic18-lt\cxx-framework\src\traditional\stdclib\vfprintf.c
                  __pa_46   0x000c44    program     static E:\3.45\pic18-lt\cxx-framework\src\traditional\stdclib\vfprintf.c
      highPriorityISRCode   0x000c4e    program     extern C:\Users\otagar119780\Dropbox\Oded\Smart Home\SmartHome-18f2455 Shutters\main.c
       lowPriorityISRCode   0x000c86    program     extern C:\Users\otagar119780\Dropbox\Oded\Smart Home\SmartHome-18f2455 Shutters\main.c
                     main   0x000f16    program     extern C:\Users\otagar119780\Dropbox\Oded\Smart Home\SmartHome-18f2455 Shutters\main.c
        ___while_lbl00021   0x000f1e    program     static                          
        ___while_lbl00022   0x000f22    program     static                          
       ___return_lbl00020   0x000f22    program     static                          
            handleMessage   0x000f24    program     extern C:\Users\otagar119780\Dropbox\Oded\Smart Home\SmartHome-18f2455 Shutters\main.c
          shutterCommands   0x000f40    program     extern C:\Users\otagar119780\Dropbox\Oded\Smart Home\SmartHome-18f2455 Shutters\main.c
            initialisePic   0x00102a    program     static C:\Users\otagar119780\Dropbox\Oded\Smart Home\SmartHome-18f2455 Shutters\main.c
                initUsart   0x00106c    program     extern C:\Users\otagar119780\Dropbox\Oded\Smart Home\SmartHome-18f2455 Shutters\main.c
                 initXbee   0x00108a    program     extern C:\Users\otagar119780\Dropbox\Oded\Smart Home\SmartHome-18f2455 Shutters\main.c
                delay1sec   0x00113a    program     extern C:\Users\otagar119780\Dropbox\Oded\Smart Home\SmartHome-18f2455 Shutters\main.c
             ReceiveUsart   0x001146    program     extern C:\Users\otagar119780\Dropbox\Oded\Smart Home\SmartHome-18f2455 Shutters\main.c
 TransmitUsartDeviceState   0x0011ee    program     extern C:\Users\otagar119780\Dropbox\Oded\Smart Home\SmartHome-18f2455 Shutters\main.c
          TransmitUsartAT   0x0012d8    program     extern C:\Users\otagar119780\Dropbox\Oded\Smart Home\SmartHome-18f2455 Shutters\main.c
                 FLO1632U   0x00136a    program     extern E:\3.45\pic18-lt\cxx-framework\src\traditional\math\cast16FP.asm
                 FLO1632S   0x00136e    program     extern E:\3.45\pic18-lt\cxx-framework\src\traditional\math\cast16FP.asm
                jI2F16Beg   0x00137e    program     static E:\3.45\pic18-lt\cxx-framework\src\traditional\math\cast16FP.asm
                    FPS32   0x001394    program     extern E:\3.45\pic18-lt\cxx-framework\src\traditional\math\addFP.asm
                    FPA32   0x001396    program     extern E:\3.45\pic18-lt\cxx-framework\src\traditional\math\addFP.asm
                jBANotInf   0x0013b4    program     static E:\3.45\pic18-lt\cxx-framework\src\traditional\math\addFP.asm
                 jANotInf   0x0013be    program     static E:\3.45\pic18-lt\cxx-framework\src\traditional\math\addFP.asm
                 jBNotInf   0x0013cc    program     static E:\3.45\pic18-lt\cxx-framework\src\traditional\math\addFP.asm
            jDifOrPosSign   0x0013e0    program     static E:\3.45\pic18-lt\cxx-framework\src\traditional\math\addFP.asm
             jNotBothZero   0x0013e4    program     static E:\3.45\pic18-lt\cxx-framework\src\traditional\math\addFP.asm
                 jAltBexp   0x001410    program     static E:\3.45\pic18-lt\cxx-framework\src\traditional\math\addFP.asm
              jAandWsetup   0x001422    program     static E:\3.45\pic18-lt\cxx-framework\src\traditional\math\addFP.asm
                 jANotNeg   0x001452    program     static E:\3.45\pic18-lt\cxx-framework\src\traditional\math\addFP.asm
                 jWNotNeg   0x001466    program     static E:\3.45\pic18-lt\cxx-framework\src\traditional\math\addFP.asm
               jShiftLoop   0x00146c    program     static E:\3.45\pic18-lt\cxx-framework\src\traditional\math\addFP.asm
               jShiftDone   0x00147a    program     static E:\3.45\pic18-lt\cxx-framework\src\traditional\math\addFP.asm
                jSignDone   0x0014aa    program     static E:\3.45\pic18-lt\cxx-framework\src\traditional\math\addFP.asm
               jFinalSign   0x0014ba    program     static E:\3.45\pic18-lt\cxx-framework\src\traditional\math\addFP.asm
                  TALTB32   0x0014c2    program     extern E:\3.45\pic18-lt\cxx-framework\src\traditional\math\ltFP.asm
              __FpCompare   0x0014d4    program     extern E:\3.45\pic18-lt\cxx-framework\src\traditional\math\compFP.asm
             jBothNotZero   0x0014f2    program     static E:\3.45\pic18-lt\cxx-framework\src\traditional\math\compFP.asm
                 jSignsEQ   0x0014f6    program     static E:\3.45\pic18-lt\cxx-framework\src\traditional\math\compFP.asm
                      jEQ   0x00150e    program     static E:\3.45\pic18-lt\cxx-framework\src\traditional\math\compFP.asm
                      jNE   0x001512    program     static E:\3.45\pic18-lt\cxx-framework\src\traditional\math\compFP.asm
                    jExch   0x00151a    program     static E:\3.45\pic18-lt\cxx-framework\src\traditional\math\compFP.asm
                  jNoExch   0x00153a    program     static E:\3.45\pic18-lt\cxx-framework\src\traditional\math\compFP.asm
                   jFinal   0x001544    program     static E:\3.45\pic18-lt\cxx-framework\src\traditional\math\compFP.asm
                  jAisNeg   0x001550    program     static E:\3.45\pic18-lt\cxx-framework\src\traditional\math\compFP.asm
                   jShift   0x001556    program     static E:\3.45\pic18-lt\cxx-framework\src\traditional\math\compFP.asm
                   jExpEQ   0x001560    program     static E:\3.45\pic18-lt\cxx-framework\src\traditional\math\compFP.asm
                  jRotate   0x00156c    program     static E:\3.45\pic18-lt\cxx-framework\src\traditional\math\compFP.asm
            __FpReturnNaN   0x00157e    program     extern E:\3.45\pic18-lt\cxx-framework\src\traditional\math\packFP.asm
                 __FpExit   0x00158a    program     extern E:\3.45\pic18-lt\cxx-framework\src\traditional\math\packFP.asm
        __FpReturnSignInf   0x00158c    program     extern E:\3.45\pic18-lt\cxx-framework\src\traditional\math\packFP.asm
         __FpReturnNegInf   0x001590    program     extern E:\3.45\pic18-lt\cxx-framework\src\traditional\math\packFP.asm
         __FpReturnPosInf   0x001596    program     extern E:\3.45\pic18-lt\cxx-framework\src\traditional\math\packFP.asm
           jReturnPosInf0   0x00159a    program     static E:\3.45\pic18-lt\cxx-framework\src\traditional\math\packFP.asm
               jZero1and2   0x00159e    program     static E:\3.45\pic18-lt\cxx-framework\src\traditional\math\packFP.asm
       __FpReturnSignZero   0x0015a4    program     extern E:\3.45\pic18-lt\cxx-framework\src\traditional\math\packFP.asm
        __FpReturnNegZero   0x0015a8    program     extern E:\3.45\pic18-lt\cxx-framework\src\traditional\math\packFP.asm
        __FpReturnPosZero   0x0015b0    program     extern E:\3.45\pic18-lt\cxx-framework\src\traditional\math\packFP.asm
                 __FpPack   0x0015b6    program     extern E:\3.45\pic18-lt\cxx-framework\src\traditional\math\packFP.asm
[...]
                 LATCbits   0x000f8b       data     extern E:\3.45\pic18-lt\cxx-framework\src\traditional\proc\p18f2455.asm
                    TRISA   0x000f92       data     extern E:\3.45\pic18-lt\cxx-framework\src\traditional\proc\p18f2455.asm
                TRISAbits   0x000f92       data     extern E:\3.45\pic18-lt\cxx-framework\src\traditional\proc\p18f2455.asm
                     DDRA   0x000f92       data     extern E:\3.45\pic18-lt\cxx-framework\src\traditional\proc\p18f2455.asm
                 DDRAbits   0x000f92       data     extern E:\3.45\pic18-lt\cxx-framework\src\traditional\proc\p18f2455.asm
                    TRISB   0x000f93       data     extern E:\3.45\pic18-lt\cxx-framework\src\traditional\proc\p18f2455.asm
                TRISBbits   0x000f93       data     extern E:\3.45\pic18-lt\cxx-framework\src\traditional\proc\p18f2455.asm
                     DDRB   0x000f93       data     extern E:\3.45\pic18-lt\cxx-framework\src\traditional\proc\p18f2455.asm
                 DDRBbits   0x000f93       data     extern E:\3.45\pic18-lt\cxx-framework\src\traditional\proc\p18f2455.asm
                    TRISC   0x000f94       data     extern E:\3.45\pic18-lt\cxx-framework\src\traditional\proc\p18f2455.asm
                     DDRC   0x000f94       data     extern E:\3.45\pic18-lt\cxx-framework\src\traditional\proc\p18f2455.asm
                 DDRCbits   0x000f94       data     extern E:\3.45\pic18-lt\cxx-framework\src\traditional\proc\p18f2455.asm
                TRISCbits   0x000f94       data     extern E:\3.45\pic18-lt\cxx-framework\src\traditional\proc\p18f2455.asm
                  OSCTUNE   0x000f9b       data     extern E:\3.45\pic18-lt\cxx-framework\src\traditional\proc\p18f2455.asm
              OSCTUNEbits   0x000f9b       data     extern E:\3.45\pic18-lt\cxx-framework\src\traditional\proc\p18f2455.asm
                     PIE1   0x000f9d       data     extern E:\3.45\pic18-lt\cxx-framework\src\traditional\proc\p18f2455.asm
                 PIE1bits   0x000f9d       data     extern E:\3.45\pic18-lt\cxx-framework\src\traditional\proc\p18f2455.asm
                     PIR1   0x000f9e       data     extern E:\3.45\pic18-lt\cxx-framework\src\traditional\proc\p18f2455.asm
                 PIR1bits   0x000f9e       data     extern E:\3.45\pic18-lt\cxx-framework\src\traditional\proc\p18f2455.asm
                 IPR1bits   0x000f9f       data     extern E:\3.45\pic18-lt\cxx-framework\src\traditional\proc\p18f2455.asm
                     IPR1   0x000f9f       data     extern E:\3.45\pic18-lt\cxx-framework\src\traditional\proc\p18f2455.asm
                 PIE2bits   0x000fa0       data     extern E:\3.45\pic18-lt\cxx-framework\src\traditional\proc\p18f2455.asm
                     PIE2   0x000fa0       data     extern E:\3.45\pic18-lt\cxx-framework\src\traditional\proc\p18f2455.asm
                 PIR2bits   0x000fa1       data     extern E:\3.45\pic18-lt\cxx-framework\src\traditional\proc\p18f2455.asm
                     PIR2   0x000fa1       data     extern E:\3.45\pic18-lt\cxx-framework\src\traditional\proc\p18f2455.asm
                     IPR2   0x000fa2       data     extern E:\3.45\pic18-lt\cxx-framework\src\traditional\proc\p18f2455.asm
                 IPR2bits   0x000fa2       data     extern E:\3.45\pic18-lt\cxx-framework\src\traditional\proc\p18f2455.asm
                   EECON1   0x000fa6       data     extern E:\3.45\pic18-lt\cxx-framework\src\traditional\proc\p18f2455.asm
               EECON1bits   0x000fa6       data     extern E:\3.45\pic18-lt\cxx-framework\src\traditional\proc\p18f2455.asm
                   EECON2   0x000fa7       data     extern E:\3.45\pic18-lt\cxx-framework\src\traditional\proc\p18f2455.asm
                   EEDATA   0x000fa8       data     extern E:\3.45\pic18-lt\cxx-framework\src\traditional\proc\p18f2455.asm
                    EEADR   0x000fa9       data     extern E:\3.45\pic18-lt\cxx-framework\src\traditional\proc\p18f2455.asm
                    RCSTA   0x000fab       data     extern E:\3.45\pic18-lt\cxx-framework\src\traditional\proc\p18f2455.asm
                RCSTAbits   0x000fab       data     extern E:\3.45\pic18-lt\cxx-framework\src\traditional\proc\p18f2455.asm
                TXSTAbits   0x000fac       data     extern E:\3.45\pic18-lt\cxx-framework\src\traditional\proc\p18f2455.asm
                    TXSTA   0x000fac       data     extern E:\3.45\pic18-lt\cxx-framework\src\traditional\proc\p18f2455.asm
                    TXREG   0x000fad       data     extern E:\3.45\pic18-lt\cxx-framework\src\traditional\proc\p18f2455.asm
                    RCREG   0x000fae       data     extern E:\3.45\pic18-lt\cxx-framework\src\traditional\proc\p18f2455.asm
                    SPBRG   0x000faf       data     extern E:\3.45\pic18-lt\cxx-framework\src\traditional\proc\p18f2455.asm
                   SPBRGH   0x000fb0       data     extern E:\3.45\pic18-lt\cxx-framework\src\traditional\proc\p18f2455.asm
                T3CONbits   0x000fb1       data     extern E:\3.45\pic18-lt\cxx-framework\src\traditional\proc\p18f2455.asm
                    T3CON   0x000fb1       data     extern E:\3.45\pic18-lt\cxx-framework\src\traditional\proc\p18f2455.asm
                    TMR3L   0x000fb2       data     extern E:\3.45\pic18-lt\cxx-framework\src\traditional\proc\p18f2455.asm
                    TMR3H   0x000fb3       data     extern E:\3.45\pic18-lt\cxx-framework\src\traditional\proc\p18f2455.asm
                CMCONbits   0x000fb4       data     extern E:\3.45\pic18-lt\cxx-framework\src\traditional\proc\p18f2455.asm
                    CMCON   0x000fb4       data     extern E:\3.45\pic18-lt\cxx-framework\src\traditional\proc\p18f2455.asm
               CVRCONbits   0x000fb5       data     extern E:\3.45\pic18-lt\cxx-framework\src\traditional\proc\p18f2455.asm
                   CVRCON   0x000fb5       data     extern E:\3.45\pic18-lt\cxx-framework\src\traditional\proc\p18f2455.asm
                   CCP1AS   0x000fb6       data     extern E:\3.45\pic18-lt\cxx-framework\src\traditional\proc\p18f2455.asm
               CCP1ASbits   0x000fb6       data     extern E:\3.45\pic18-lt\cxx-framework\src\traditional\proc\p18f2455.asm
              ECCP1ASbits   0x000fb6       data     extern E:\3.45\pic18-lt\cxx-framework\src\traditional\proc\p18f2455.asm
                  ECCP1AS   0x000fb6       data     extern E:\3.45\pic18-lt\cxx-framework\src\traditional\proc\p18f2455.asm
                  CCP1DEL   0x000fb7       data     extern E:\3.45\pic18-lt\cxx-framework\src\traditional\proc\p18f2455.asm
             ECCP1DELbits   0x000fb7       data     extern E:\3.45\pic18-lt\cxx-framework\src\traditional\proc\p18f2455.asm
                 ECCP1DEL   0x000fb7       data     extern E:\3.45\pic18-lt\cxx-framework\src\traditional\proc\p18f2455.asm
              CCP1DELbits   0x000fb7       data     extern E:\3.45\pic18-lt\cxx-framework\src\traditional\proc\p18f2455.asm
              BAUDCONbits   0x000fb8       data     extern E:\3.45\pic18-lt\cxx-framework\src\traditional\proc\p18f2455.asm
                  BAUDCTL   0x000fb8       data     extern E:\3.45\pic18-lt\cxx-framework\src\traditional\proc\p18f2455.asm
              BAUDCTLbits   0x000fb8       data     extern E:\3.45\pic18-lt\cxx-framework\src\traditional\proc\p18f2455.asm
                  BAUDCON   0x000fb8       data     extern E:\3.45\pic18-lt\cxx-framework\src\traditional\proc\p18f2455.asm
                  CCP2CON   0x000fba       data     extern E:\3.45\pic18-lt\cxx-framework\src\traditional\proc\p18f2455.asm
              CCP2CONbits   0x000fba       data     extern E:\3.45\pic18-lt\cxx-framework\src\traditional\proc\p18f2455.asm
                   CCPR2L   0x000fbb       data     extern E:\3.45\pic18-lt\cxx-framework\src\traditional\proc\p18f2455.asm
                    CCPR2   0x000fbb       data     extern E:\3.45\pic18-lt\cxx-framework\src\traditional\proc\p18f2455.asm
                   CCPR2H   0x000fbc       data     extern E:\3.45\pic18-lt\cxx-framework\src\traditional\proc\p18f2455.asm
              CCP1CONbits   0x000fbd       data     extern E:\3.45\pic18-lt\cxx-framework\src\traditional\proc\p18f2455.asm
                  CCP1CON   0x000fbd       data     extern E:\3.45\pic18-lt\cxx-framework\src\traditional\proc\p18f2455.asm
                    CCPR1   0x000fbe       data     extern E:\3.45\pic18-lt\cxx-framework\src\traditional\proc\p18f2455.asm
                   CCPR1L   0x000fbe       data     extern E:\3.45\pic18-lt\cxx-framework\src\traditional\proc\p18f2455.asm
                   CCPR1H   0x000fbf       data     extern E:\3.45\pic18-lt\cxx-framework\src\traditional\proc\p18f2455.asm
               ADCON2bits   0x000fc0       data     extern E:\3.45\pic18-lt\cxx-framework\src\traditional\proc\p18f2455.asm
                   ADCON2   0x000fc0       data     extern E:\3.45\pic18-lt\cxx-framework\src\traditional\proc\p18f2455.asm
               ADCON1bits   0x000fc1       data     extern E:\3.45\pic18-lt\cxx-framework\src\traditional\proc\p18f2455.asm
                   ADCON1   0x000fc1       data     extern E:\3.45\pic18-lt\cxx-framework\src\traditional\proc\p18f2455.asm
                   ADCON0   0x000fc2       data     extern E:\3.45\pic18-lt\cxx-framework\src\traditional\proc\p18f2455.asm
               ADCON0bits   0x000fc2       data     extern E:\3.45\pic18-lt\cxx-framework\src\traditional\proc\p18f2455.asm
                    ADRES   0x000fc3       data     extern E:\3.45\pic18-lt\cxx-framework\src\traditional\proc\p18f2455.asm
                   ADRESL   0x000fc3       data     extern E:\3.45\pic18-lt\cxx-framework\src\traditional\proc\p18f2455.asm
                   ADRESH   0x000fc4       data     extern E:\3.45\pic18-lt\cxx-framework\src\traditional\proc\p18f2455.asm
              SSPCON2bits   0x000fc5       data     extern E:\3.45\pic18-lt\cxx-framework\src\traditional\proc\p18f2455.asm
                  SSPCON2   0x000fc5       data     extern E:\3.45\pic18-lt\cxx-framework\src\traditional\proc\p18f2455.asm
              SSPCON1bits   0x000fc6       data     extern E:\3.45\pic18-lt\cxx-framework\src\traditional\proc\p18f2455.asm
                  SSPCON1   0x000fc6       data     extern E:\3.45\pic18-lt\cxx-framework\src\traditional\proc\p18f2455.asm
              SSPSTATbits   0x000fc7       data     extern E:\3.45\pic18-lt\cxx-framework\src\traditional\proc\p18f2455.asm
                  SSPSTAT   0x000fc7       data     extern E:\3.45\pic18-lt\cxx-framework\src\traditional\proc\p18f2455.asm
                   SSPADD   0x000fc8       data     extern E:\3.45\pic18-lt\cxx-framework\src\traditional\proc\p18f2455.asm
                   SSPBUF   0x000fc9       data     extern E:\3.45\pic18-lt\cxx-framework\src\traditional\proc\p18f2455.asm
                T2CONbits   0x000fca       data     extern E:\3.45\pic18-lt\cxx-framework\src\traditional\proc\p18f2455.asm
                    T2CON   0x000fca       data     extern E:\3.45\pic18-lt\cxx-framework\src\traditional\proc\p18f2455.asm
                      PR2   0x000fcb       data     extern E:\3.45\pic18-lt\cxx-framework\src\traditional\proc\p18f2455.asm
                     TMR2   0x000fcc       data     extern E:\3.45\pic18-lt\cxx-framework\src\traditional\proc\p18f2455.asm
                T1CONbits   0x000fcd       data     extern E:\3.45\pic18-lt\cxx-framework\src\traditional\proc\p18f2455.asm
                    T1CON   0x000fcd       data     extern E:\3.45\pic18-lt\cxx-framework\src\traditional\proc\p18f2455.asm
                    TMR1L   0x000fce       data     extern E:\3.45\pic18-lt\cxx-framework\src\traditional\proc\p18f2455.asm
                    TMR1H   0x000fcf       data     extern E:\3.45\pic18-lt\cxx-framework\src\traditional\proc\p18f2455.asm
                     RCON   0x000fd0       data     extern E:\3.45\pic18-lt\cxx-framework\src\traditional\proc\p18f2455.asm
                 RCONbits   0x000fd0       data     extern E:\3.45\pic18-lt\cxx-framework\src\traditional\proc\p18f2455.asm
                   WDTCON   0x000fd1       data     extern E:\3.45\pic18-lt\cxx-framework\src\traditional\proc\p18f2455.asm
               WDTCONbits   0x000fd1       data     extern E:\3.45\pic18-lt\cxx-framework\src\traditional\proc\p18f2455.asm
                  HLVDCON   0x000fd2       data     extern E:\3.45\pic18-lt\cxx-framework\src\traditional\proc\p18f2455.asm
              HLVDCONbits   0x000fd2       data     extern E:\3.45\pic18-lt\cxx-framework\src\traditional\proc\p18f2455.asm
               LVDCONbits   0x000fd2       data     extern E:\3.45\pic18-lt\cxx-framework\src\traditional\proc\p18f2455.asm
                   LVDCON   0x000fd2       data     extern E:\3.45\pic18-lt\cxx-framework\src\traditional\proc\p18f2455.asm
               OSCCONbits   0x000fd3       data     extern E:\3.45\pic18-lt\cxx-framework\src\traditional\proc\p18f2455.asm
                   OSCCON   0x000fd3       data     extern E:\3.45\pic18-lt\cxx-framework\src\traditional\proc\p18f2455.asm
                    T0CON   0x000fd5       data     extern E:\3.45\pic18-lt\cxx-framework\src\traditional\proc\p18f2455.asm
                T0CONbits   0x000fd5       data     extern E:\3.45\pic18-lt\cxx-framework\src\traditional\proc\p18f2455.asm
                    TMR0L   0x000fd6       data     extern E:\3.45\pic18-lt\cxx-framework\src\traditional\proc\p18f2455.asm
                    TMR0H   0x000fd7       data     extern E:\3.45\pic18-lt\cxx-framework\src\traditional\proc\p18f2455.asm
                   STATUS   0x000fd8       data     extern E:\3.45\pic18-lt\cxx-framework\src\traditional\proc\p18f2455.asm
               STATUSbits   0x000fd8       data     extern E:\3.45\pic18-lt\cxx-framework\src\traditional\proc\p18f2455.asm
                     FSR2   0x000fd9       data     extern E:\3.45\pic18-lt\cxx-framework\src\traditional\proc\p18f2455.asm
                    FSR2L   0x000fd9       data     extern E:\3.45\pic18-lt\cxx-framework\src\traditional\proc\p18f2455.asm
                    FSR2H   0x000fda       data     extern E:\3.45\pic18-lt\cxx-framework\src\traditional\proc\p18f2455.asm
                   PLUSW2   0x000fdb       data     extern E:\3.45\pic18-lt\cxx-framework\src\traditional\proc\p18f2455.asm
                  PREINC2   0x000fdc       data     extern E:\3.45\pic18-lt\cxx-framework\src\traditional\proc\p18f2455.asm
                 POSTDEC2   0x000fdd       data     extern E:\3.45\pic18-lt\cxx-framework\src\traditional\proc\p18f2455.asm
                 POSTINC2   0x000fde       data     extern E:\3.45\pic18-lt\cxx-framework\src\traditional\proc\p18f2455.asm
                    INDF2   0x000fdf       data     extern E:\3.45\pic18-lt\cxx-framework\src\traditional\proc\p18f2455.asm
                      BSR   0x000fe0       data     extern E:\3.45\pic18-lt\cxx-framework\src\traditional\proc\p18f2455.asm
                    FSR1L   0x000fe1       data     extern E:\3.45\pic18-lt\cxx-framework\src\traditional\proc\p18f2455.asm
                     FSR1   0x000fe1       data     extern E:\3.45\pic18-lt\cxx-framework\src\traditional\proc\p18f2455.asm
                    FSR1H   0x000fe2       data     extern E:\3.45\pic18-lt\cxx-framework\src\traditional\proc\p18f2455.asm
                   PLUSW1   0x000fe3       data     extern E:\3.45\pic18-lt\cxx-framework\src\traditional\proc\p18f2455.asm
                  PREINC1   0x000fe4       data     extern E:\3.45\pic18-lt\cxx-framework\src\traditional\proc\p18f2455.asm
                 POSTDEC1   0x000fe5       data     extern E:\3.45\pic18-lt\cxx-framework\src\traditional\proc\p18f2455.asm
                 POSTINC1   0x000fe6       data     extern E:\3.45\pic18-lt\cxx-framework\src\traditional\proc\p18f2455.asm
                    INDF1   0x000fe7       data     extern E:\3.45\pic18-lt\cxx-framework\src\traditional\proc\p18f2455.asm
                     WREG   0x000fe8       data     extern E:\3.45\pic18-lt\cxx-framework\src\traditional\proc\p18f2455.asm
                     FSR0   0x000fe9       data     extern E:\3.45\pic18-lt\cxx-framework\src\traditional\proc\p18f2455.asm
                    FSR0L   0x000fe9       data     extern E:\3.45\pic18-lt\cxx-framework\src\traditional\proc\p18f2455.asm
                    FSR0H   0x000fea       data     extern E:\3.45\pic18-lt\cxx-framework\src\traditional\proc\p18f2455.asm
                   PLUSW0   0x000feb       data     extern E:\3.45\pic18-lt\cxx-framework\src\traditional\proc\p18f2455.asm
                  PREINC0   0x000fec       data     extern E:\3.45\pic18-lt\cxx-framework\src\traditional\proc\p18f2455.asm
                 POSTDEC0   0x000fed       data     extern E:\3.45\pic18-lt\cxx-framework\src\traditional\proc\p18f2455.asm
                 POSTINC0   0x000fee       data     extern E:\3.45\pic18-lt\cxx-framework\src\traditional\proc\p18f2455.asm
                    INDF0   0x000fef       data     extern E:\3.45\pic18-lt\cxx-framework\src\traditional\proc\p18f2455.asm
                  INTCON3   0x000ff0       data     extern E:\3.45\pic18-lt\cxx-framework\src\traditional\proc\p18f2455.asm
              INTCON3bits   0x000ff0       data     extern E:\3.45\pic18-lt\cxx-framework\src\traditional\proc\p18f2455.asm
              INTCON2bits   0x000ff1       data     extern E:\3.45\pic18-lt\cxx-framework\src\traditional\proc\p18f2455.asm
                  INTCON2   0x000ff1       data     extern E:\3.45\pic18-lt\cxx-framework\src\traditional\proc\p18f2455.asm
                   INTCON   0x000ff2       data     extern E:\3.45\pic18-lt\cxx-framework\src\traditional\proc\p18f2455.asm
               INTCONbits   0x000ff2       data     extern E:\3.45\pic18-lt\cxx-framework\src\traditional\proc\p18f2455.asm
                     PROD   0x000ff3       data     extern E:\3.45\pic18-lt\cxx-framework\src\traditional\proc\p18f2455.asm
                    PRODL   0x000ff3       data     extern E:\3.45\pic18-lt\cxx-framework\src\traditional\proc\p18f2455.asm
                    PRODH   0x000ff4       data     extern E:\3.45\pic18-lt\cxx-framework\src\traditional\proc\p18f2455.asm
                   TABLAT   0x000ff5       data     extern E:\3.45\pic18-lt\cxx-framework\src\traditional\proc\p18f2455.asm
                  TBLPTRL   0x000ff6       data     extern E:\3.45\pic18-lt\cxx-framework\src\traditional\proc\p18f2455.asm
                   TBLPTR   0x000ff6       data     extern E:\3.45\pic18-lt\cxx-framework\src\traditional\proc\p18f2455.asm
                  TBLPTRH   0x000ff7       data     extern E:\3.45\pic18-lt\cxx-framework\src\traditional\proc\p18f2455.asm
                  TBLPTRU   0x000ff8       data     extern E:\3.45\pic18-lt\cxx-framework\src\traditional\proc\p18f2455.asm
                       PC   0x000ff9       data     extern E:\3.45\pic18-lt\cxx-framework\src\traditional\proc\p18f2455.asm
                      PCL   0x000ff9       data     extern E:\3.45\pic18-lt\cxx-framework\src\traditional\proc\p18f2455.asm
                   PCLATH   0x000ffa       data     extern E:\3.45\pic18-lt\cxx-framework\src\traditional\proc\p18f2455.asm
                   PCLATU   0x000ffb       data     extern E:\3.45\pic18-lt\cxx-framework\src\traditional\proc\p18f2455.asm
               STKPTRbits   0x000ffc       data     extern E:\3.45\pic18-lt\cxx-framework\src\traditional\proc\p18f2455.asm
                   STKPTR   0x000ffc       data     extern E:\3.45\pic18-lt\cxx-framework\src\traditional\proc\p18f2455.asm
                      TOS   0x000ffd       data     extern E:\3.45\pic18-lt\cxx-framework\src\traditional\proc\p18f2455.asm
                     TOSL   0x000ffd       data     extern E:\3.45\pic18-lt\cxx-framework\src\traditional\proc\p18f2455.asm
                     TOSH   0x000ffe       data     extern E:\3.45\pic18-lt\cxx-framework\src\traditional\proc\p18f2455.asm
                     TOSU   0x000fff       data     extern E:\3.45\pic18-lt\cxx-framework\src\traditional\proc\p18f2455.asm


