MPLINK 5.00, LINKER
Linker Map File - Created Tue Mar 08 22:05:21 2016

                                 Section Info
                  Section       Type    Address   Location Size(Bytes)
                ---------  ---------  ---------  ---------  ---------
               _entry_scn       code   0x000000    program   0x000006
       .code__user_putc.o       code   0x000006    program   0x000002
    HIGH_INTERRUPT_VECTOR       code   0x000008    program   0x000006
           .code___init.o       code   0x00000e    program   0x000002
     LOW_INTERRUPT_VECTOR       code   0x000018    program   0x000006
                   .cinit    romdata   0x00001e    program   0x00000e
             .code_main.o       code   0x00002c    program   0x001492
         .code_vfprintf.o       code   0x0014be    program   0x000c22
                     PROG       code   0x0020e0    program   0x00058c
          .code_sprintf.o       code   0x00266c    program   0x0000ac
               _cinit_scn       code   0x002718    program   0x00009e
             .code_putc.o       code   0x0027b6    program   0x000084
          .code_fxm3232.o       code   0x00283a    program   0x000070
                   STRING       code   0x0028aa    program   0x000066
          .code_write_B.o       code   0x002910    program   0x000066
             .code_fabs.o       code   0x002976    program   0x000066
         .code_fxd3232u.o       code   0x0029dc    program   0x000048
           .code_read_B.o       code   0x002a24    program   0x000044
             D10KTCYXCODE       code   0x002a68    program   0x00002e
           .code_uwrite.o       code   0x002a96    program   0x00002e
             .stringtable    romdata   0x002ac4    program   0x000025
        .idata___init.o_i    romdata   0x002ae9    program   0x000000
        .romdata___init.o    romdata   0x002ae9    program   0x000000
          .idata_fabs.o_i    romdata   0x002ae9    program   0x000000
          .romdata_fabs.o    romdata   0x002ae9    program   0x000000
       .idata_sprintf.o_i    romdata   0x002ae9    program   0x000000
       .romdata_sprintf.o    romdata   0x002ae9    program   0x000000
      .idata_vfprintf.o_i    romdata   0x002ae9    program   0x000000
          .romdata_main.o    romdata   0x002ae9    program   0x000000
      .idata_fxd3232u.o_i    romdata   0x002ae9    program   0x000000
      .romdata_fxd3232u.o    romdata   0x002ae9    program   0x000000
       .idata_fxm3232.o_i    romdata   0x002ae9    program   0x000000
       .romdata_fxm3232.o    romdata   0x002ae9    program   0x000000
          .idata_putc.o_i    romdata   0x002ae9    program   0x000000
          .romdata_putc.o    romdata   0x002ae9    program   0x000000
    .idata__user_putc.o_i    romdata   0x002ae9    program   0x000000
    .romdata__user_putc.o    romdata   0x002ae9    program   0x000000
         .romdata_c018i.o    romdata   0x002ae9    program   0x000000
         .idata_c018i.o_i    romdata   0x002ae9    program   0x000000
        .idata_read_B.o_i    romdata   0x002ae9    program   0x000000
        .romdata_read_B.o    romdata   0x002ae9    program   0x000000
        .idata_uwrite.o_i    romdata   0x002ae9    program   0x000000
        .romdata_uwrite.o    romdata   0x002ae9    program   0x000000
         .idata_udefs.o_i    romdata   0x002ae9    program   0x000000
         .romdata_udefs.o    romdata   0x002ae9    program   0x000000
       .idata_write_B.o_i    romdata   0x002ae9    program   0x000000
       .romdata_write_B.o    romdata   0x002ae9    program   0x000000
            .code_c018i.o       code   0x002aea    program   0x000000
            .code_udefs.o       code   0x002aea    program   0x000000
                    CTYPE       code   0x002aea    program   0x000024
              D1KTCYXCODE       code   0x002b0e    program   0x000020
                    .code       code   0x002b2e    program   0x000020
             _startup_scn       code   0x002b4e    program   0x00001c
                    STDIO       code   0x002b6a    program   0x00001c
              D10TCYXCODE       code   0x002b86    program   0x000016
      .romdata_vfprintf.o    romdata   0x002b9c    program   0x000011
          .idata_main.o_i    romdata   0x002bad    program   0x000014
    .config_300000_main.o    romdata   0x300000    program   0x000001
    .config_300001_main.o    romdata   0x300001    program   0x000001
    .config_300002_main.o    romdata   0x300002    program   0x000001
    .config_300003_main.o    romdata   0x300003    program   0x000001
    .config_300005_main.o    romdata   0x300005    program   0x000001
    .config_300006_main.o    romdata   0x300006    program   0x000001
    .config_300008_main.o    romdata   0x300008    program   0x000001
    .config_300009_main.o    romdata   0x300009    program   0x000001
    .config_30000a_main.o    romdata   0x30000a    program   0x000001
    .config_30000b_main.o    romdata   0x30000b    program   0x000001
    .config_30000c_main.o    romdata   0x30000c    program   0x000001
    .config_30000d_main.o    romdata   0x30000d    program   0x000001
                 .tmpdata      udata   0x000000       data   0x000015
                MATH_DATA      udata   0x000015       data   0x000014
   lowPriorityISRCode_tmp      udata   0x000029       data   0x000011
  highPriorityISRCode_tmp      udata   0x00003a       data   0x000001
                DELAYDAT2      udata   0x00003b       data   0x000001
                DELAYDAT1      udata   0x00003c       data   0x000001
            .udata_main.o      udata   0x000100       data   0x0000d7
            .idata_main.o      idata   0x0001d7       data   0x000014
           .udata_c018i.o      udata   0x0001eb       data   0x00000a
           .udata_udefs.o      udata   0x0001f5       data   0x000001
         .udata_sprintf.o      udata   0x0001f6       data   0x000000
         .idata_sprintf.o      idata   0x0001f6       data   0x000000
        .udata_vfprintf.o      udata   0x0001f6       data   0x000000
        .idata_vfprintf.o      idata   0x0001f6       data   0x000000
        .udata_fxd3232u.o      udata   0x0001f6       data   0x000000
        .idata_fxd3232u.o      idata   0x0001f6       data   0x000000
         .udata_fxm3232.o      udata   0x0001f6       data   0x000000
         .idata_fxm3232.o      idata   0x0001f6       data   0x000000
            .udata_putc.o      udata   0x0001f6       data   0x000000
            .idata_putc.o      idata   0x0001f6       data   0x000000
      .udata__user_putc.o      udata   0x0001f6       data   0x000000
      .idata__user_putc.o      idata   0x0001f6       data   0x000000
            .idata_fabs.o      idata   0x0001f6       data   0x000000
            .udata_fabs.o      udata   0x0001f6       data   0x000000
          .idata___init.o      idata   0x0001f6       data   0x000000
          .udata___init.o      udata   0x0001f6       data   0x000000
         .idata_write_B.o      idata   0x0001f6       data   0x000000
         .udata_write_B.o      udata   0x0001f6       data   0x000000
           .idata_udefs.o      idata   0x0001f6       data   0x000000
          .idata_uwrite.o      idata   0x0001f6       data   0x000000
          .udata_uwrite.o      udata   0x0001f6       data   0x000000
          .idata_read_B.o      idata   0x0001f6       data   0x000000
          .udata_read_B.o      udata   0x0001f6       data   0x000000
           .idata_c018i.o      idata   0x0001f6       data   0x000000
                   .stack      udata   0x000200       data   0x000100
            SFR_UNBANKED0      udata   0x000f66       data   0x00009a



                              Program Memory Usage 
                               Start         End      
                           ---------   ---------      
                            0x000000    0x00000f      
                            0x000018    0x002ae8      
                            0x002aea    0x002bc0      
                            0x300000    0x300003      
                            0x300005    0x300006      
                            0x300008    0x30000d      
            11204 out of 24856 program addresses used, program memory utilization is 45%



                              Symbols - Sorted by Name
                     Name    Address   Location    Storage File                     
                ---------  ---------  ---------  --------- ---------                
            CheckResponse   0x001154    program     extern C:\Users\otagar119780\Dropbox\Oded\Smart Home\SmartHome-18f2455_Shutters_DHT22\main.c
                   D10K_1   0x002a74    program     static E:\3.46\pic18-lt\cxx-framework\src\traditional\delays\d10ktcyx.asm
                    D10Kl   0x002a80    program     static E:\3.46\pic18-lt\cxx-framework\src\traditional\delays\d10ktcyx.asm
                    D10Kx   0x002a72    program     static E:\3.46\pic18-lt\cxx-framework\src\traditional\delays\d10ktcyx.asm
                    D10_1   0x002b96    program     static E:\3.46\pic18-lt\cxx-framework\src\traditional\delays\d10tcyx.asm
                     D10x   0x002b8e    program     static E:\3.46\pic18-lt\cxx-framework\src\traditional\delays\d10tcyx.asm
                    D1K_1   0x002b1a    program     static E:\3.46\pic18-lt\cxx-framework\src\traditional\delays\d1ktcyx.asm
                     D1Kx   0x002b18    program     static E:\3.46\pic18-lt\cxx-framework\src\traditional\delays\d1ktcyx.asm
             Delay10KTCYx   0x002a68    program     extern E:\3.46\pic18-lt\cxx-framework\src\traditional\delays\d10ktcyx.asm
              Delay10TCYx   0x002b86    program     extern E:\3.46\pic18-lt\cxx-framework\src\traditional\delays\d10tcyx.asm
              Delay1KTCYx   0x002b0e    program     extern E:\3.46\pic18-lt\cxx-framework\src\traditional\delays\d1ktcyx.asm
                 FLO0832S   0x0020e4    program     extern E:\3.46\pic18-lt\cxx-framework\src\traditional\math\cast08FP.asm
                 FLO0832U   0x0020e0    program     extern E:\3.46\pic18-lt\cxx-framework\src\traditional\math\cast08FP.asm
                 FLO1632S   0x002106    program     extern E:\3.46\pic18-lt\cxx-framework\src\traditional\math\cast16FP.asm
                 FLO1632U   0x002102    program     extern E:\3.46\pic18-lt\cxx-framework\src\traditional\math\cast16FP.asm
                    FPA32   0x00212e    program     extern E:\3.46\pic18-lt\cxx-framework\src\traditional\math\addFP.asm
                    FPD32   0x00225a    program     extern E:\3.46\pic18-lt\cxx-framework\src\traditional\math\divFP.asm
                    FPM32   0x002300    program     extern E:\3.46\pic18-lt\cxx-framework\src\traditional\math\mulFP.asm
                    FPS32   0x00212c    program     extern E:\3.46\pic18-lt\cxx-framework\src\traditional\math\addFP.asm
                 FXD3232U   0x0029dc    program     extern E:\3.46\pic18-lt\cxx-framework\src\traditional\math\fxd3232u.c
                 FXM1616S   0x002612    program     extern E:\3.46\pic18-lt\cxx-framework\src\traditional\math\fxm1616s.asm
                  FXM3232   0x00283a    program     extern E:\3.46\pic18-lt\cxx-framework\src\traditional\math\fxm3232.c
                 High_ISR   0x000008    program     extern C:\Users\otagar119780\Dropbox\Oded\Smart Home\SmartHome-18f2455_Shutters_DHT22\main.c
                  INT3216   0x0023da    program     extern E:\3.46\pic18-lt\cxx-framework\src\traditional\math\castFP16.asm
         LimitDeviceState   0x001114    program     extern C:\Users\otagar119780\Dropbox\Oded\Smart Home\SmartHome-18f2455_Shutters_DHT22\main.c
                  Low_ISR   0x000018    program     extern C:\Users\otagar119780\Dropbox\Oded\Smart Home\SmartHome-18f2455_Shutters_DHT22\main.c
                ReadDHT22   0x001228    program     extern C:\Users\otagar119780\Dropbox\Oded\Smart Home\SmartHome-18f2455_Shutters_DHT22\main.c
                 ReadData   0x001186    program     extern C:\Users\otagar119780\Dropbox\Oded\Smart Home\SmartHome-18f2455_Shutters_DHT22\main.c
               Read_b_eep   0x002a24    program     extern E:\3.46\pic18-lt\cxx-framework\src\pmc_common\EEP\read_B.c
             ReceiveUsart   0x000ef0    program     extern C:\Users\otagar119780\Dropbox\Oded\Smart Home\SmartHome-18f2455_Shutters_DHT22\main.c
              StartSignal   0x001136    program     extern C:\Users\otagar119780\Dropbox\Oded\Smart Home\SmartHome-18f2455_Shutters_DHT22\main.c
                  TAGTB32   0x002438    program     extern E:\3.46\pic18-lt\cxx-framework\src\traditional\math\gtFP.asm
                  TALTB32   0x00244a    program     extern E:\3.46\pic18-lt\cxx-framework\src\traditional\math\ltFP.asm
               TSIGN1616A   0x00265e    program     static E:\3.46\pic18-lt\cxx-framework\src\traditional\math\fxm1616s.asm
            TransmitUsart   0x000f9a    program     extern C:\Users\otagar119780\Dropbox\Oded\Smart Home\SmartHome-18f2455_Shutters_DHT22\main.c
          TransmitUsartAT   0x001082    program     extern C:\Users\otagar119780\Dropbox\Oded\Smart Home\SmartHome-18f2455_Shutters_DHT22\main.c
        TransmitUsartTemp   0x0013c6    program     extern C:\Users\otagar119780\Dropbox\Oded\Smart Home\SmartHome-18f2455_Shutters_DHT22\main.c
               WriteUSART   0x002a96    program     extern E:\3.46\pic18-lt\cxx-framework\src\pmc_common\USART\uwrite.c
              Write_b_eep   0x002910    program     extern E:\3.46\pic18-lt\cxx-framework\src\pmc_common\EEP\write_B.c
                   _2jEnd   0x0028fa    program     static E:\3.46\pic18-lt\cxx-framework\src\traditional\stdclib\slenpgm.asm
       _D10KTCYXCODE_0010   0x002a78    program     static E:\3.46\pic18-lt\cxx-framework\src\traditional\delays\d10ktcyx.asm
       _D10KTCYXCODE_001C   0x002a84    program     static E:\3.46\pic18-lt\cxx-framework\src\traditional\delays\d10ktcyx.asm
        _D10TCYXCODE_000A   0x002b90    program     static E:\3.46\pic18-lt\cxx-framework\src\traditional\delays\d10tcyx.asm
        _D10TCYXCODE_000C   0x002b92    program     static E:\3.46\pic18-lt\cxx-framework\src\traditional\delays\d10tcyx.asm
        _D10TCYXCODE_000E   0x002b94    program     static E:\3.46\pic18-lt\cxx-framework\src\traditional\delays\d10tcyx.asm
        _D1KTCYXCODE_0010   0x002b1e    program     static E:\3.46\pic18-lt\cxx-framework\src\traditional\delays\d1ktcyx.asm
        _D1KTCYXCODE_0016   0x002b24    program     static E:\3.46\pic18-lt\cxx-framework\src\traditional\delays\d1ktcyx.asm
              __FpCompare   0x00245c    program     extern E:\3.46\pic18-lt\cxx-framework\src\traditional\math\compFP.asm
                 __FpExit   0x002512    program     extern E:\3.46\pic18-lt\cxx-framework\src\traditional\math\packFP.asm
                 __FpPack   0x00253e    program     extern E:\3.46\pic18-lt\cxx-framework\src\traditional\math\packFP.asm
            __FpReturnNaN   0x002506    program     extern E:\3.46\pic18-lt\cxx-framework\src\traditional\math\packFP.asm
         __FpReturnNegInf   0x002518    program     extern E:\3.46\pic18-lt\cxx-framework\src\traditional\math\packFP.asm
        __FpReturnNegZero   0x002530    program     extern E:\3.46\pic18-lt\cxx-framework\src\traditional\math\packFP.asm
         __FpReturnPosInf   0x00251e    program     extern E:\3.46\pic18-lt\cxx-framework\src\traditional\math\packFP.asm
        __FpReturnPosZero   0x002538    program     extern E:\3.46\pic18-lt\cxx-framework\src\traditional\math\packFP.asm
        __FpReturnSignInf   0x002514    program     extern E:\3.46\pic18-lt\cxx-framework\src\traditional\math\packFP.asm
       __FpReturnSignZero   0x00252c    program     extern E:\3.46\pic18-lt\cxx-framework\src\traditional\math\packFP.asm
              __FpReturnW   0x002596    program     extern E:\3.46\pic18-lt\cxx-framework\src\traditional\math\packFP.asm
              __FpUnPackA   0x0025b6    program     extern E:\3.46\pic18-lt\cxx-framework\src\traditional\math\UnpackFP.asm
              __FpUnPackB   0x0025e6    program     extern E:\3.46\pic18-lt\cxx-framework\src\traditional\math\UnpackFP.asm
           ___if_lbl00024   0x0006da    program     static                          
           ___if_lbl00025   0x000704    program     static                          
           ___if_lbl00026   0x00072a    program     static                          
           ___if_lbl00027   0x000750    program     static                          
       ___return_lbl00000   0x00000c    program     static                          
       ___return_lbl00000   0x002a5c    program     static                          
       ___return_lbl00000   0x0028a8    program     static                          
       ___return_lbl00000   0x002a22    program     static                          
       ___return_lbl00000   0x000004    program     static                          
       ___return_lbl00001   0x00001c    program     static                          
       ___return_lbl00001   0x002b68    program     static                          
       ___return_lbl00002   0x0027b4    program     static                          
       ___return_lbl00023   0x000756    program     static                          
        ___while_lbl00028   0x000752    program     static                          
        ___while_lbl00029   0x000756    program     static                          
               __config_0   0x300000    program     static C:\Users\otagar119780\Dropbox\Oded\Smart Home\SmartHome-18f2455_Shutters_DHT22\main.c
               __config_1   0x300001    program     static C:\Users\otagar119780\Dropbox\Oded\Smart Home\SmartHome-18f2455_Shutters_DHT22\main.c
              __config_10   0x30000c    program     static C:\Users\otagar119780\Dropbox\Oded\Smart Home\SmartHome-18f2455_Shutters_DHT22\main.c
              __config_11   0x30000d    program     static C:\Users\otagar119780\Dropbox\Oded\Smart Home\SmartHome-18f2455_Shutters_DHT22\main.c
               __config_2   0x300002    program     static C:\Users\otagar119780\Dropbox\Oded\Smart Home\SmartHome-18f2455_Shutters_DHT22\main.c
               __config_3   0x300003    program     static C:\Users\otagar119780\Dropbox\Oded\Smart Home\SmartHome-18f2455_Shutters_DHT22\main.c
               __config_4   0x300005    program     static C:\Users\otagar119780\Dropbox\Oded\Smart Home\SmartHome-18f2455_Shutters_DHT22\main.c
               __config_5   0x300006    program     static C:\Users\otagar119780\Dropbox\Oded\Smart Home\SmartHome-18f2455_Shutters_DHT22\main.c
               __config_6   0x300008    program     static C:\Users\otagar119780\Dropbox\Oded\Smart Home\SmartHome-18f2455_Shutters_DHT22\main.c
               __config_7   0x300009    program     static C:\Users\otagar119780\Dropbox\Oded\Smart Home\SmartHome-18f2455_Shutters_DHT22\main.c
               __config_8   0x30000a    program     static C:\Users\otagar119780\Dropbox\Oded\Smart Home\SmartHome-18f2455_Shutters_DHT22\main.c
               __config_9   0x30000b    program     static C:\Users\otagar119780\Dropbox\Oded\Smart Home\SmartHome-18f2455_Shutters_DHT22\main.c
                   __init   0x00000e    program     extern E:\3.46\pic18-lt\cxx-framework\src\traditional\stdclib\__init.c
                   __pa_0   0x001dfe    program     static E:\3.46\pic18-lt\cxx-framework\src\traditional\stdclib\vfprintf.c
                   __pa_1   0x001e06    program     static E:\3.46\pic18-lt\cxx-framework\src\traditional\stdclib\vfprintf.c
                  __pa_10   0x001eba    program     static E:\3.46\pic18-lt\cxx-framework\src\traditional\stdclib\vfprintf.c
                  __pa_11   0x001ec8    program     static E:\3.46\pic18-lt\cxx-framework\src\traditional\stdclib\vfprintf.c
                  __pa_12   0x001ede    program     static E:\3.46\pic18-lt\cxx-framework\src\traditional\stdclib\vfprintf.c
                  __pa_13   0x001ef8    program     static E:\3.46\pic18-lt\cxx-framework\src\traditional\stdclib\vfprintf.c
                  __pa_14   0x001f10    program     static E:\3.46\pic18-lt\cxx-framework\src\traditional\stdclib\vfprintf.c
                  __pa_15   0x001f20    program     static E:\3.46\pic18-lt\cxx-framework\src\traditional\stdclib\vfprintf.c
                  __pa_16   0x001f36    program     static E:\3.46\pic18-lt\cxx-framework\src\traditional\stdclib\vfprintf.c
                  __pa_17   0x001f48    program     static E:\3.46\pic18-lt\cxx-framework\src\traditional\stdclib\vfprintf.c
                  __pa_18   0x001f5a    program     static E:\3.46\pic18-lt\cxx-framework\src\traditional\stdclib\vfprintf.c
                  __pa_19   0x001f64    program     static E:\3.46\pic18-lt\cxx-framework\src\traditional\stdclib\vfprintf.c
                   __pa_2   0x001e10    program     static E:\3.46\pic18-lt\cxx-framework\src\traditional\stdclib\vfprintf.c
                  __pa_20   0x001f74    program     static E:\3.46\pic18-lt\cxx-framework\src\traditional\stdclib\vfprintf.c
                  __pa_21   0x001f84    program     static E:\3.46\pic18-lt\cxx-framework\src\traditional\stdclib\vfprintf.c
                  __pa_22   0x001f94    program     static E:\3.46\pic18-lt\cxx-framework\src\traditional\stdclib\vfprintf.c
                  __pa_23   0x001fa0    program     static E:\3.46\pic18-lt\cxx-framework\src\traditional\stdclib\vfprintf.c
                  __pa_24   0x001fae    program     static E:\3.46\pic18-lt\cxx-framework\src\traditional\stdclib\vfprintf.c
                  __pa_25   0x001fb6    program     static E:\3.46\pic18-lt\cxx-framework\src\traditional\stdclib\vfprintf.c
                  __pa_26   0x001fc0    program     static E:\3.46\pic18-lt\cxx-framework\src\traditional\stdclib\vfprintf.c
                  __pa_27   0x001fca    program     static E:\3.46\pic18-lt\cxx-framework\src\traditional\stdclib\vfprintf.c
                  __pa_28   0x001fd2    program     static E:\3.46\pic18-lt\cxx-framework\src\traditional\stdclib\vfprintf.c
                  __pa_29   0x001fe0    program     static E:\3.46\pic18-lt\cxx-framework\src\traditional\stdclib\vfprintf.c
                   __pa_3   0x001e1a    program     static E:\3.46\pic18-lt\cxx-framework\src\traditional\stdclib\vfprintf.c
                  __pa_30   0x001ffc    program     static E:\3.46\pic18-lt\cxx-framework\src\traditional\stdclib\vfprintf.c
                  __pa_31   0x002016    program     static E:\3.46\pic18-lt\cxx-framework\src\traditional\stdclib\vfprintf.c
                  __pa_32   0x002030    program     static E:\3.46\pic18-lt\cxx-framework\src\traditional\stdclib\vfprintf.c
                  __pa_33   0x002048    program     static E:\3.46\pic18-lt\cxx-framework\src\traditional\stdclib\vfprintf.c
                  __pa_34   0x002052    program     static E:\3.46\pic18-lt\cxx-framework\src\traditional\stdclib\vfprintf.c
                  __pa_35   0x002060    program     static E:\3.46\pic18-lt\cxx-framework\src\traditional\stdclib\vfprintf.c
                  __pa_36   0x002068    program     static E:\3.46\pic18-lt\cxx-framework\src\traditional\stdclib\vfprintf.c
                  __pa_37   0x002072    program     static E:\3.46\pic18-lt\cxx-framework\src\traditional\stdclib\vfprintf.c
                  __pa_38   0x002082    program     static E:\3.46\pic18-lt\cxx-framework\src\traditional\stdclib\vfprintf.c
                  __pa_39   0x002090    program     static E:\3.46\pic18-lt\cxx-framework\src\traditional\stdclib\vfprintf.c
                   __pa_4   0x001e32    program     static E:\3.46\pic18-lt\cxx-framework\src\traditional\stdclib\vfprintf.c
                  __pa_40   0x00209c    program     static E:\3.46\pic18-lt\cxx-framework\src\traditional\stdclib\vfprintf.c
                  __pa_41   0x0020a8    program     static E:\3.46\pic18-lt\cxx-framework\src\traditional\stdclib\vfprintf.c
                  __pa_42   0x0020b0    program     static E:\3.46\pic18-lt\cxx-framework\src\traditional\stdclib\vfprintf.c
                  __pa_43   0x0020ba    program     static E:\3.46\pic18-lt\cxx-framework\src\traditional\stdclib\vfprintf.c
                  __pa_44   0x0020c0    program     static E:\3.46\pic18-lt\cxx-framework\src\traditional\stdclib\vfprintf.c
                  __pa_45   0x0020ca    program     static E:\3.46\pic18-lt\cxx-framework\src\traditional\stdclib\vfprintf.c
                  __pa_46   0x0020d6    program     static E:\3.46\pic18-lt\cxx-framework\src\traditional\stdclib\vfprintf.c
                   __pa_5   0x001e46    program     static E:\3.46\pic18-lt\cxx-framework\src\traditional\stdclib\vfprintf.c
                   __pa_6   0x001e62    program     static E:\3.46\pic18-lt\cxx-framework\src\traditional\stdclib\vfprintf.c
                   __pa_7   0x001e6c    program     static E:\3.46\pic18-lt\cxx-framework\src\traditional\stdclib\vfprintf.c
                   __pa_8   0x001e78    program     static E:\3.46\pic18-lt\cxx-framework\src\traditional\stdclib\vfprintf.c
                   __pa_9   0x001e9a    program     static E:\3.46\pic18-lt\cxx-framework\src\traditional\stdclib\vfprintf.c
               __string_0   0x002ae7    program     static C:\Users\otagar119780\Dropbox\Oded\Smart Home\SmartHome-18f2455_Shutters_DHT22\main.c
               __string_1   0x002ae3    program     static C:\Users\otagar119780\Dropbox\Oded\Smart Home\SmartHome-18f2455_Shutters_DHT22\main.c
               __string_2   0x002adb    program     static C:\Users\otagar119780\Dropbox\Oded\Smart Home\SmartHome-18f2455_Shutters_DHT22\main.c
               __string_3   0x002ad4    program     static C:\Users\otagar119780\Dropbox\Oded\Smart Home\SmartHome-18f2455_Shutters_DHT22\main.c
               __string_4   0x002ac4    program     static C:\Users\otagar119780\Dropbox\Oded\Smart Home\SmartHome-18f2455_Shutters_DHT22\main.c
              __tmplbl_20   0x0006b8    program     static                          
              __tmplbl_21   0x0006b4    program     static                          
              __tmplbl_42   0x001f94    program     static                          
              __tmplbl_43   0x001ddc    program     static                          
              __tmplbl_44   0x001dc2    program     static                          
              __tmplbl_85   0x001514    program     static                          
            __zero_memory   0x002b2e    program     extern E:\3.46\pic18-lt\cxx-framework\src\traditional\proc\p18f2455.asm
                _do_cinit   0x002718    program     extern E:\3.46\pic18-lt\cxx-framework\src\traditional\startup\c018i.c
                   _entry   0x000000    program     extern E:\3.46\pic18-lt\cxx-framework\src\traditional\startup\c018i.c
                   _false   0x002a1e    program     static                          
                 _startup   0x002b4e    program     extern E:\3.46\pic18-lt\cxx-framework\src\traditional\startup\c018i.c
              _usart_putc   0x002b6a    program     extern E:\3.46\pic18-lt\cxx-framework\src\pmc_common\USART\_usartpc.asm
               _user_putc   0x000006    program     extern E:\3.46\pic18-lt\cxx-framework\src\traditional\stdclib\_user_putc.c
                compare_l   0x002b44    program     static E:\3.46\pic18-lt\cxx-framework\src\traditional\proc\p18f2455.asm
                copy_loop   0x00278a    program     static                          
            copy_one_byte   0x002790    program     static                          
                delay1sec   0x000ee4    program     extern C:\Users\otagar119780\Dropbox\Oded\Smart Home\SmartHome-18f2455_Shutters_DHT22\main.c
                     done   0x0027b4    program     static                          
             done_copying   0x00279e    program     static                          
                     fabs   0x002976    program     extern E:\3.46\pic18-lt\cxx-framework\src\traditional\stdclib\fabs.c
            handleMessage   0x000758    program     extern C:\Users\otagar119780\Dropbox\Oded\Smart Home\SmartHome-18f2455_Shutters_DHT22\main.c
      highPriorityISRCode   0x00002c    program     extern C:\Users\otagar119780\Dropbox\Oded\Smart Home\SmartHome-18f2455_Shutters_DHT22\main.c
                initUsart   0x000de8    program     extern C:\Users\otagar119780\Dropbox\Oded\Smart Home\SmartHome-18f2455_Shutters_DHT22\main.c
                 initXbee   0x000e04    program     extern C:\Users\otagar119780\Dropbox\Oded\Smart Home\SmartHome-18f2455_Shutters_DHT22\main.c
            initialisePic   0x000d92    program     static C:\Users\otagar119780\Dropbox\Oded\Smart Home\SmartHome-18f2455_Shutters_DHT22\main.c
                  isdigit   0x002aea    program     extern E:\3.46\pic18-lt\cxx-framework\src\traditional\stdclib\isdigit.asm
                 jANotInf   0x00231e    program     static E:\3.46\pic18-lt\cxx-framework\src\traditional\math\mulFP.asm
                 jANotInf   0x002156    program     static E:\3.46\pic18-lt\cxx-framework\src\traditional\math\addFP.asm
                 jANotInf   0x002278    program     static E:\3.46\pic18-lt\cxx-framework\src\traditional\math\divFP.asm
                 jANotNeg   0x0021ea    program     static E:\3.46\pic18-lt\cxx-framework\src\traditional\math\addFP.asm
                jANotZero   0x00228c    program     static E:\3.46\pic18-lt\cxx-framework\src\traditional\math\divFP.asm
              jAandWsetup   0x0021ba    program     static E:\3.46\pic18-lt\cxx-framework\src\traditional\math\addFP.asm
                  jAisNeg   0x0024d8    program     static E:\3.46\pic18-lt\cxx-framework\src\traditional\math\compFP.asm
                 jAltBexp   0x0021a8    program     static E:\3.46\pic18-lt\cxx-framework\src\traditional\math\addFP.asm
                jBANotInf   0x00214c    program     static E:\3.46\pic18-lt\cxx-framework\src\traditional\math\addFP.asm
                 jBNotInf   0x002164    program     static E:\3.46\pic18-lt\cxx-framework\src\traditional\math\addFP.asm
              jBothFinite   0x00232c    program     static E:\3.46\pic18-lt\cxx-framework\src\traditional\math\mulFP.asm
             jBothNotZero   0x002338    program     static E:\3.46\pic18-lt\cxx-framework\src\traditional\math\mulFP.asm
             jBothNotZero   0x00247a    program     static E:\3.46\pic18-lt\cxx-framework\src\traditional\math\compFP.asm
            jDifOrPosSign   0x002178    program     static E:\3.46\pic18-lt\cxx-framework\src\traditional\math\addFP.asm
                      jEQ   0x002496    program     static E:\3.46\pic18-lt\cxx-framework\src\traditional\math\compFP.asm
                     jEnd   0x0028fc    program     static E:\3.46\pic18-lt\cxx-framework\src\traditional\stdclib\slenpgm.asm
                     jEnd   0x0028c4    program     static E:\3.46\pic18-lt\cxx-framework\src\traditional\stdclib\strlen.asm
                    jExch   0x0024a2    program     static E:\3.46\pic18-lt\cxx-framework\src\traditional\math\compFP.asm
                    jExit   0x002436    program     static E:\3.46\pic18-lt\cxx-framework\src\traditional\math\castFP16.asm
                   jExpEQ   0x0024e8    program     static E:\3.46\pic18-lt\cxx-framework\src\traditional\math\compFP.asm
                   jFinal   0x0024cc    program     static E:\3.46\pic18-lt\cxx-framework\src\traditional\math\compFP.asm
               jFinalSign   0x002252    program     static E:\3.46\pic18-lt\cxx-framework\src\traditional\math\addFP.asm
                jHaveZero   0x002334    program     static E:\3.46\pic18-lt\cxx-framework\src\traditional\math\mulFP.asm
                jI2F08Beg   0x0020ee    program     static E:\3.46\pic18-lt\cxx-framework\src\traditional\math\cast08FP.asm
                jI2F16Beg   0x002116    program     static E:\3.46\pic18-lt\cxx-framework\src\traditional\math\cast16FP.asm
                    jLoop   0x0022b4    program     static E:\3.46\pic18-lt\cxx-framework\src\traditional\math\divFP.asm
                    jLoop   0x002416    program     static E:\3.46\pic18-lt\cxx-framework\src\traditional\math\castFP16.asm
                    jLoop   0x0028ba    program     static E:\3.46\pic18-lt\cxx-framework\src\traditional\stdclib\strlen.asm
                    jLoop   0x0028e4    program     static E:\3.46\pic18-lt\cxx-framework\src\traditional\stdclib\slenpgm.asm
                jLoopExit   0x002426    program     static E:\3.46\pic18-lt\cxx-framework\src\traditional\math\castFP16.asm
                   jMatch   0x002b0a    program     static E:\3.46\pic18-lt\cxx-framework\src\traditional\stdclib\isdigit.asm
                     jMax   0x0023ea    program     static E:\3.46\pic18-lt\cxx-framework\src\traditional\math\castFP16.asm
                  jMaxNeg   0x0023f8    program     static E:\3.46\pic18-lt\cxx-framework\src\traditional\math\castFP16.asm
                  jMaxPos   0x0023ee    program     static E:\3.46\pic18-lt\cxx-framework\src\traditional\math\castFP16.asm
                      jNE   0x00249a    program     static E:\3.46\pic18-lt\cxx-framework\src\traditional\math\compFP.asm
                    jNext   0x0022da    program     static E:\3.46\pic18-lt\cxx-framework\src\traditional\math\divFP.asm
                jNoAdjust   0x0022d8    program     static E:\3.46\pic18-lt\cxx-framework\src\traditional\math\divFP.asm
                  jNoExch   0x0024c2    program     static E:\3.46\pic18-lt\cxx-framework\src\traditional\math\compFP.asm
                 jNoMatch   0x002b0c    program     static E:\3.46\pic18-lt\cxx-framework\src\traditional\stdclib\isdigit.asm
             jNotBothZero   0x00217c    program     static E:\3.46\pic18-lt\cxx-framework\src\traditional\math\addFP.asm
                  jNotInf   0x002406    program     static E:\3.46\pic18-lt\cxx-framework\src\traditional\math\castFP16.asm
                  jPkLoop   0x00254c    program     static E:\3.46\pic18-lt\cxx-framework\src\traditional\math\packFP.asm
             jPkRoundDone   0x002596    program     static E:\3.46\pic18-lt\cxx-framework\src\traditional\math\packFP.asm
               jPkRoundIt   0x00257e    program     static E:\3.46\pic18-lt\cxx-framework\src\traditional\math\packFP.asm
             jPkShiftDone   0x002568    program     static E:\3.46\pic18-lt\cxx-framework\src\traditional\math\packFP.asm
           jReturnPosInf0   0x002522    program     static E:\3.46\pic18-lt\cxx-framework\src\traditional\math\packFP.asm
                  jRotate   0x0024f4    program     static E:\3.46\pic18-lt\cxx-framework\src\traditional\math\compFP.asm
                   jShift   0x0024de    program     static E:\3.46\pic18-lt\cxx-framework\src\traditional\math\compFP.asm
               jShiftDone   0x002212    program     static E:\3.46\pic18-lt\cxx-framework\src\traditional\math\addFP.asm
               jShiftLoop   0x002204    program     static E:\3.46\pic18-lt\cxx-framework\src\traditional\math\addFP.asm
                jSignDone   0x002242    program     static E:\3.46\pic18-lt\cxx-framework\src\traditional\math\addFP.asm
              jSignedZero   0x002282    program     static E:\3.46\pic18-lt\cxx-framework\src\traditional\math\divFP.asm
                 jSignsEQ   0x00247e    program     static E:\3.46\pic18-lt\cxx-framework\src\traditional\math\compFP.asm
                  jUnpkA1   0x0025c0    program     static E:\3.46\pic18-lt\cxx-framework\src\traditional\math\UnpackFP.asm
                  jUnpkA2   0x0025d8    program     static E:\3.46\pic18-lt\cxx-framework\src\traditional\math\UnpackFP.asm
                 jUnpkANZ   0x0025ce    program     static E:\3.46\pic18-lt\cxx-framework\src\traditional\math\UnpackFP.asm
                  jUnpkB1   0x0025f0    program     static E:\3.46\pic18-lt\cxx-framework\src\traditional\math\UnpackFP.asm
                  jUnpkB2   0x002608    program     static E:\3.46\pic18-lt\cxx-framework\src\traditional\math\UnpackFP.asm
                 jUnpkBNZ   0x0025fe    program     static E:\3.46\pic18-lt\cxx-framework\src\traditional\math\UnpackFP.asm
                 jUnpkNaN   0x0025e2    program     static E:\3.46\pic18-lt\cxx-framework\src\traditional\math\UnpackFP.asm
                 jWNotNeg   0x0021fe    program     static E:\3.46\pic18-lt\cxx-framework\src\traditional\math\addFP.asm
                    jZero   0x002400    program     static E:\3.46\pic18-lt\cxx-framework\src\traditional\math\castFP16.asm
               jZero1and2   0x002526    program     static E:\3.46\pic18-lt\cxx-framework\src\traditional\math\packFP.asm
                     loop   0x002b7a    program     static E:\3.46\pic18-lt\cxx-framework\src\pmc_common\USART\_usartpc.asm
                     loop   0x002b5e    program     static                          
                     loop   0x0029ea    program     static                          
                   loop_h   0x002b3c    program     static E:\3.46\pic18-lt\cxx-framework\src\traditional\proc\p18f2455.asm
                   loop_l   0x002b46    program     static E:\3.46\pic18-lt\cxx-framework\src\traditional\proc\p18f2455.asm
       lowPriorityISRCode   0x0000f0    program     extern C:\Users\otagar119780\Dropbox\Oded\Smart Home\SmartHome-18f2455_Shutters_DHT22\main.c
                     main   0x00066a    program     extern C:\Users\otagar119780\Dropbox\Oded\Smart Home\SmartHome-18f2455_Shutters_DHT22\main.c
                moveToPos   0x00094e    program     extern C:\Users\otagar119780\Dropbox\Oded\Smart Home\SmartHome-18f2455_Shutters_DHT22\main.c
                     putc   0x0027b6    program     extern E:\3.46\pic18-lt\cxx-framework\src\traditional\stdclib\putc.c
                 s_digits   0x002b9c    program     static E:\3.46\pic18-lt\cxx-framework\src\traditional\stdclib\vfprintf.c
            s_put_n_chars   0x0014be    program     static E:\3.46\pic18-lt\cxx-framework\src\traditional\stdclib\vfprintf.c
          shutterCommands   0x00078a    program     extern C:\Users\otagar119780\Dropbox\Oded\Smart Home\SmartHome-18f2455_Shutters_DHT22\main.c
                  sprintf   0x00266c    program     extern E:\3.46\pic18-lt\cxx-framework\src\traditional\stdclib\sprintf.c
                   strlen   0x0028aa    program     extern E:\3.46\pic18-lt\cxx-framework\src\traditional\stdclib\strlen.asm
                strlenpgm   0x0028c6    program     extern E:\3.46\pic18-lt\cxx-framework\src\traditional\stdclib\slenpgm.asm
                     test   0x002732    program     static                          
                 vfprintf   0x0014ea    program     extern E:\3.46\pic18-lt\cxx-framework\src\traditional\stdclib\vfprintf.c
               zero_block   0x002b3c    program     static E:\3.46\pic18-lt\cxx-framework\src\traditional\proc\p18f2455.asm
                   ADCON0   0x000fc2       data     extern E:\3.46\pic18-lt\cxx-framework\src\traditional\proc\p18f2455.asm
               ADCON0bits   0x000fc2       data     extern E:\3.46\pic18-lt\cxx-framework\src\traditional\proc\p18f2455.asm
                   ADCON1   0x000fc1       data     extern E:\3.46\pic18-lt\cxx-framework\src\traditional\proc\p18f2455.asm
               ADCON1bits   0x000fc1       data     extern E:\3.46\pic18-lt\cxx-framework\src\traditional\proc\p18f2455.asm
                   ADCON2   0x000fc0       data     extern E:\3.46\pic18-lt\cxx-framework\src\traditional\proc\p18f2455.asm
               ADCON2bits   0x000fc0       data     extern E:\3.46\pic18-lt\cxx-framework\src\traditional\proc\p18f2455.asm
                    ADDRH   0x0001d9       data     extern C:\Users\otagar119780\Dropbox\Oded\Smart Home\SmartHome-18f2455_Shutters_DHT22\main.c
                    ADDRL   0x0001da       data     extern C:\Users\otagar119780\Dropbox\Oded\Smart Home\SmartHome-18f2455_Shutters_DHT22\main.c
                    ADRES   0x000fc3       data     extern E:\3.46\pic18-lt\cxx-framework\src\traditional\proc\p18f2455.asm
                   ADRESH   0x000fc4       data     extern E:\3.46\pic18-lt\cxx-framework\src\traditional\proc\p18f2455.asm
                   ADRESL   0x000fc3       data     extern E:\3.46\pic18-lt\cxx-framework\src\traditional\proc\p18f2455.asm
                  BAUDCON   0x000fb8       data     extern E:\3.46\pic18-lt\cxx-framework\src\traditional\proc\p18f2455.asm
              BAUDCONbits   0x000fb8       data     extern E:\3.46\pic18-lt\cxx-framework\src\traditional\proc\p18f2455.asm
                  BAUDCTL   0x000fb8       data     extern E:\3.46\pic18-lt\cxx-framework\src\traditional\proc\p18f2455.asm
              BAUDCTLbits   0x000fb8       data     extern E:\3.46\pic18-lt\cxx-framework\src\traditional\proc\p18f2455.asm
                      BSR   0x000fe0       data     extern E:\3.46\pic18-lt\cxx-framework\src\traditional\proc\p18f2455.asm
                   CCP1AS   0x000fb6       data     extern E:\3.46\pic18-lt\cxx-framework\src\traditional\proc\p18f2455.asm
               CCP1ASbits   0x000fb6       data     extern E:\3.46\pic18-lt\cxx-framework\src\traditional\proc\p18f2455.asm
                  CCP1CON   0x000fbd       data     extern E:\3.46\pic18-lt\cxx-framework\src\traditional\proc\p18f2455.asm
              CCP1CONbits   0x000fbd       data     extern E:\3.46\pic18-lt\cxx-framework\src\traditional\proc\p18f2455.asm
                  CCP1DEL   0x000fb7       data     extern E:\3.46\pic18-lt\cxx-framework\src\traditional\proc\p18f2455.asm
              CCP1DELbits   0x000fb7       data     extern E:\3.46\pic18-lt\cxx-framework\src\traditional\proc\p18f2455.asm
                  CCP2CON   0x000fba       data     extern E:\3.46\pic18-lt\cxx-framework\src\traditional\proc\p18f2455.asm
              CCP2CONbits   0x000fba       data     extern E:\3.46\pic18-lt\cxx-framework\src\traditional\proc\p18f2455.asm
                    CCPR1   0x000fbe       data     extern E:\3.46\pic18-lt\cxx-framework\src\traditional\proc\p18f2455.asm
                   CCPR1H   0x000fbf       data     extern E:\3.46\pic18-lt\cxx-framework\src\traditional\proc\p18f2455.asm
                   CCPR1L   0x000fbe       data     extern E:\3.46\pic18-lt\cxx-framework\src\traditional\proc\p18f2455.asm
                    CCPR2   0x000fbb       data     extern E:\3.46\pic18-lt\cxx-framework\src\traditional\proc\p18f2455.asm
                   CCPR2H   0x000fbc       data     extern E:\3.46\pic18-lt\cxx-framework\src\traditional\proc\p18f2455.asm
                   CCPR2L   0x000fbb       data     extern E:\3.46\pic18-lt\cxx-framework\src\traditional\proc\p18f2455.asm
                    CMCON   0x000fb4       data     extern E:\3.46\pic18-lt\cxx-framework\src\traditional\proc\p18f2455.asm
                CMCONbits   0x000fb4       data     extern E:\3.46\pic18-lt\cxx-framework\src\traditional\proc\p18f2455.asm
                   CVRCON   0x000fb5       data     extern E:\3.46\pic18-lt\cxx-framework\src\traditional\proc\p18f2455.asm
               CVRCONbits   0x000fb5       data     extern E:\3.46\pic18-lt\cxx-framework\src\traditional\proc\p18f2455.asm
                       Ch   0x0001cd       data     extern C:\Users\otagar119780\Dropbox\Oded\Smart Home\SmartHome-18f2455_Shutters_DHT22\main.c
                    Check   0x0001c8       data     extern C:\Users\otagar119780\Dropbox\Oded\Smart Home\SmartHome-18f2455_Shutters_DHT22\main.c
                     DDRA   0x000f92       data     extern E:\3.46\pic18-lt\cxx-framework\src\traditional\proc\p18f2455.asm
                 DDRAbits   0x000f92       data     extern E:\3.46\pic18-lt\cxx-framework\src\traditional\proc\p18f2455.asm
                     DDRB   0x000f93       data     extern E:\3.46\pic18-lt\cxx-framework\src\traditional\proc\p18f2455.asm
                 DDRBbits   0x000f93       data     extern E:\3.46\pic18-lt\cxx-framework\src\traditional\proc\p18f2455.asm
                     DDRC   0x000f94       data     extern E:\3.46\pic18-lt\cxx-framework\src\traditional\proc\p18f2455.asm
                 DDRCbits   0x000f94       data     extern E:\3.46\pic18-lt\cxx-framework\src\traditional\proc\p18f2455.asm
            DelayCounter1   0x00003c       data     extern E:\3.46\pic18-lt\cxx-framework\src\traditional\delays\delayd1.asm
            DelayCounter2   0x00003b       data     extern E:\3.46\pic18-lt\cxx-framework\src\traditional\delays\delayd2.asm
                  ECCP1AS   0x000fb6       data     extern E:\3.46\pic18-lt\cxx-framework\src\traditional\proc\p18f2455.asm
              ECCP1ASbits   0x000fb6       data     extern E:\3.46\pic18-lt\cxx-framework\src\traditional\proc\p18f2455.asm
                 ECCP1DEL   0x000fb7       data     extern E:\3.46\pic18-lt\cxx-framework\src\traditional\proc\p18f2455.asm
             ECCP1DELbits   0x000fb7       data     extern E:\3.46\pic18-lt\cxx-framework\src\traditional\proc\p18f2455.asm
                    EEADR   0x000fa9       data     extern E:\3.46\pic18-lt\cxx-framework\src\traditional\proc\p18f2455.asm
                   EECON1   0x000fa6       data     extern E:\3.46\pic18-lt\cxx-framework\src\traditional\proc\p18f2455.asm
               EECON1bits   0x000fa6       data     extern E:\3.46\pic18-lt\cxx-framework\src\traditional\proc\p18f2455.asm
                   EECON2   0x000fa7       data     extern E:\3.46\pic18-lt\cxx-framework\src\traditional\proc\p18f2455.asm
                   EEDATA   0x000fa8       data     extern E:\3.46\pic18-lt\cxx-framework\src\traditional\proc\p18f2455.asm
                     FSR0   0x000fe9       data     extern E:\3.46\pic18-lt\cxx-framework\src\traditional\proc\p18f2455.asm
                    FSR0H   0x000fea       data     extern E:\3.46\pic18-lt\cxx-framework\src\traditional\proc\p18f2455.asm
                    FSR0L   0x000fe9       data     extern E:\3.46\pic18-lt\cxx-framework\src\traditional\proc\p18f2455.asm
                     FSR1   0x000fe1       data     extern E:\3.46\pic18-lt\cxx-framework\src\traditional\proc\p18f2455.asm
                    FSR1H   0x000fe2       data     extern E:\3.46\pic18-lt\cxx-framework\src\traditional\proc\p18f2455.asm
                    FSR1L   0x000fe1       data     extern E:\3.46\pic18-lt\cxx-framework\src\traditional\proc\p18f2455.asm
                     FSR2   0x000fd9       data     extern E:\3.46\pic18-lt\cxx-framework\src\traditional\proc\p18f2455.asm
                    FSR2H   0x000fda       data     extern E:\3.46\pic18-lt\cxx-framework\src\traditional\proc\p18f2455.asm
                    FSR2L   0x000fd9       data     extern E:\3.46\pic18-lt\cxx-framework\src\traditional\proc\p18f2455.asm
                  HLVDCON   0x000fd2       data     extern E:\3.46\pic18-lt\cxx-framework\src\traditional\proc\p18f2455.asm
              HLVDCONbits   0x000fd2       data     extern E:\3.46\pic18-lt\cxx-framework\src\traditional\proc\p18f2455.asm
                    INDF0   0x000fef       data     extern E:\3.46\pic18-lt\cxx-framework\src\traditional\proc\p18f2455.asm
                    INDF1   0x000fe7       data     extern E:\3.46\pic18-lt\cxx-framework\src\traditional\proc\p18f2455.asm
                    INDF2   0x000fdf       data     extern E:\3.46\pic18-lt\cxx-framework\src\traditional\proc\p18f2455.asm
                   INTCON   0x000ff2       data     extern E:\3.46\pic18-lt\cxx-framework\src\traditional\proc\p18f2455.asm
                  INTCON2   0x000ff1       data     extern E:\3.46\pic18-lt\cxx-framework\src\traditional\proc\p18f2455.asm
              INTCON2bits   0x000ff1       data     extern E:\3.46\pic18-lt\cxx-framework\src\traditional\proc\p18f2455.asm
                  INTCON3   0x000ff0       data     extern E:\3.46\pic18-lt\cxx-framework\src\traditional\proc\p18f2455.asm
              INTCON3bits   0x000ff0       data     extern E:\3.46\pic18-lt\cxx-framework\src\traditional\proc\p18f2455.asm
               INTCONbits   0x000ff2       data     extern E:\3.46\pic18-lt\cxx-framework\src\traditional\proc\p18f2455.asm
                     IPR1   0x000f9f       data     extern E:\3.46\pic18-lt\cxx-framework\src\traditional\proc\p18f2455.asm
                 IPR1bits   0x000f9f       data     extern E:\3.46\pic18-lt\cxx-framework\src\traditional\proc\p18f2455.asm
                     IPR2   0x000fa2       data     extern E:\3.46\pic18-lt\cxx-framework\src\traditional\proc\p18f2455.asm
                 IPR2bits   0x000fa2       data     extern E:\3.46\pic18-lt\cxx-framework\src\traditional\proc\p18f2455.asm
                     LATA   0x000f89       data     extern E:\3.46\pic18-lt\cxx-framework\src\traditional\proc\p18f2455.asm
                 LATAbits   0x000f89       data     extern E:\3.46\pic18-lt\cxx-framework\src\traditional\proc\p18f2455.asm
                     LATB   0x000f8a       data     extern E:\3.46\pic18-lt\cxx-framework\src\traditional\proc\p18f2455.asm
                 LATBbits   0x000f8a       data     extern E:\3.46\pic18-lt\cxx-framework\src\traditional\proc\p18f2455.asm
                     LATC   0x000f8b       data     extern E:\3.46\pic18-lt\cxx-framework\src\traditional\proc\p18f2455.asm
                 LATCbits   0x000f8b       data     extern E:\3.46\pic18-lt\cxx-framework\src\traditional\proc\p18f2455.asm
                   LVDCON   0x000fd2       data     extern E:\3.46\pic18-lt\cxx-framework\src\traditional\proc\p18f2455.asm
               LVDCONbits   0x000fd2       data     extern E:\3.46\pic18-lt\cxx-framework\src\traditional\proc\p18f2455.asm
                   OSCCON   0x000fd3       data     extern E:\3.46\pic18-lt\cxx-framework\src\traditional\proc\p18f2455.asm
               OSCCONbits   0x000fd3       data     extern E:\3.46\pic18-lt\cxx-framework\src\traditional\proc\p18f2455.asm
                  OSCTUNE   0x000f9b       data     extern E:\3.46\pic18-lt\cxx-framework\src\traditional\proc\p18f2455.asm
              OSCTUNEbits   0x000f9b       data     extern E:\3.46\pic18-lt\cxx-framework\src\traditional\proc\p18f2455.asm
                       PC   0x000ff9       data     extern E:\3.46\pic18-lt\cxx-framework\src\traditional\proc\p18f2455.asm
                      PCL   0x000ff9       data     extern E:\3.46\pic18-lt\cxx-framework\src\traditional\proc\p18f2455.asm
                   PCLATH   0x000ffa       data     extern E:\3.46\pic18-lt\cxx-framework\src\traditional\proc\p18f2455.asm
                   PCLATU   0x000ffb       data     extern E:\3.46\pic18-lt\cxx-framework\src\traditional\proc\p18f2455.asm
                     PIE1   0x000f9d       data     extern E:\3.46\pic18-lt\cxx-framework\src\traditional\proc\p18f2455.asm
                 PIE1bits   0x000f9d       data     extern E:\3.46\pic18-lt\cxx-framework\src\traditional\proc\p18f2455.asm
                     PIE2   0x000fa0       data     extern E:\3.46\pic18-lt\cxx-framework\src\traditional\proc\p18f2455.asm
                 PIE2bits   0x000fa0       data     extern E:\3.46\pic18-lt\cxx-framework\src\traditional\proc\p18f2455.asm
                     PIR1   0x000f9e       data     extern E:\3.46\pic18-lt\cxx-framework\src\traditional\proc\p18f2455.asm
                 PIR1bits   0x000f9e       data     extern E:\3.46\pic18-lt\cxx-framework\src\traditional\proc\p18f2455.asm
                     PIR2   0x000fa1       data     extern E:\3.46\pic18-lt\cxx-framework\src\traditional\proc\p18f2455.asm
                 PIR2bits   0x000fa1       data     extern E:\3.46\pic18-lt\cxx-framework\src\traditional\proc\p18f2455.asm
                   PLUSW0   0x000feb       data     extern E:\3.46\pic18-lt\cxx-framework\src\traditional\proc\p18f2455.asm
                   PLUSW1   0x000fe3       data     extern E:\3.46\pic18-lt\cxx-framework\src\traditional\proc\p18f2455.asm
                   PLUSW2   0x000fdb       data     extern E:\3.46\pic18-lt\cxx-framework\src\traditional\proc\p18f2455.asm
                    PORTA   0x000f80       data     extern E:\3.46\pic18-lt\cxx-framework\src\traditional\proc\p18f2455.asm
                PORTAbits   0x000f80       data     extern E:\3.46\pic18-lt\cxx-framework\src\traditional\proc\p18f2455.asm
                    PORTB   0x000f81       data     extern E:\3.46\pic18-lt\cxx-framework\src\traditional\proc\p18f2455.asm
                PORTBbits   0x000f81       data     extern E:\3.46\pic18-lt\cxx-framework\src\traditional\proc\p18f2455.asm
                    PORTC   0x000f82       data     extern E:\3.46\pic18-lt\cxx-framework\src\traditional\proc\p18f2455.asm
                PORTCbits   0x000f82       data     extern E:\3.46\pic18-lt\cxx-framework\src\traditional\proc\p18f2455.asm
                    PORTE   0x000f84       data     extern E:\3.46\pic18-lt\cxx-framework\src\traditional\proc\p18f2455.asm
                PORTEbits   0x000f84       data     extern E:\3.46\pic18-lt\cxx-framework\src\traditional\proc\p18f2455.asm
                 POSTDEC0   0x000fed       data     extern E:\3.46\pic18-lt\cxx-framework\src\traditional\proc\p18f2455.asm
                 POSTDEC1   0x000fe5       data     extern E:\3.46\pic18-lt\cxx-framework\src\traditional\proc\p18f2455.asm
                 POSTDEC2   0x000fdd       data     extern E:\3.46\pic18-lt\cxx-framework\src\traditional\proc\p18f2455.asm
                 POSTINC0   0x000fee       data     extern E:\3.46\pic18-lt\cxx-framework\src\traditional\proc\p18f2455.asm
                 POSTINC1   0x000fe6       data     extern E:\3.46\pic18-lt\cxx-framework\src\traditional\proc\p18f2455.asm
                 POSTINC2   0x000fde       data     extern E:\3.46\pic18-lt\cxx-framework\src\traditional\proc\p18f2455.asm
                      PR2   0x000fcb       data     extern E:\3.46\pic18-lt\cxx-framework\src\traditional\proc\p18f2455.asm
                  PREINC0   0x000fec       data     extern E:\3.46\pic18-lt\cxx-framework\src\traditional\proc\p18f2455.asm
                  PREINC1   0x000fe4       data     extern E:\3.46\pic18-lt\cxx-framework\src\traditional\proc\p18f2455.asm
                  PREINC2   0x000fdc       data     extern E:\3.46\pic18-lt\cxx-framework\src\traditional\proc\p18f2455.asm
                     PROD   0x000ff3       data     extern E:\3.46\pic18-lt\cxx-framework\src\traditional\proc\p18f2455.asm
                    PRODH   0x000ff4       data     extern E:\3.46\pic18-lt\cxx-framework\src\traditional\proc\p18f2455.asm
                    PRODL   0x000ff3       data     extern E:\3.46\pic18-lt\cxx-framework\src\traditional\proc\p18f2455.asm
                     RCON   0x000fd0       data     extern E:\3.46\pic18-lt\cxx-framework\src\traditional\proc\p18f2455.asm
                 RCONbits   0x000fd0       data     extern E:\3.46\pic18-lt\cxx-framework\src\traditional\proc\p18f2455.asm
                    RCREG   0x000fae       data     extern E:\3.46\pic18-lt\cxx-framework\src\traditional\proc\p18f2455.asm
                    RCSTA   0x000fab       data     extern E:\3.46\pic18-lt\cxx-framework\src\traditional\proc\p18f2455.asm
                RCSTAbits   0x000fab       data     extern E:\3.46\pic18-lt\cxx-framework\src\traditional\proc\p18f2455.asm
                       RH   0x0001d3       data     extern C:\Users\otagar119780\Dropbox\Oded\Smart Home\SmartHome-18f2455_Shutters_DHT22\main.c
                   RHPrev   0x0001d5       data     extern C:\Users\otagar119780\Dropbox\Oded\Smart Home\SmartHome-18f2455_Shutters_DHT22\main.c
                 RH_byte1   0x0001cb       data     extern C:\Users\otagar119780\Dropbox\Oded\Smart Home\SmartHome-18f2455_Shutters_DHT22\main.c
                 RH_byte2   0x0001cc       data     extern C:\Users\otagar119780\Dropbox\Oded\Smart Home\SmartHome-18f2455_Shutters_DHT22\main.c
                 RxBuffer   0x000100       data     extern C:\Users\otagar119780\Dropbox\Oded\Smart Home\SmartHome-18f2455_Shutters_DHT22\main.c
                     SIGN   0x000023       data     extern E:\3.46\pic18-lt\cxx-framework\src\traditional\math\cmath18.asm
                    SPBRG   0x000faf       data     extern E:\3.46\pic18-lt\cxx-framework\src\traditional\proc\p18f2455.asm
                   SPBRGH   0x000fb0       data     extern E:\3.46\pic18-lt\cxx-framework\src\traditional\proc\p18f2455.asm
                   SSPADD   0x000fc8       data     extern E:\3.46\pic18-lt\cxx-framework\src\traditional\proc\p18f2455.asm
                   SSPBUF   0x000fc9       data     extern E:\3.46\pic18-lt\cxx-framework\src\traditional\proc\p18f2455.asm
                  SSPCON1   0x000fc6       data     extern E:\3.46\pic18-lt\cxx-framework\src\traditional\proc\p18f2455.asm
              SSPCON1bits   0x000fc6       data     extern E:\3.46\pic18-lt\cxx-framework\src\traditional\proc\p18f2455.asm
                  SSPCON2   0x000fc5       data     extern E:\3.46\pic18-lt\cxx-framework\src\traditional\proc\p18f2455.asm
              SSPCON2bits   0x000fc5       data     extern E:\3.46\pic18-lt\cxx-framework\src\traditional\proc\p18f2455.asm
                  SSPSTAT   0x000fc7       data     extern E:\3.46\pic18-lt\cxx-framework\src\traditional\proc\p18f2455.asm
              SSPSTATbits   0x000fc7       data     extern E:\3.46\pic18-lt\cxx-framework\src\traditional\proc\p18f2455.asm
                   STATUS   0x000fd8       data     extern E:\3.46\pic18-lt\cxx-framework\src\traditional\proc\p18f2455.asm
               STATUSbits   0x000fd8       data     extern E:\3.46\pic18-lt\cxx-framework\src\traditional\proc\p18f2455.asm
                   STKPTR   0x000ffc       data     extern E:\3.46\pic18-lt\cxx-framework\src\traditional\proc\p18f2455.asm
               STKPTRbits   0x000ffc       data     extern E:\3.46\pic18-lt\cxx-framework\src\traditional\proc\p18f2455.asm
                  SWcount   0x0001e1       data     extern C:\Users\otagar119780\Dropbox\Oded\Smart Home\SmartHome-18f2455_Shutters_DHT22\main.c
                      Sum   0x0001ce       data     extern C:\Users\otagar119780\Dropbox\Oded\Smart Home\SmartHome-18f2455_Shutters_DHT22\main.c
                    T0CON   0x000fd5       data     extern E:\3.46\pic18-lt\cxx-framework\src\traditional\proc\p18f2455.asm
                T0CONbits   0x000fd5       data     extern E:\3.46\pic18-lt\cxx-framework\src\traditional\proc\p18f2455.asm
                    T1CON   0x000fcd       data     extern E:\3.46\pic18-lt\cxx-framework\src\traditional\proc\p18f2455.asm
                T1CONbits   0x000fcd       data     extern E:\3.46\pic18-lt\cxx-framework\src\traditional\proc\p18f2455.asm
                    T2CON   0x000fca       data     extern E:\3.46\pic18-lt\cxx-framework\src\traditional\proc\p18f2455.asm
                T2CONbits   0x000fca       data     extern E:\3.46\pic18-lt\cxx-framework\src\traditional\proc\p18f2455.asm
                    T3CON   0x000fb1       data     extern E:\3.46\pic18-lt\cxx-framework\src\traditional\proc\p18f2455.asm
                T3CONbits   0x000fb1       data     extern E:\3.46\pic18-lt\cxx-framework\src\traditional\proc\p18f2455.asm
                   TABLAT   0x000ff5       data     extern E:\3.46\pic18-lt\cxx-framework\src\traditional\proc\p18f2455.asm
                   TBLPTR   0x000ff6       data     extern E:\3.46\pic18-lt\cxx-framework\src\traditional\proc\p18f2455.asm
                  TBLPTRH   0x000ff7       data     extern E:\3.46\pic18-lt\cxx-framework\src\traditional\proc\p18f2455.asm
                  TBLPTRL   0x000ff6       data     extern E:\3.46\pic18-lt\cxx-framework\src\traditional\proc\p18f2455.asm
                  TBLPTRU   0x000ff8       data     extern E:\3.46\pic18-lt\cxx-framework\src\traditional\proc\p18f2455.asm
                    TMR0H   0x000fd7       data     extern E:\3.46\pic18-lt\cxx-framework\src\traditional\proc\p18f2455.asm
                    TMR0L   0x000fd6       data     extern E:\3.46\pic18-lt\cxx-framework\src\traditional\proc\p18f2455.asm
                    TMR1H   0x000fcf       data     extern E:\3.46\pic18-lt\cxx-framework\src\traditional\proc\p18f2455.asm
                    TMR1L   0x000fce       data     extern E:\3.46\pic18-lt\cxx-framework\src\traditional\proc\p18f2455.asm
                     TMR2   0x000fcc       data     extern E:\3.46\pic18-lt\cxx-framework\src\traditional\proc\p18f2455.asm
                    TMR3H   0x000fb3       data     extern E:\3.46\pic18-lt\cxx-framework\src\traditional\proc\p18f2455.asm
                    TMR3L   0x000fb2       data     extern E:\3.46\pic18-lt\cxx-framework\src\traditional\proc\p18f2455.asm
                      TOS   0x000ffd       data     extern E:\3.46\pic18-lt\cxx-framework\src\traditional\proc\p18f2455.asm
                     TOSH   0x000ffe       data     extern E:\3.46\pic18-lt\cxx-framework\src\traditional\proc\p18f2455.asm
                     TOSL   0x000ffd       data     extern E:\3.46\pic18-lt\cxx-framework\src\traditional\proc\p18f2455.asm
                     TOSU   0x000fff       data     extern E:\3.46\pic18-lt\cxx-framework\src\traditional\proc\p18f2455.asm
                    TRISA   0x000f92       data     extern E:\3.46\pic18-lt\cxx-framework\src\traditional\proc\p18f2455.asm
                TRISAbits   0x000f92       data     extern E:\3.46\pic18-lt\cxx-framework\src\traditional\proc\p18f2455.asm
                    TRISB   0x000f93       data     extern E:\3.46\pic18-lt\cxx-framework\src\traditional\proc\p18f2455.asm
                TRISBbits   0x000f93       data     extern E:\3.46\pic18-lt\cxx-framework\src\traditional\proc\p18f2455.asm
                    TRISC   0x000f94       data     extern E:\3.46\pic18-lt\cxx-framework\src\traditional\proc\p18f2455.asm
                TRISCbits   0x000f94       data     extern E:\3.46\pic18-lt\cxx-framework\src\traditional\proc\p18f2455.asm
                    TXREG   0x000fad       data     extern E:\3.46\pic18-lt\cxx-framework\src\traditional\proc\p18f2455.asm
                    TXSTA   0x000fac       data     extern E:\3.46\pic18-lt\cxx-framework\src\traditional\proc\p18f2455.asm
                TXSTAbits   0x000fac       data     extern E:\3.46\pic18-lt\cxx-framework\src\traditional\proc\p18f2455.asm
                  T_byte1   0x0001c9       data     extern C:\Users\otagar119780\Dropbox\Oded\Smart Home\SmartHome-18f2455_Shutters_DHT22\main.c
                  T_byte2   0x0001ca       data     extern C:\Users\otagar119780\Dropbox\Oded\Smart Home\SmartHome-18f2455_Shutters_DHT22\main.c
                     Temp   0x0001cf       data     extern C:\Users\otagar119780\Dropbox\Oded\Smart Home\SmartHome-18f2455_Shutters_DHT22\main.c
                 TempPrev   0x0001d1       data     extern C:\Users\otagar119780\Dropbox\Oded\Smart Home\SmartHome-18f2455_Shutters_DHT22\main.c
                 TxBuffer   0x000164       data     extern C:\Users\otagar119780\Dropbox\Oded\Smart Home\SmartHome-18f2455_Shutters_DHT22\main.c
                    UADDR   0x000f6e       data     extern E:\3.46\pic18-lt\cxx-framework\src\traditional\proc\p18f2455.asm
                UADDRbits   0x000f6e       data     extern E:\3.46\pic18-lt\cxx-framework\src\traditional\proc\p18f2455.asm
                     UCFG   0x000f6f       data     extern E:\3.46\pic18-lt\cxx-framework\src\traditional\proc\p18f2455.asm
                 UCFGbits   0x000f6f       data     extern E:\3.46\pic18-lt\cxx-framework\src\traditional\proc\p18f2455.asm
                     UCON   0x000f6d       data     extern E:\3.46\pic18-lt\cxx-framework\src\traditional\proc\p18f2455.asm
                 UCONbits   0x000f6d       data     extern E:\3.46\pic18-lt\cxx-framework\src\traditional\proc\p18f2455.asm
                     UEIE   0x000f6b       data     extern E:\3.46\pic18-lt\cxx-framework\src\traditional\proc\p18f2455.asm
                 UEIEbits   0x000f6b       data     extern E:\3.46\pic18-lt\cxx-framework\src\traditional\proc\p18f2455.asm
                     UEIR   0x000f6a       data     extern E:\3.46\pic18-lt\cxx-framework\src\traditional\proc\p18f2455.asm
                 UEIRbits   0x000f6a       data     extern E:\3.46\pic18-lt\cxx-framework\src\traditional\proc\p18f2455.asm
                     UEP0   0x000f70       data     extern E:\3.46\pic18-lt\cxx-framework\src\traditional\proc\p18f2455.asm
                 UEP0bits   0x000f70       data     extern E:\3.46\pic18-lt\cxx-framework\src\traditional\proc\p18f2455.asm
                     UEP1   0x000f71       data     extern E:\3.46\pic18-lt\cxx-framework\src\traditional\proc\p18f2455.asm
                    UEP10   0x000f7a       data     extern E:\3.46\pic18-lt\cxx-framework\src\traditional\proc\p18f2455.asm
                UEP10bits   0x000f7a       data     extern E:\3.46\pic18-lt\cxx-framework\src\traditional\proc\p18f2455.asm
                    UEP11   0x000f7b       data     extern E:\3.46\pic18-lt\cxx-framework\src\traditional\proc\p18f2455.asm
                UEP11bits   0x000f7b       data     extern E:\3.46\pic18-lt\cxx-framework\src\traditional\proc\p18f2455.asm
                    UEP12   0x000f7c       data     extern E:\3.46\pic18-lt\cxx-framework\src\traditional\proc\p18f2455.asm
                UEP12bits   0x000f7c       data     extern E:\3.46\pic18-lt\cxx-framework\src\traditional\proc\p18f2455.asm
                    UEP13   0x000f7d       data     extern E:\3.46\pic18-lt\cxx-framework\src\traditional\proc\p18f2455.asm
                UEP13bits   0x000f7d       data     extern E:\3.46\pic18-lt\cxx-framework\src\traditional\proc\p18f2455.asm
                    UEP14   0x000f7e       data     extern E:\3.46\pic18-lt\cxx-framework\src\traditional\proc\p18f2455.asm
                UEP14bits   0x000f7e       data     extern E:\3.46\pic18-lt\cxx-framework\src\traditional\proc\p18f2455.asm
                    UEP15   0x000f7f       data     extern E:\3.46\pic18-lt\cxx-framework\src\traditional\proc\p18f2455.asm
                UEP15bits   0x000f7f       data     extern E:\3.46\pic18-lt\cxx-framework\src\traditional\proc\p18f2455.asm
                 UEP1bits   0x000f71       data     extern E:\3.46\pic18-lt\cxx-framework\src\traditional\proc\p18f2455.asm
                     UEP2   0x000f72       data     extern E:\3.46\pic18-lt\cxx-framework\src\traditional\proc\p18f2455.asm
                 UEP2bits   0x000f72       data     extern E:\3.46\pic18-lt\cxx-framework\src\traditional\proc\p18f2455.asm
                     UEP3   0x000f73       data     extern E:\3.46\pic18-lt\cxx-framework\src\traditional\proc\p18f2455.asm
                 UEP3bits   0x000f73       data     extern E:\3.46\pic18-lt\cxx-framework\src\traditional\proc\p18f2455.asm
                     UEP4   0x000f74       data     extern E:\3.46\pic18-lt\cxx-framework\src\traditional\proc\p18f2455.asm
                 UEP4bits   0x000f74       data     extern E:\3.46\pic18-lt\cxx-framework\src\traditional\proc\p18f2455.asm
                     UEP5   0x000f75       data     extern E:\3.46\pic18-lt\cxx-framework\src\traditional\proc\p18f2455.asm
                 UEP5bits   0x000f75       data     extern E:\3.46\pic18-lt\cxx-framework\src\traditional\proc\p18f2455.asm
                     UEP6   0x000f76       data     extern E:\3.46\pic18-lt\cxx-framework\src\traditional\proc\p18f2455.asm
                 UEP6bits   0x000f76       data     extern E:\3.46\pic18-lt\cxx-framework\src\traditional\proc\p18f2455.asm
                     UEP7   0x000f77       data     extern E:\3.46\pic18-lt\cxx-framework\src\traditional\proc\p18f2455.asm
                 UEP7bits   0x000f77       data     extern E:\3.46\pic18-lt\cxx-framework\src\traditional\proc\p18f2455.asm
                     UEP8   0x000f78       data     extern E:\3.46\pic18-lt\cxx-framework\src\traditional\proc\p18f2455.asm
                 UEP8bits   0x000f78       data     extern E:\3.46\pic18-lt\cxx-framework\src\traditional\proc\p18f2455.asm
                     UEP9   0x000f79       data     extern E:\3.46\pic18-lt\cxx-framework\src\traditional\proc\p18f2455.asm
                 UEP9bits   0x000f79       data     extern E:\3.46\pic18-lt\cxx-framework\src\traditional\proc\p18f2455.asm
                     UFRM   0x000f66       data     extern E:\3.46\pic18-lt\cxx-framework\src\traditional\proc\p18f2455.asm
                    UFRMH   0x000f67       data     extern E:\3.46\pic18-lt\cxx-framework\src\traditional\proc\p18f2455.asm
                UFRMHbits   0x000f67       data     extern E:\3.46\pic18-lt\cxx-framework\src\traditional\proc\p18f2455.asm
                    UFRML   0x000f66       data     extern E:\3.46\pic18-lt\cxx-framework\src\traditional\proc\p18f2455.asm
                UFRMLbits   0x000f66       data     extern E:\3.46\pic18-lt\cxx-framework\src\traditional\proc\p18f2455.asm
                      UIE   0x000f69       data     extern E:\3.46\pic18-lt\cxx-framework\src\traditional\proc\p18f2455.asm
                  UIEbits   0x000f69       data     extern E:\3.46\pic18-lt\cxx-framework\src\traditional\proc\p18f2455.asm
                      UIR   0x000f68       data     extern E:\3.46\pic18-lt\cxx-framework\src\traditional\proc\p18f2455.asm
                  UIRbits   0x000f68       data     extern E:\3.46\pic18-lt\cxx-framework\src\traditional\proc\p18f2455.asm
             USART_Status   0x0001f5       data     extern E:\3.46\pic18-lt\cxx-framework\src\pmc_common\USART\udefs.c
                    USTAT   0x000f6c       data     extern E:\3.46\pic18-lt\cxx-framework\src\traditional\proc\p18f2455.asm
                USTATbits   0x000f6c       data     extern E:\3.46\pic18-lt\cxx-framework\src\traditional\proc\p18f2455.asm
                   WDTCON   0x000fd1       data     extern E:\3.46\pic18-lt\cxx-framework\src\traditional\proc\p18f2455.asm
               WDTCONbits   0x000fd1       data     extern E:\3.46\pic18-lt\cxx-framework\src\traditional\proc\p18f2455.asm
                     WREG   0x000fe8       data     extern E:\3.46\pic18-lt\cxx-framework\src\traditional\proc\p18f2455.asm
                 __AARGB0   0x00001c       data     extern E:\3.46\pic18-lt\cxx-framework\src\traditional\math\aarg.asm
                 __AARGB1   0x00001b       data     extern E:\3.46\pic18-lt\cxx-framework\src\traditional\math\aarg.asm
                 __AARGB2   0x00001a       data     extern E:\3.46\pic18-lt\cxx-framework\src\traditional\math\aarg.asm
                 __AARGB3   0x000019       data     extern E:\3.46\pic18-lt\cxx-framework\src\traditional\math\aarg.asm
                 __AARGB4   0x000018       data     extern E:\3.46\pic18-lt\cxx-framework\src\traditional\math\aarg.asm
                 __AARGB5   0x000017       data     extern E:\3.46\pic18-lt\cxx-framework\src\traditional\math\aarg.asm
                 __AARGB6   0x000016       data     extern E:\3.46\pic18-lt\cxx-framework\src\traditional\math\aarg.asm
                 __AARGB7   0x000015       data     extern E:\3.46\pic18-lt\cxx-framework\src\traditional\math\aarg.asm
                   __AEXP   0x00001d       data     extern E:\3.46\pic18-lt\cxx-framework\src\traditional\math\aarg.asm
                 __BARGB0   0x000021       data     extern E:\3.46\pic18-lt\cxx-framework\src\traditional\math\barg.asm
                 __BARGB1   0x000020       data     extern E:\3.46\pic18-lt\cxx-framework\src\traditional\math\barg.asm
                 __BARGB2   0x00001f       data     extern E:\3.46\pic18-lt\cxx-framework\src\traditional\math\barg.asm
                 __BARGB3   0x00001e       data     extern E:\3.46\pic18-lt\cxx-framework\src\traditional\math\barg.asm
                   __BEXP   0x000022       data     extern E:\3.46\pic18-lt\cxx-framework\src\traditional\math\barg.asm
                __FPFLAGS   0x000024       data     extern E:\3.46\pic18-lt\cxx-framework\src\traditional\math\cmath18.asm
            __FPFLAGSbits   0x000024       data     extern E:\3.46\pic18-lt\cxx-framework\src\traditional\math\cmath18.asm
                  __REMB0   0x000018       data     extern E:\3.46\pic18-lt\cxx-framework\src\traditional\math\aarg.asm
                  __REMB1   0x000017       data     extern E:\3.46\pic18-lt\cxx-framework\src\traditional\math\aarg.asm
                  __REMB2   0x000016       data     extern E:\3.46\pic18-lt\cxx-framework\src\traditional\math\aarg.asm
                  __REMB3   0x000015       data     extern E:\3.46\pic18-lt\cxx-framework\src\traditional\math\aarg.asm
                   __TEMP   0x000028       data     extern E:\3.46\pic18-lt\cxx-framework\src\traditional\math\temparg.asm
                 __TEMPB0   0x000028       data     extern E:\3.46\pic18-lt\cxx-framework\src\traditional\math\temparg.asm
                 __TEMPB1   0x000027       data     extern E:\3.46\pic18-lt\cxx-framework\src\traditional\math\temparg.asm
                 __TEMPB2   0x000026       data     extern E:\3.46\pic18-lt\cxx-framework\src\traditional\math\temparg.asm
                 __TEMPB3   0x000025       data     extern E:\3.46\pic18-lt\cxx-framework\src\traditional\math\temparg.asm
                  __tmp_0   0x000000       data     static E:\3.46\pic18-lt\cxx-framework\src\traditional\stdclib\fabs.c
                  __tmp_0   0x000000       data     static E:\3.46\pic18-lt\cxx-framework\src\traditional\stdclib\sprintf.c
                  __tmp_0   0x000000       data     static E:\3.46\pic18-lt\cxx-framework\src\traditional\stdclib\vfprintf.c
                  __tmp_0   0x000000       data     static E:\3.46\pic18-lt\cxx-framework\src\traditional\stdclib\putc.c
                  __tmp_0   0x000000       data     static E:\3.46\pic18-lt\cxx-framework\src\pmc_common\EEP\write_B.c
                  __tmp_0   0x000000       data     static E:\3.46\pic18-lt\cxx-framework\src\pmc_common\EEP\read_B.c
                  __tmp_0   0x000000       data     static C:\Users\otagar119780\Dropbox\Oded\Smart Home\SmartHome-18f2455_Shutters_DHT22\main.c
                  __tmp_1   0x00003a       data     static C:\Users\otagar119780\Dropbox\Oded\Smart Home\SmartHome-18f2455_Shutters_DHT22\main.c
                  __tmp_2   0x000029       data     static C:\Users\otagar119780\Dropbox\Oded\Smart Home\SmartHome-18f2455_Shutters_DHT22\main.c
                curr_byte   0x0001ee       data     static E:\3.46\pic18-lt\cxx-framework\src\traditional\startup\c018i.c
               curr_entry   0x0001f0       data     static E:\3.46\pic18-lt\cxx-framework\src\traditional\startup\c018i.c
                 data_ptr   0x0001f2       data     static E:\3.46\pic18-lt\cxx-framework\src\traditional\startup\c018i.c
              deviceState   0x0001d7       data     extern C:\Users\otagar119780\Dropbox\Oded\Smart Home\SmartHome-18f2455_Shutters_DHT22\main.c
               downBuffer   0x0001e6       data     extern C:\Users\otagar119780\Dropbox\Oded\Smart Home\SmartHome-18f2455_Shutters_DHT22\main.c
                     prom   0x0001eb       data     static E:\3.46\pic18-lt\cxx-framework\src\traditional\startup\c018i.c
               receivePos   0x0001db       data     extern C:\Users\otagar119780\Dropbox\Oded\Smart Home\SmartHome-18f2455_Shutters_DHT22\main.c
           secondsCounter   0x0001e7       data     extern C:\Users\otagar119780\Dropbox\Oded\Smart Home\SmartHome-18f2455_Shutters_DHT22\main.c
                     time   0x0001dd       data     extern C:\Users\otagar119780\Dropbox\Oded\Smart Home\SmartHome-18f2455_Shutters_DHT22\main.c
                 upBuffer   0x0001e5       data     extern C:\Users\otagar119780\Dropbox\Oded\Smart Home\SmartHome-18f2455_Shutters_DHT22\main.c



                              Symbols - Sorted by Address
                     Name    Address   Location    Storage File                     
                ---------  ---------  ---------  --------- ---------                
                   _entry   0x000000    program     extern E:\3.46\pic18-lt\cxx-framework\src\traditional\startup\c018i.c
       ___return_lbl00000   0x000004    program     static                          
               _user_putc   0x000006    program     extern E:\3.46\pic18-lt\cxx-framework\src\traditional\stdclib\_user_putc.c
                 High_ISR   0x000008    program     extern C:\Users\otagar119780\Dropbox\Oded\Smart Home\SmartHome-18f2455_Shutters_DHT22\main.c
       ___return_lbl00000   0x00000c    program     static                          
                   __init   0x00000e    program     extern E:\3.46\pic18-lt\cxx-framework\src\traditional\stdclib\__init.c
                  Low_ISR   0x000018    program     extern C:\Users\otagar119780\Dropbox\Oded\Smart Home\SmartHome-18f2455_Shutters_DHT22\main.c
       ___return_lbl00001   0x00001c    program     static                          
      highPriorityISRCode   0x00002c    program     extern C:\Users\otagar119780\Dropbox\Oded\Smart Home\SmartHome-18f2455_Shutters_DHT22\main.c
       lowPriorityISRCode   0x0000f0    program     extern C:\Users\otagar119780\Dropbox\Oded\Smart Home\SmartHome-18f2455_Shutters_DHT22\main.c
                     main   0x00066a    program     extern C:\Users\otagar119780\Dropbox\Oded\Smart Home\SmartHome-18f2455_Shutters_DHT22\main.c
              __tmplbl_21   0x0006b4    program     static                          
              __tmplbl_20   0x0006b8    program     static                          
           ___if_lbl00024   0x0006da    program     static                          
           ___if_lbl00025   0x000704    program     static                          
           ___if_lbl00026   0x00072a    program     static                          
           ___if_lbl00027   0x000750    program     static                          
        ___while_lbl00028   0x000752    program     static                          
       ___return_lbl00023   0x000756    program     static                          
        ___while_lbl00029   0x000756    program     static                          
            handleMessage   0x000758    program     extern C:\Users\otagar119780\Dropbox\Oded\Smart Home\SmartHome-18f2455_Shutters_DHT22\main.c
          shutterCommands   0x00078a    program     extern C:\Users\otagar119780\Dropbox\Oded\Smart Home\SmartHome-18f2455_Shutters_DHT22\main.c
                moveToPos   0x00094e    program     extern C:\Users\otagar119780\Dropbox\Oded\Smart Home\SmartHome-18f2455_Shutters_DHT22\main.c
            initialisePic   0x000d92    program     static C:\Users\otagar119780\Dropbox\Oded\Smart Home\SmartHome-18f2455_Shutters_DHT22\main.c
                initUsart   0x000de8    program     extern C:\Users\otagar119780\Dropbox\Oded\Smart Home\SmartHome-18f2455_Shutters_DHT22\main.c
                 initXbee   0x000e04    program     extern C:\Users\otagar119780\Dropbox\Oded\Smart Home\SmartHome-18f2455_Shutters_DHT22\main.c
                delay1sec   0x000ee4    program     extern C:\Users\otagar119780\Dropbox\Oded\Smart Home\SmartHome-18f2455_Shutters_DHT22\main.c
             ReceiveUsart   0x000ef0    program     extern C:\Users\otagar119780\Dropbox\Oded\Smart Home\SmartHome-18f2455_Shutters_DHT22\main.c
            TransmitUsart   0x000f9a    program     extern C:\Users\otagar119780\Dropbox\Oded\Smart Home\SmartHome-18f2455_Shutters_DHT22\main.c
          TransmitUsartAT   0x001082    program     extern C:\Users\otagar119780\Dropbox\Oded\Smart Home\SmartHome-18f2455_Shutters_DHT22\main.c
         LimitDeviceState   0x001114    program     extern C:\Users\otagar119780\Dropbox\Oded\Smart Home\SmartHome-18f2455_Shutters_DHT22\main.c
              StartSignal   0x001136    program     extern C:\Users\otagar119780\Dropbox\Oded\Smart Home\SmartHome-18f2455_Shutters_DHT22\main.c
            CheckResponse   0x001154    program     extern C:\Users\otagar119780\Dropbox\Oded\Smart Home\SmartHome-18f2455_Shutters_DHT22\main.c
                 ReadData   0x001186    program     extern C:\Users\otagar119780\Dropbox\Oded\Smart Home\SmartHome-18f2455_Shutters_DHT22\main.c
                ReadDHT22   0x001228    program     extern C:\Users\otagar119780\Dropbox\Oded\Smart Home\SmartHome-18f2455_Shutters_DHT22\main.c
        TransmitUsartTemp   0x0013c6    program     extern C:\Users\otagar119780\Dropbox\Oded\Smart Home\SmartHome-18f2455_Shutters_DHT22\main.c
            s_put_n_chars   0x0014be    program     static E:\3.46\pic18-lt\cxx-framework\src\traditional\stdclib\vfprintf.c
[...]
                 LATCbits   0x000f8b       data     extern E:\3.46\pic18-lt\cxx-framework\src\traditional\proc\p18f2455.asm
                    TRISA   0x000f92       data     extern E:\3.46\pic18-lt\cxx-framework\src\traditional\proc\p18f2455.asm
                TRISAbits   0x000f92       data     extern E:\3.46\pic18-lt\cxx-framework\src\traditional\proc\p18f2455.asm
                     DDRA   0x000f92       data     extern E:\3.46\pic18-lt\cxx-framework\src\traditional\proc\p18f2455.asm
                 DDRAbits   0x000f92       data     extern E:\3.46\pic18-lt\cxx-framework\src\traditional\proc\p18f2455.asm
                    TRISB   0x000f93       data     extern E:\3.46\pic18-lt\cxx-framework\src\traditional\proc\p18f2455.asm
                TRISBbits   0x000f93       data     extern E:\3.46\pic18-lt\cxx-framework\src\traditional\proc\p18f2455.asm
                     DDRB   0x000f93       data     extern E:\3.46\pic18-lt\cxx-framework\src\traditional\proc\p18f2455.asm
                 DDRBbits   0x000f93       data     extern E:\3.46\pic18-lt\cxx-framework\src\traditional\proc\p18f2455.asm
                 DDRCbits   0x000f94       data     extern E:\3.46\pic18-lt\cxx-framework\src\traditional\proc\p18f2455.asm
                    TRISC   0x000f94       data     extern E:\3.46\pic18-lt\cxx-framework\src\traditional\proc\p18f2455.asm
                     DDRC   0x000f94       data     extern E:\3.46\pic18-lt\cxx-framework\src\traditional\proc\p18f2455.asm
                TRISCbits   0x000f94       data     extern E:\3.46\pic18-lt\cxx-framework\src\traditional\proc\p18f2455.asm
                  OSCTUNE   0x000f9b       data     extern E:\3.46\pic18-lt\cxx-framework\src\traditional\proc\p18f2455.asm
              OSCTUNEbits   0x000f9b       data     extern E:\3.46\pic18-lt\cxx-framework\src\traditional\proc\p18f2455.asm
                 PIE1bits   0x000f9d       data     extern E:\3.46\pic18-lt\cxx-framework\src\traditional\proc\p18f2455.asm
                     PIE1   0x000f9d       data     extern E:\3.46\pic18-lt\cxx-framework\src\traditional\proc\p18f2455.asm
                 PIR1bits   0x000f9e       data     extern E:\3.46\pic18-lt\cxx-framework\src\traditional\proc\p18f2455.asm
                     PIR1   0x000f9e       data     extern E:\3.46\pic18-lt\cxx-framework\src\traditional\proc\p18f2455.asm
                     IPR1   0x000f9f       data     extern E:\3.46\pic18-lt\cxx-framework\src\traditional\proc\p18f2455.asm
                 IPR1bits   0x000f9f       data     extern E:\3.46\pic18-lt\cxx-framework\src\traditional\proc\p18f2455.asm
                     PIE2   0x000fa0       data     extern E:\3.46\pic18-lt\cxx-framework\src\traditional\proc\p18f2455.asm
                 PIE2bits   0x000fa0       data     extern E:\3.46\pic18-lt\cxx-framework\src\traditional\proc\p18f2455.asm
                     PIR2   0x000fa1       data     extern E:\3.46\pic18-lt\cxx-framework\src\traditional\proc\p18f2455.asm
                 PIR2bits   0x000fa1       data     extern E:\3.46\pic18-lt\cxx-framework\src\traditional\proc\p18f2455.asm
                     IPR2   0x000fa2       data     extern E:\3.46\pic18-lt\cxx-framework\src\traditional\proc\p18f2455.asm
                 IPR2bits   0x000fa2       data     extern E:\3.46\pic18-lt\cxx-framework\src\traditional\proc\p18f2455.asm
                   EECON1   0x000fa6       data     extern E:\3.46\pic18-lt\cxx-framework\src\traditional\proc\p18f2455.asm
               EECON1bits   0x000fa6       data     extern E:\3.46\pic18-lt\cxx-framework\src\traditional\proc\p18f2455.asm
                   EECON2   0x000fa7       data     extern E:\3.46\pic18-lt\cxx-framework\src\traditional\proc\p18f2455.asm
                   EEDATA   0x000fa8       data     extern E:\3.46\pic18-lt\cxx-framework\src\traditional\proc\p18f2455.asm
                    EEADR   0x000fa9       data     extern E:\3.46\pic18-lt\cxx-framework\src\traditional\proc\p18f2455.asm
                RCSTAbits   0x000fab       data     extern E:\3.46\pic18-lt\cxx-framework\src\traditional\proc\p18f2455.asm
                    RCSTA   0x000fab       data     extern E:\3.46\pic18-lt\cxx-framework\src\traditional\proc\p18f2455.asm
                TXSTAbits   0x000fac       data     extern E:\3.46\pic18-lt\cxx-framework\src\traditional\proc\p18f2455.asm
                    TXSTA   0x000fac       data     extern E:\3.46\pic18-lt\cxx-framework\src\traditional\proc\p18f2455.asm
                    TXREG   0x000fad       data     extern E:\3.46\pic18-lt\cxx-framework\src\traditional\proc\p18f2455.asm
                    RCREG   0x000fae       data     extern E:\3.46\pic18-lt\cxx-framework\src\traditional\proc\p18f2455.asm
                    SPBRG   0x000faf       data     extern E:\3.46\pic18-lt\cxx-framework\src\traditional\proc\p18f2455.asm
                   SPBRGH   0x000fb0       data     extern E:\3.46\pic18-lt\cxx-framework\src\traditional\proc\p18f2455.asm
                T3CONbits   0x000fb1       data     extern E:\3.46\pic18-lt\cxx-framework\src\traditional\proc\p18f2455.asm
                    T3CON   0x000fb1       data     extern E:\3.46\pic18-lt\cxx-framework\src\traditional\proc\p18f2455.asm
                    TMR3L   0x000fb2       data     extern E:\3.46\pic18-lt\cxx-framework\src\traditional\proc\p18f2455.asm
                    TMR3H   0x000fb3       data     extern E:\3.46\pic18-lt\cxx-framework\src\traditional\proc\p18f2455.asm
                    CMCON   0x000fb4       data     extern E:\3.46\pic18-lt\cxx-framework\src\traditional\proc\p18f2455.asm
                CMCONbits   0x000fb4       data     extern E:\3.46\pic18-lt\cxx-framework\src\traditional\proc\p18f2455.asm
               CVRCONbits   0x000fb5       data     extern E:\3.46\pic18-lt\cxx-framework\src\traditional\proc\p18f2455.asm
                   CVRCON   0x000fb5       data     extern E:\3.46\pic18-lt\cxx-framework\src\traditional\proc\p18f2455.asm
                   CCP1AS   0x000fb6       data     extern E:\3.46\pic18-lt\cxx-framework\src\traditional\proc\p18f2455.asm
              ECCP1ASbits   0x000fb6       data     extern E:\3.46\pic18-lt\cxx-framework\src\traditional\proc\p18f2455.asm
                  ECCP1AS   0x000fb6       data     extern E:\3.46\pic18-lt\cxx-framework\src\traditional\proc\p18f2455.asm
               CCP1ASbits   0x000fb6       data     extern E:\3.46\pic18-lt\cxx-framework\src\traditional\proc\p18f2455.asm
             ECCP1DELbits   0x000fb7       data     extern E:\3.46\pic18-lt\cxx-framework\src\traditional\proc\p18f2455.asm
                 ECCP1DEL   0x000fb7       data     extern E:\3.46\pic18-lt\cxx-framework\src\traditional\proc\p18f2455.asm
                  CCP1DEL   0x000fb7       data     extern E:\3.46\pic18-lt\cxx-framework\src\traditional\proc\p18f2455.asm
              CCP1DELbits   0x000fb7       data     extern E:\3.46\pic18-lt\cxx-framework\src\traditional\proc\p18f2455.asm
              BAUDCTLbits   0x000fb8       data     extern E:\3.46\pic18-lt\cxx-framework\src\traditional\proc\p18f2455.asm
                  BAUDCTL   0x000fb8       data     extern E:\3.46\pic18-lt\cxx-framework\src\traditional\proc\p18f2455.asm
              BAUDCONbits   0x000fb8       data     extern E:\3.46\pic18-lt\cxx-framework\src\traditional\proc\p18f2455.asm
                  BAUDCON   0x000fb8       data     extern E:\3.46\pic18-lt\cxx-framework\src\traditional\proc\p18f2455.asm
                  CCP2CON   0x000fba       data     extern E:\3.46\pic18-lt\cxx-framework\src\traditional\proc\p18f2455.asm
              CCP2CONbits   0x000fba       data     extern E:\3.46\pic18-lt\cxx-framework\src\traditional\proc\p18f2455.asm
                    CCPR2   0x000fbb       data     extern E:\3.46\pic18-lt\cxx-framework\src\traditional\proc\p18f2455.asm
                   CCPR2L   0x000fbb       data     extern E:\3.46\pic18-lt\cxx-framework\src\traditional\proc\p18f2455.asm
                   CCPR2H   0x000fbc       data     extern E:\3.46\pic18-lt\cxx-framework\src\traditional\proc\p18f2455.asm
              CCP1CONbits   0x000fbd       data     extern E:\3.46\pic18-lt\cxx-framework\src\traditional\proc\p18f2455.asm
                  CCP1CON   0x000fbd       data     extern E:\3.46\pic18-lt\cxx-framework\src\traditional\proc\p18f2455.asm
                   CCPR1L   0x000fbe       data     extern E:\3.46\pic18-lt\cxx-framework\src\traditional\proc\p18f2455.asm
                    CCPR1   0x000fbe       data     extern E:\3.46\pic18-lt\cxx-framework\src\traditional\proc\p18f2455.asm
                   CCPR1H   0x000fbf       data     extern E:\3.46\pic18-lt\cxx-framework\src\traditional\proc\p18f2455.asm
                   ADCON2   0x000fc0       data     extern E:\3.46\pic18-lt\cxx-framework\src\traditional\proc\p18f2455.asm
               ADCON2bits   0x000fc0       data     extern E:\3.46\pic18-lt\cxx-framework\src\traditional\proc\p18f2455.asm
                   ADCON1   0x000fc1       data     extern E:\3.46\pic18-lt\cxx-framework\src\traditional\proc\p18f2455.asm
               ADCON1bits   0x000fc1       data     extern E:\3.46\pic18-lt\cxx-framework\src\traditional\proc\p18f2455.asm
                   ADCON0   0x000fc2       data     extern E:\3.46\pic18-lt\cxx-framework\src\traditional\proc\p18f2455.asm
               ADCON0bits   0x000fc2       data     extern E:\3.46\pic18-lt\cxx-framework\src\traditional\proc\p18f2455.asm
                    ADRES   0x000fc3       data     extern E:\3.46\pic18-lt\cxx-framework\src\traditional\proc\p18f2455.asm
                   ADRESL   0x000fc3       data     extern E:\3.46\pic18-lt\cxx-framework\src\traditional\proc\p18f2455.asm
                   ADRESH   0x000fc4       data     extern E:\3.46\pic18-lt\cxx-framework\src\traditional\proc\p18f2455.asm
                  SSPCON2   0x000fc5       data     extern E:\3.46\pic18-lt\cxx-framework\src\traditional\proc\p18f2455.asm
              SSPCON2bits   0x000fc5       data     extern E:\3.46\pic18-lt\cxx-framework\src\traditional\proc\p18f2455.asm
                  SSPCON1   0x000fc6       data     extern E:\3.46\pic18-lt\cxx-framework\src\traditional\proc\p18f2455.asm
              SSPCON1bits   0x000fc6       data     extern E:\3.46\pic18-lt\cxx-framework\src\traditional\proc\p18f2455.asm
                  SSPSTAT   0x000fc7       data     extern E:\3.46\pic18-lt\cxx-framework\src\traditional\proc\p18f2455.asm
              SSPSTATbits   0x000fc7       data     extern E:\3.46\pic18-lt\cxx-framework\src\traditional\proc\p18f2455.asm
                   SSPADD   0x000fc8       data     extern E:\3.46\pic18-lt\cxx-framework\src\traditional\proc\p18f2455.asm
                   SSPBUF   0x000fc9       data     extern E:\3.46\pic18-lt\cxx-framework\src\traditional\proc\p18f2455.asm
                T2CONbits   0x000fca       data     extern E:\3.46\pic18-lt\cxx-framework\src\traditional\proc\p18f2455.asm
                    T2CON   0x000fca       data     extern E:\3.46\pic18-lt\cxx-framework\src\traditional\proc\p18f2455.asm
                      PR2   0x000fcb       data     extern E:\3.46\pic18-lt\cxx-framework\src\traditional\proc\p18f2455.asm
                     TMR2   0x000fcc       data     extern E:\3.46\pic18-lt\cxx-framework\src\traditional\proc\p18f2455.asm
                T1CONbits   0x000fcd       data     extern E:\3.46\pic18-lt\cxx-framework\src\traditional\proc\p18f2455.asm
                    T1CON   0x000fcd       data     extern E:\3.46\pic18-lt\cxx-framework\src\traditional\proc\p18f2455.asm
                    TMR1L   0x000fce       data     extern E:\3.46\pic18-lt\cxx-framework\src\traditional\proc\p18f2455.asm
                    TMR1H   0x000fcf       data     extern E:\3.46\pic18-lt\cxx-framework\src\traditional\proc\p18f2455.asm
                     RCON   0x000fd0       data     extern E:\3.46\pic18-lt\cxx-framework\src\traditional\proc\p18f2455.asm
                 RCONbits   0x000fd0       data     extern E:\3.46\pic18-lt\cxx-framework\src\traditional\proc\p18f2455.asm
               WDTCONbits   0x000fd1       data     extern E:\3.46\pic18-lt\cxx-framework\src\traditional\proc\p18f2455.asm
                   WDTCON   0x000fd1       data     extern E:\3.46\pic18-lt\cxx-framework\src\traditional\proc\p18f2455.asm
               LVDCONbits   0x000fd2       data     extern E:\3.46\pic18-lt\cxx-framework\src\traditional\proc\p18f2455.asm
                   LVDCON   0x000fd2       data     extern E:\3.46\pic18-lt\cxx-framework\src\traditional\proc\p18f2455.asm
              HLVDCONbits   0x000fd2       data     extern E:\3.46\pic18-lt\cxx-framework\src\traditional\proc\p18f2455.asm
                  HLVDCON   0x000fd2       data     extern E:\3.46\pic18-lt\cxx-framework\src\traditional\proc\p18f2455.asm
               OSCCONbits   0x000fd3       data     extern E:\3.46\pic18-lt\cxx-framework\src\traditional\proc\p18f2455.asm
                   OSCCON   0x000fd3       data     extern E:\3.46\pic18-lt\cxx-framework\src\traditional\proc\p18f2455.asm
                T0CONbits   0x000fd5       data     extern E:\3.46\pic18-lt\cxx-framework\src\traditional\proc\p18f2455.asm
                    T0CON   0x000fd5       data     extern E:\3.46\pic18-lt\cxx-framework\src\traditional\proc\p18f2455.asm
                    TMR0L   0x000fd6       data     extern E:\3.46\pic18-lt\cxx-framework\src\traditional\proc\p18f2455.asm
                    TMR0H   0x000fd7       data     extern E:\3.46\pic18-lt\cxx-framework\src\traditional\proc\p18f2455.asm
               STATUSbits   0x000fd8       data     extern E:\3.46\pic18-lt\cxx-framework\src\traditional\proc\p18f2455.asm
                   STATUS   0x000fd8       data     extern E:\3.46\pic18-lt\cxx-framework\src\traditional\proc\p18f2455.asm
                    FSR2L   0x000fd9       data     extern E:\3.46\pic18-lt\cxx-framework\src\traditional\proc\p18f2455.asm
                     FSR2   0x000fd9       data     extern E:\3.46\pic18-lt\cxx-framework\src\traditional\proc\p18f2455.asm
                    FSR2H   0x000fda       data     extern E:\3.46\pic18-lt\cxx-framework\src\traditional\proc\p18f2455.asm
                   PLUSW2   0x000fdb       data     extern E:\3.46\pic18-lt\cxx-framework\src\traditional\proc\p18f2455.asm
                  PREINC2   0x000fdc       data     extern E:\3.46\pic18-lt\cxx-framework\src\traditional\proc\p18f2455.asm
                 POSTDEC2   0x000fdd       data     extern E:\3.46\pic18-lt\cxx-framework\src\traditional\proc\p18f2455.asm
                 POSTINC2   0x000fde       data     extern E:\3.46\pic18-lt\cxx-framework\src\traditional\proc\p18f2455.asm
                    INDF2   0x000fdf       data     extern E:\3.46\pic18-lt\cxx-framework\src\traditional\proc\p18f2455.asm
                      BSR   0x000fe0       data     extern E:\3.46\pic18-lt\cxx-framework\src\traditional\proc\p18f2455.asm
                    FSR1L   0x000fe1       data     extern E:\3.46\pic18-lt\cxx-framework\src\traditional\proc\p18f2455.asm
                     FSR1   0x000fe1       data     extern E:\3.46\pic18-lt\cxx-framework\src\traditional\proc\p18f2455.asm
                    FSR1H   0x000fe2       data     extern E:\3.46\pic18-lt\cxx-framework\src\traditional\proc\p18f2455.asm
                   PLUSW1   0x000fe3       data     extern E:\3.46\pic18-lt\cxx-framework\src\traditional\proc\p18f2455.asm
                  PREINC1   0x000fe4       data     extern E:\3.46\pic18-lt\cxx-framework\src\traditional\proc\p18f2455.asm
                 POSTDEC1   0x000fe5       data     extern E:\3.46\pic18-lt\cxx-framework\src\traditional\proc\p18f2455.asm
                 POSTINC1   0x000fe6       data     extern E:\3.46\pic18-lt\cxx-framework\src\traditional\proc\p18f2455.asm
                    INDF1   0x000fe7       data     extern E:\3.46\pic18-lt\cxx-framework\src\traditional\proc\p18f2455.asm
                     WREG   0x000fe8       data     extern E:\3.46\pic18-lt\cxx-framework\src\traditional\proc\p18f2455.asm
                     FSR0   0x000fe9       data     extern E:\3.46\pic18-lt\cxx-framework\src\traditional\proc\p18f2455.asm
                    FSR0L   0x000fe9       data     extern E:\3.46\pic18-lt\cxx-framework\src\traditional\proc\p18f2455.asm
                    FSR0H   0x000fea       data     extern E:\3.46\pic18-lt\cxx-framework\src\traditional\proc\p18f2455.asm
                   PLUSW0   0x000feb       data     extern E:\3.46\pic18-lt\cxx-framework\src\traditional\proc\p18f2455.asm
                  PREINC0   0x000fec       data     extern E:\3.46\pic18-lt\cxx-framework\src\traditional\proc\p18f2455.asm
                 POSTDEC0   0x000fed       data     extern E:\3.46\pic18-lt\cxx-framework\src\traditional\proc\p18f2455.asm
                 POSTINC0   0x000fee       data     extern E:\3.46\pic18-lt\cxx-framework\src\traditional\proc\p18f2455.asm
                    INDF0   0x000fef       data     extern E:\3.46\pic18-lt\cxx-framework\src\traditional\proc\p18f2455.asm
              INTCON3bits   0x000ff0       data     extern E:\3.46\pic18-lt\cxx-framework\src\traditional\proc\p18f2455.asm
                  INTCON3   0x000ff0       data     extern E:\3.46\pic18-lt\cxx-framework\src\traditional\proc\p18f2455.asm
              INTCON2bits   0x000ff1       data     extern E:\3.46\pic18-lt\cxx-framework\src\traditional\proc\p18f2455.asm
                  INTCON2   0x000ff1       data     extern E:\3.46\pic18-lt\cxx-framework\src\traditional\proc\p18f2455.asm
               INTCONbits   0x000ff2       data     extern E:\3.46\pic18-lt\cxx-framework\src\traditional\proc\p18f2455.asm
                   INTCON   0x000ff2       data     extern E:\3.46\pic18-lt\cxx-framework\src\traditional\proc\p18f2455.asm
                     PROD   0x000ff3       data     extern E:\3.46\pic18-lt\cxx-framework\src\traditional\proc\p18f2455.asm
                    PRODL   0x000ff3       data     extern E:\3.46\pic18-lt\cxx-framework\src\traditional\proc\p18f2455.asm
                    PRODH   0x000ff4       data     extern E:\3.46\pic18-lt\cxx-framework\src\traditional\proc\p18f2455.asm
                   TABLAT   0x000ff5       data     extern E:\3.46\pic18-lt\cxx-framework\src\traditional\proc\p18f2455.asm
                   TBLPTR   0x000ff6       data     extern E:\3.46\pic18-lt\cxx-framework\src\traditional\proc\p18f2455.asm
                  TBLPTRL   0x000ff6       data     extern E:\3.46\pic18-lt\cxx-framework\src\traditional\proc\p18f2455.asm
                  TBLPTRH   0x000ff7       data     extern E:\3.46\pic18-lt\cxx-framework\src\traditional\proc\p18f2455.asm
                  TBLPTRU   0x000ff8       data     extern E:\3.46\pic18-lt\cxx-framework\src\traditional\proc\p18f2455.asm
                      PCL   0x000ff9       data     extern E:\3.46\pic18-lt\cxx-framework\src\traditional\proc\p18f2455.asm
                       PC   0x000ff9       data     extern E:\3.46\pic18-lt\cxx-framework\src\traditional\proc\p18f2455.asm
                   PCLATH   0x000ffa       data     extern E:\3.46\pic18-lt\cxx-framework\src\traditional\proc\p18f2455.asm
                   PCLATU   0x000ffb       data     extern E:\3.46\pic18-lt\cxx-framework\src\traditional\proc\p18f2455.asm
                   STKPTR   0x000ffc       data     extern E:\3.46\pic18-lt\cxx-framework\src\traditional\proc\p18f2455.asm
               STKPTRbits   0x000ffc       data     extern E:\3.46\pic18-lt\cxx-framework\src\traditional\proc\p18f2455.asm
                      TOS   0x000ffd       data     extern E:\3.46\pic18-lt\cxx-framework\src\traditional\proc\p18f2455.asm
                     TOSL   0x000ffd       data     extern E:\3.46\pic18-lt\cxx-framework\src\traditional\proc\p18f2455.asm
                     TOSH   0x000ffe       data     extern E:\3.46\pic18-lt\cxx-framework\src\traditional\proc\p18f2455.asm
                     TOSU   0x000fff       data     extern E:\3.46\pic18-lt\cxx-framework\src\traditional\proc\p18f2455.asm


